Archive member included to satisfy reference by file (symbol)

../libssl_s.a(matrixssl.o)    certValidate.o (matrixSslOpenWithConfig)
../libssl_s.a(matrixsslKeys.o)
                              ../libssl_s.a(matrixssl.o) (psTestUserEc)
../libssl_s.a(matrixsslInitVer.o)
                              ../libssl_s.a(matrixssl.o) (initSupportedVersions)
../libssl_s.a(sslEncode.o)    ../libssl_s.a(matrixssl.o) (clearFlightList)
../libssl_s.a(tlsDefaults.o)  ../libssl_s.a(matrixssl.o) (getDefaultSigAlgs)
../libssl_s.a(tlsSigVer.o)    ../libssl_s.a(sslEncode.o) (tlsPrepareSkeSignature)
../libssl_s.a(tls13Encode.o)  ../libssl_s.a(sslEncode.o) (tls13GetPadLen)
../libssl_s.a(tls13EncodeExt.o)
                              ../libssl_s.a(tls13Encode.o) (tls13WriteSigAlgs)
../libssl_s.a(tls13KeyAgree.o)
                              ../libssl_s.a(tls13EncodeExt.o) (tls13ExportPublicValue)
../libssl_s.a(tls13KeySchedule.o)
                              ../libssl_s.a(tls13EncodeExt.o) (tls13DeriveEarlySecrets)
../libssl_s.a(tls13Psk.o)     ../libssl_s.a(matrixssl.o) (tls13LoadSessionPsks)
../libssl_s.a(tls13Resume.o)  ../libssl_s.a(tls13Encode.o) (tls13NewTicket)
../libssl_s.a(tls13SigVer.o)  ../libssl_s.a(tls13Encode.o) (tls13ChooseSigAlg)
../libssl_s.a(tls13TrHash.o)  ../libssl_s.a(tls13Encode.o) (tls13TranscriptHashUpdate)
../libssl_s.a(tls.o)          ../libssl_s.a(sslEncode.o) (tlsExtendedDeriveKeys)
../libssl_s.a(cipherSuite.o)  ../libssl_s.a(matrixssl.o) (sslGetCipherSpec)
../libssl_s.a(dtls.o)         ../libssl_s.a(matrixssl.o) (dtlsGenCookieSecret)
../libssl_s.a(hsHash.o)       ../libssl_s.a(sslEncode.o) (sslInitHSHash)
../libssl_s.a(hsNegotiateVersion.o)
                              ../libssl_s.a(matrixssl.o) (psEncodeVersionMin)
../libssl_s.a(matrixsslApi.o)
                              ../libssl_s.a(dtls.o) (matrixSslSentData)
../libssl_s.a(prf.o)          ../libssl_s.a(tls.o) (prf)
../libssl_s.a(psk.o)          ../libssl_s.a(sslEncode.o) (matrixPskGetHint)
../libssl_s.a(sslDecode.o)    ../libssl_s.a(matrixsslApi.o) (matrixSslDecode)
../libssl_s.a(tls13CipherSuite.o)
                              ../libssl_s.a(cipherSuite.o) (csAesGcmInitTls13)
../libssl_s.a(tls13Decode.o)  ../libssl_s.a(sslDecode.o) (matrixSslDecodeTls13)
../libssl_s.a(tls13DecodeExt.o)
                              ../libssl_s.a(tls13Decode.o) (tls13ExtensionAllowedInMessage)
../libssl_s.a(tls13Negotiate.o)
                              ../libssl_s.a(cipherSuite.o) (tls13TryNegotiateParams)
../libssl_s.a(hsDecode.o)     ../libssl_s.a(sslDecode.o) (parseClientHello)
../libssl_s.a(tlsSelectKeys.o)
                              ../libssl_s.a(tls13Decode.o) (matrixSslChooseClientKeys)
../libssl_s.a(tls13Authenticate.o)
                              ../libssl_s.a(tls13Decode.o) (tls13ValidateCertChain)
../libssl_s.a(extDecode.o)    ../libssl_s.a(hsDecode.o) (parseClientHelloExtensions)
../../crypto/libcrypt_s.a(alg_info.o)
                              ../libssl_s.a(tls13Encode.o) (psGetOutputBlockLength)
../../crypto/libcrypt_s.a(aes_aesni.o)
                              ../libssl_s.a(matrixssl.o) (psAesClearCBC)
../../crypto/libcrypt_s.a(sha1.o)
                              ../libssl_s.a(tlsSigVer.o) (psSha1Init)
../../crypto/libcrypt_s.a(sha256.o)
                              ../libssl_s.a(tlsSigVer.o) (psSha256Init)
../../crypto/libcrypt_s.a(sha512.o)
                              ../libssl_s.a(tlsSigVer.o) (psSha512Init)
../../crypto/libcrypt_s.a(md5sha1.o)
                              ../libssl_s.a(tlsSigVer.o) (psMd5Sha1Init)
../../crypto/libcrypt_s.a(md5.o)
                              ../../crypto/libcrypt_s.a(md5sha1.o) (psMd5Init)
../../crypto/libcrypt_s.a(hmac.o)
                              ../libssl_s.a(tls.o) (psHmacInit)
../../crypto/libcrypt_s.a(hkdf.o)
                              ../libssl_s.a(tls13KeySchedule.o) (psHkdfExtract)
../../crypto/libcrypt_s.a(base64.o)
                              certValidate.o (psBase64decode)
../../crypto/libcrypt_s.a(pem_decode_mem.o)
                              ../libssl_s.a(matrixsslKeys.o) (psPemTryDecode)
../../crypto/libcrypt_s.a(pkcs.o)
                              ../libssl_s.a(matrixsslKeys.o) (psPkcs12ParseMem)
../../crypto/libcrypt_s.a(x509.o)
                              certValidate.o (psX509ValidateGeneralName)
../../crypto/libcrypt_s.a(matrix.o)
                              ../libssl_s.a(matrixssl.o) (psCryptoOpen)
../../crypto/libcrypt_s.a(pstm.o)
                              ../../crypto/libcrypt_s.a(pkcs.o) (pstm_clear)
../../crypto/libcrypt_s.a(pstmnt.o)
                              ../../crypto/libcrypt_s.a(pstm.o) (pstmnt_neg_small_inv)
../../crypto/libcrypt_s.a(pstm_mul_comba.o)
                              ../../crypto/libcrypt_s.a(pstm.o) (pstm_mul_comba)
../../crypto/libcrypt_s.a(pstm_sqr_comba.o)
                              ../../crypto/libcrypt_s.a(pstmnt.o) (pstm_sqr_comba)
../../crypto/libcrypt_s.a(prng.o)
[...]
Memory Configuration

Name             Origin             Length             Attributes
*default*        0x0000000000000000 0xffffffffffffffff

Linker script and memory map

LOAD /usr/lib/gcc/x86_64-linux-gnu/11/../../../x86_64-linux-gnu/Scrt1.o
LOAD /usr/lib/gcc/x86_64-linux-gnu/11/../../../x86_64-linux-gnu/crti.o
LOAD /usr/lib/gcc/x86_64-linux-gnu/11/crtbeginS.o
LOAD certValidate.o
LOAD ../libssl_s.a
LOAD ../../crypto/libcrypt_s.a
LOAD ../../core/libcore_s.a
LOAD /usr/lib/gcc/x86_64-linux-gnu/11/../../../x86_64-linux-gnu/libpthread.so
LOAD /usr/lib/gcc/x86_64-linux-gnu/11/libgcc.a
LOAD /usr/lib/gcc/x86_64-linux-gnu/11/libgcc_s.so
START GROUP
LOAD /usr/lib/gcc/x86_64-linux-gnu/11/../../../x86_64-linux-gnu/libgcc_s.so.1
LOAD /usr/lib/gcc/x86_64-linux-gnu/11/libgcc.a
END GROUP
LOAD /usr/lib/gcc/x86_64-linux-gnu/11/../../../x86_64-linux-gnu/libc.so
START GROUP
LOAD /lib/x86_64-linux-gnu/libc.so.6
LOAD /usr/lib/x86_64-linux-gnu/libc_nonshared.a
LOAD /lib/x86_64-linux-gnu/ld-linux-x86-64.so.2
END GROUP
LOAD /usr/lib/gcc/x86_64-linux-gnu/11/libgcc.a
LOAD /usr/lib/gcc/x86_64-linux-gnu/11/libgcc_s.so
START GROUP
LOAD /usr/lib/gcc/x86_64-linux-gnu/11/../../../x86_64-linux-gnu/libgcc_s.so.1
LOAD /usr/lib/gcc/x86_64-linux-gnu/11/libgcc.a
END GROUP
LOAD /usr/lib/gcc/x86_64-linux-gnu/11/crtendS.o
LOAD /usr/lib/gcc/x86_64-linux-gnu/11/../../../x86_64-linux-gnu/crtn.o
                [!provide]                        PROVIDE (__executable_start = SEGMENT_START ("text-segment", 0x0))
                0x0000000000000318                . = (SEGMENT_START ("text-segment", 0x0) + SIZEOF_HEADERS)

.interp         0x0000000000000318       0x1c
 *(.interp)
 .interp        0x0000000000000318       0x1c /usr/lib/gcc/x86_64-linux-gnu/11/../../../x86_64-linux-gnu/Scrt1.o

.note.gnu.property
                0x0000000000000338       0x20
 .note.gnu.property
                0x0000000000000338       0x20 /usr/lib/gcc/x86_64-linux-gnu/11/../../../x86_64-linux-gnu/Scrt1.o

.note.gnu.build-id
                0x0000000000000358       0x24
 *(.note.gnu.build-id)
 .note.gnu.build-id
                0x0000000000000358       0x24 /usr/lib/gcc/x86_64-linux-gnu/11/../../../x86_64-linux-gnu/Scrt1.o

.note.ABI-tag   0x000000000000037c       0x20
 .note.ABI-tag  0x000000000000037c       0x20 /usr/lib/gcc/x86_64-linux-gnu/11/../../../x86_64-linux-gnu/Scrt1.o

.hash
 *(.hash)

.gnu.hash       0x00000000000003a0       0x38
 *(.gnu.hash)
 .gnu.hash      0x00000000000003a0       0x38 /usr/lib/gcc/x86_64-linux-gnu/11/../../../x86_64-linux-gnu/Scrt1.o

.dynsym         0x00000000000003d8      0x5e8
 *(.dynsym)
 .dynsym        0x00000000000003d8      0x5e8 /usr/lib/gcc/x86_64-linux-gnu/11/../../../x86_64-linux-gnu/Scrt1.o

.dynstr         0x00000000000009c0      0x2f6
 *(.dynstr)
 .dynstr        0x00000000000009c0      0x2f6 /usr/lib/gcc/x86_64-linux-gnu/11/../../../x86_64-linux-gnu/Scrt1.o

.gnu.version    0x0000000000000cb6       0x7e
 *(.gnu.version)
 .gnu.version   0x0000000000000cb6       0x7e /usr/lib/gcc/x86_64-linux-gnu/11/../../../x86_64-linux-gnu/Scrt1.o

.gnu.version_d  0x0000000000000d38        0x0
 *(.gnu.version_d)
 .gnu.version_d
                0x0000000000000d38        0x0 /usr/lib/gcc/x86_64-linux-gnu/11/../../../x86_64-linux-gnu/Scrt1.o

.gnu.version_r  0x0000000000000d38       0x90
 *(.gnu.version_r)
 .gnu.version_r
                0x0000000000000d38       0x90 /usr/lib/gcc/x86_64-linux-gnu/11/../../../x86_64-linux-gnu/Scrt1.o

.rela.dyn       0x0000000000000dc8      0x6a8
 *(.rela.init)
 *(.rela.text .rela.text.* .rela.gnu.linkonce.t.*)
 .rela.text.process_sonar
                0x0000000000000dc8        0x0 /usr/lib/gcc/x86_64-linux-gnu/11/../../../x86_64-linux-gnu/Scrt1.o
 .rela.text.startup.main
                0x0000000000000dc8        0x0 /usr/lib/gcc/x86_64-linux-gnu/11/../../../x86_64-linux-gnu/Scrt1.o
 .rela.text     0x0000000000000dc8        0x0 /usr/lib/gcc/x86_64-linux-gnu/11/../../../x86_64-linux-gnu/Scrt1.o
 *(.rela.fini)
 *(.rela.rodata .rela.rodata.* .rela.gnu.linkonce.r.*)
 *(.rela.data .rela.data.* .rela.gnu.linkonce.d.*)
 .rela.data.rel.ro
                0x0000000000000dc8        0x0 /usr/lib/gcc/x86_64-linux-gnu/11/../../../x86_64-linux-gnu/Scrt1.o
 .rela.data.rel.local
                0x0000000000000dc8       0x18 /usr/lib/gcc/x86_64-linux-gnu/11/../../../x86_64-linux-gnu/Scrt1.o
 .rela.data.rel.ro.local.eccCurves
                0x0000000000000de0      0x348 /usr/lib/gcc/x86_64-linux-gnu/11/../../../x86_64-linux-gnu/Scrt1.o
 .rela.data.rel.implementation
                0x0000000000001128       0x30 /usr/lib/gcc/x86_64-linux-gnu/11/../../../x86_64-linux-gnu/Scrt1.o
 .rela.data.rel.local.psCrypto_onetimeauth_poly1305_sse2_implementation
                0x0000000000001158       0x78 /usr/lib/gcc/x86_64-linux-gnu/11/../../../x86_64-linux-gnu/Scrt1.o
 .rela.data.rel.local.psCrypto_onetimeauth_poly1305_donna_implementation
                0x00000000000011d0       0x78 /usr/lib/gcc/x86_64-linux-gnu/11/../../../x86_64-linux-gnu/Scrt1.o
 .rela.data.rel.local.psCrypto_stream_chacha20_dolbeau_ssse3_implementation
                0x0000000000001248       0x60 /usr/lib/gcc/x86_64-linux-gnu/11/../../../x86_64-linux-gnu/Scrt1.o
 .rela.data.rel.local.psCrypto_stream_chacha20_ref_implementation
                0x00000000000012a8       0x60 /usr/lib/gcc/x86_64-linux-gnu/11/../../../x86_64-linux-gnu/Scrt1.o
 .rela.data.rel.ro.psStaticAllocationsPool
                0x0000000000001308       0x18 /usr/lib/gcc/x86_64-linux-gnu/11/../../../x86_64-linux-gnu/Scrt1.o
 *(.rela.tdata .rela.tdata.* .rela.gnu.linkonce.td.*)
 *(.rela.tbss .rela.tbss.* .rela.gnu.linkonce.tb.*)
 *(.rela.ctors)
 *(.rela.dtors)
 *(.rela.got)
 .rela.got      0x0000000000001320       0xc0 /usr/lib/gcc/x86_64-linux-gnu/11/../../../x86_64-linux-gnu/Scrt1.o
 *(.rela.bss .rela.bss.* .rela.gnu.linkonce.b.*)
 .rela.bss      0x00000000000013e0       0x60 /usr/lib/gcc/x86_64-linux-gnu/11/../../../x86_64-linux-gnu/Scrt1.o
 *(.rela.ldata .rela.ldata.* .rela.gnu.linkonce.l.*)
 *(.rela.lbss .rela.lbss.* .rela.gnu.linkonce.lb.*)
 *(.rela.lrodata .rela.lrodata.* .rela.gnu.linkonce.lr.*)
 *(.rela.ifunc)
 .rela.ifunc    0x0000000000001440        0x0 /usr/lib/gcc/x86_64-linux-gnu/11/../../../x86_64-linux-gnu/Scrt1.o
 .rela.fini_array
                0x0000000000001440       0x18 /usr/lib/gcc/x86_64-linux-gnu/11/../../../x86_64-linux-gnu/Scrt1.o
 .rela.init_array
                0x0000000000001458       0x18 /usr/lib/gcc/x86_64-linux-gnu/11/../../../x86_64-linux-gnu/Scrt1.o

.rela.plt       0x0000000000001470      0x4f8
 *(.rela.plt)
 .rela.plt      0x0000000000001470      0x4f8 /usr/lib/gcc/x86_64-linux-gnu/11/../../../x86_64-linux-gnu/Scrt1.o
 *(.rela.iplt)
                0x0000000000002000                . = ALIGN (CONSTANT (MAXPAGESIZE))

.init           0x0000000000002000       0x1b
 *(SORT_NONE(.init))
 .init          0x0000000000002000       0x16 /usr/lib/gcc/x86_64-linux-gnu/11/../../../x86_64-linux-gnu/crti.o
                0x0000000000002000                _init
 .init          0x0000000000002016        0x5 /usr/lib/gcc/x86_64-linux-gnu/11/../../../x86_64-linux-gnu/crtn.o

.plt            0x0000000000002020      0x360
 *(.plt)
 .plt           0x0000000000002020      0x360 /usr/lib/gcc/x86_64-linux-gnu/11/../../../x86_64-linux-gnu/Scrt1.o
 *(.iplt)

.plt.got        0x0000000000002380       0x10
 *(.plt.got)
 .plt.got       0x0000000000002380       0x10 /usr/lib/gcc/x86_64-linux-gnu/11/../../../x86_64-linux-gnu/Scrt1.o
                0x0000000000002380                __cxa_finalize@@GLIBC_2.2.5

.plt.sec        0x0000000000002390      0x350
 *(.plt.sec)
 .plt.sec       0x0000000000002390      0x350 /usr/lib/gcc/x86_64-linux-gnu/11/../../../x86_64-linux-gnu/Scrt1.o
                0x0000000000002390                __ctype_toupper_loc@@GLIBC_2.3
                0x00000000000023a0                getenv@@GLIBC_2.2.5
                0x00000000000023b0                __snprintf_chk@@GLIBC_2.3.4
                0x00000000000023c0                free@@GLIBC_2.2.5
                0x00000000000023d0                strcasecmp@@GLIBC_2.2.5
                0x00000000000023e0                abort@@GLIBC_2.2.5
                0x00000000000023f0                __errno_location@@GLIBC_2.2.5
                0x0000000000002400                unlink@@GLIBC_2.2.5
                0x0000000000002410                strncmp@@GLIBC_2.2.5
                0x0000000000002420                puts@@GLIBC_2.2.5
                0x0000000000002430                fread@@GLIBC_2.2.5
                0x0000000000002440                fclose@@GLIBC_2.2.5
                0x0000000000002450                strlen@@GLIBC_2.2.5
                0x0000000000002460                pthread_mutexattr_destroy@@GLIBC_2.2.5
                0x0000000000002470                __stack_chk_fail@@GLIBC_2.4
                0x0000000000002480                strchr@@GLIBC_2.2.5
                0x0000000000002490                rewind@@GLIBC_2.2.5
                0x00000000000024a0                pthread_mutex_destroy@@GLIBC_2.2.5
                0x00000000000024b0                pthread_mutexattr_init@@GLIBC_2.2.5
                0x00000000000024c0                gmtime_r@@GLIBC_2.2.5
                0x00000000000024d0                __assert_fail@@GLIBC_2.2.5
                0x00000000000024e0                fputs@@GLIBC_2.2.5
                0x00000000000024f0                memset@@GLIBC_2.2.5
                0x0000000000002500                close@@GLIBC_2.2.5
                0x0000000000002510                read@@GLIBC_2.2.5
                0x0000000000002520                memcmp@@GLIBC_2.2.5
                0x0000000000002530                fgets@@GLIBC_2.2.5
                0x0000000000002540                calloc@@GLIBC_2.2.5
                0x0000000000002550                strcmp@@GLIBC_2.2.5
                0x0000000000002560                __memcpy_chk@@GLIBC_2.3.4
                0x0000000000002570                strtol@@GLIBC_2.2.5
                0x0000000000002580                memcpy@@GLIBC_2.14
                0x0000000000002590                time@@GLIBC_2.2.5
                0x00000000000025a0                fileno@@GLIBC_2.2.5
                0x00000000000025b0                pthread_mutex_unlock@@GLIBC_2.2.5
                0x00000000000025c0                malloc@@GLIBC_2.2.5
                0x00000000000025d0                __fxstat@@GLIBC_2.2.5
                0x00000000000025e0                realloc@@GLIBC_2.2.5
                0x00000000000025f0                __printf_chk@@GLIBC_2.3.4
                0x0000000000002600                setvbuf@@GLIBC_2.2.5
                0x0000000000002610                strftime@@GLIBC_2.2.5
                0x0000000000002620                memmove@@GLIBC_2.2.5
                0x0000000000002630                open@@GLIBC_2.2.5
                0x0000000000002640                fopen@@GLIBC_2.2.5
                0x0000000000002650                perror@@GLIBC_2.2.5
                0x0000000000002660                __posix_getopt@@GLIBC_2.10
                0x0000000000002670                fwrite@@GLIBC_2.2.5
                0x0000000000002680                __fprintf_chk@@GLIBC_2.3.4
                0x0000000000002690                pthread_mutexattr_setpshared@@GLIBC_2.2.5
                0x00000000000026a0                pthread_mutex_init@@GLIBC_2.2.5
                0x00000000000026b0                strstr@@GLIBC_2.2.5
                0x00000000000026c0                pthread_mutex_lock@@GLIBC_2.2.5
                0x00000000000026d0                __sprintf_chk@@GLIBC_2.3.4

.text           0x00000000000026e0    0x2f3a5
 *(.text.unlikely .text.*_unlikely .text.unlikely.*)
 .text.unlikely.getExplicitExtensions
                0x00000000000026e0        0x8 ../../crypto/libcrypt_s.a(x509.o)
 .text.unlikely.getAsnLength32
                0x00000000000026e8        0x6 ../../crypto/libcrypt_s.a(asn1.o)
 .text.unlikely.getAsnSequence32
                0x00000000000026ee        0xb ../../crypto/libcrypt_s.a(asn1.o)
 .text.unlikely.chacha20_encrypt_bytes.part.0
                0x00000000000026f9        0x5 ../../crypto/libcrypt_s.a(chacha20_dolbeau-ssse3.o)
 .text.unlikely.chacha20_encrypt_bytes.part.0
                0x00000000000026fe        0x5 ../../crypto/libcrypt_s.a(chacha20_ref.o)
 .text.unlikely.psLockMutex
                0x0000000000002703        0x5 ../../core/libcore_s.a(osdep.o)
 .text.unlikely.psUnlockMutex
                0x0000000000002708        0x5 ../../core/libcore_s.a(osdep.o)
 *(.text.exit .text.exit.*)
 *(.text.startup .text.startup.*)
 *fill*         0x000000000000270d        0x3 
 .text.startup.main
                0x0000000000002710      0x901 certValidate.o
                0x0000000000002710                main
 *(.text.hot .text.hot.*)
 *(SORT_BY_NAME(.text.sorted.*))
 *(.text .stub .text.* .gnu.linkonce.t.*)
 *fill*         0x0000000000003011        0xf 
 .text          0x0000000000003020       0x2f /usr/lib/gcc/x86_64-linux-gnu/11/../../../x86_64-linux-gnu/Scrt1.o
                0x0000000000003020                _start
 *fill*         0x000000000000304f        0x1 
 .text          0x0000000000003050       0xb9 /usr/lib/gcc/x86_64-linux-gnu/11/crtbeginS.o
 *fill*         0x0000000000003109        0x7 
 .text.write_summary
                0x0000000000003110      0x186 certValidate.o
 *fill*         0x0000000000003296        0xa 
 .text.flagstostr.part.0
                0x00000000000032a0       0xd4 certValidate.o
 *fill*         0x0000000000003374        0xc 
 .text.errtostr
                0x0000000000003380       0xe8 certValidate.o
 *fill*         0x0000000000003468        0x8 
 .text.process_sonar
                0x0000000000003470      0x6a6 certValidate.o
 *fill*         0x0000000000003b16        0xa 
 .text.matrixSslOpenWithConfig
                0x0000000000003b20      0x1dd ../libssl_s.a(matrixssl.o)
                0x0000000000003b20                matrixSslOpenWithConfig
 *fill*         0x0000000000003cfd        0x3 
 .text.matrixSslClose
                0x0000000000003d00       0x46 ../libssl_s.a(matrixssl.o)
                0x0000000000003d00                matrixSslClose
 *fill*         0x0000000000003d46        0xa 
 .text.matrixValidateCertsExt
                0x0000000000003d50      0x836 ../libssl_s.a(matrixssl.o)
                0x0000000000003d50                matrixValidateCertsExt
 *fill*         0x0000000000004586        0xa 
 .text.matrixValidateCerts
                0x0000000000004590       0x50 ../libssl_s.a(matrixssl.o)
                0x0000000000004590                matrixValidateCerts
 .text.dtlsGenCookieSecret
                0x00000000000045e0       0x4e ../libssl_s.a(dtls.o)
                0x00000000000045e0                dtlsGenCookieSecret
 *fill*         0x000000000000462e        0x2 
 .text.matrixDtlsSetPmtu
                0x0000000000004630       0x39 ../libssl_s.a(dtls.o)
                0x0000000000004630                matrixDtlsSetPmtu
 *fill*         0x0000000000004669        0x7 
 .text.psSigAlgToHashLen
                0x0000000000004670       0xf6 ../../crypto/libcrypt_s.a(alg_info.o)
                0x0000000000004670                psSigAlgToHashLen
 *fill*         0x0000000000004766        0xa 
 .text.psPssHashAlgToHashLen
                0x0000000000004770       0x1b ../../crypto/libcrypt_s.a(alg_info.o)
                0x0000000000004770                psPssHashAlgToHashLen
 *fill*         0x000000000000478b        0x5 
 .text.psIsValidHashLenSigAlgCombination
                0x0000000000004790       0x7b ../../crypto/libcrypt_s.a(alg_info.o)
                0x0000000000004790                psIsValidHashLenSigAlgCombination
 *fill*         0x000000000000480b        0x5 
 .text._sha1_compress
                0x0000000000004810     0x113b ../../crypto/libcrypt_s.a(sha1.o)
 *fill*         0x000000000000594b        0x5 
 .text.psSha1Init
                0x0000000000005950       0x25 ../../crypto/libcrypt_s.a(sha1.o)
                0x0000000000005950                psSha1Init
 *fill*         0x0000000000005975        0xb 
 .text.psSha1Update
                0x0000000000005980       0xb1 ../../crypto/libcrypt_s.a(sha1.o)
                0x0000000000005980                psSha1Update
 *fill*         0x0000000000005a31        0xf 
 .text.psSha1Final
                0x0000000000005a40      0x17b ../../crypto/libcrypt_s.a(sha1.o)
                0x0000000000005a40                psSha1Final
 *fill*         0x0000000000005bbb        0x5 
 .text._sha256_compress
                0x0000000000005bc0      0x4f1 ../../crypto/libcrypt_s.a(sha256.o)
 *fill*         0x00000000000060b1        0xf 
 .text.psSha256Init
                0x00000000000060c0       0x2d ../../crypto/libcrypt_s.a(sha256.o)
                0x00000000000060c0                psSha256Init
 *fill*         0x00000000000060ed        0x3 
 .text.psSha256Update
                0x00000000000060f0       0xd1 ../../crypto/libcrypt_s.a(sha256.o)
                0x00000000000060f0                psSha256Update
 *fill*         0x00000000000061c1        0xf 
 .text.psSha256Final
                0x00000000000061d0      0x1cb ../../crypto/libcrypt_s.a(sha256.o)
                0x00000000000061d0                psSha256Final
 *fill*         0x000000000000639b        0x5 
 .text._sha512_compress
                0x00000000000063a0      0xb90 ../../crypto/libcrypt_s.a(sha512.o)
 .text.psSha512Init
                0x0000000000006f30       0x42 ../../crypto/libcrypt_s.a(sha512.o)
                0x0000000000006f30                psSha512Init
 *fill*         0x0000000000006f72        0xe 
 .text.psSha512Update
                0x0000000000006f80      0x17d ../../crypto/libcrypt_s.a(sha512.o)
                0x0000000000006f80                psSha512Update
 *fill*         0x00000000000070fd        0x3 
 .text.psSha512Final
                0x0000000000007100      0x3f4 ../../crypto/libcrypt_s.a(sha512.o)
                0x0000000000007100                psSha512Final
 *fill*         0x00000000000074f4        0xc 
 .text.psSha384Init
                0x0000000000007500       0x42 ../../crypto/libcrypt_s.a(sha512.o)
                0x0000000000007500                psSha384Init
 *fill*         0x0000000000007542        0xe 
 .text.psSha384Update
                0x0000000000007550        0x9 ../../crypto/libcrypt_s.a(sha512.o)
                0x0000000000007550                psSha384Update
 *fill*         0x0000000000007559        0x7 
 .text.psSha384Final
                0x0000000000007560       0x64 ../../crypto/libcrypt_s.a(sha512.o)
                0x0000000000007560                psSha384Final
 *fill*         0x00000000000075c4        0xc 
 .text._md5_compress
                0x00000000000075d0      0x7d1 ../../crypto/libcrypt_s.a(md5.o)
 *fill*         0x0000000000007da1        0xf 
 .text.psMd5Init
                0x0000000000007db0       0x21 ../../crypto/libcrypt_s.a(md5.o)
                0x0000000000007db0                psMd5Init
 *fill*         0x0000000000007dd1        0xf 
 .text.psMd5Update
                0x0000000000007de0       0xb1 ../../crypto/libcrypt_s.a(md5.o)
                0x0000000000007de0                psMd5Update
 *fill*         0x0000000000007e91        0xf 
 .text.psMd5Final
                0x0000000000007ea0      0x13a ../../crypto/libcrypt_s.a(md5.o)
                0x0000000000007ea0                psMd5Final
 *fill*         0x0000000000007fda        0x6 
 .text.psBase64decode
                0x0000000000007fe0      0x157 ../../crypto/libcrypt_s.a(base64.o)
                0x0000000000007fe0                psBase64decode
 *fill*         0x0000000000008137        0x9 
 .text.psPemCertBufToList
                0x0000000000008140      0x2b6 ../../crypto/libcrypt_s.a(pem_decode_mem.o)
                0x0000000000008140                psPemCertBufToList
 *fill*         0x00000000000083f6        0xa 
 .text.pkcs_1_mgf1.constprop.0
                0x0000000000008400      0x3e4 ../../crypto/libcrypt_s.a(pkcs.o)
 *fill*         0x00000000000087e4        0xc 
 .text.pkcs1UnpadExt
                0x00000000000087f0      0x20e ../../crypto/libcrypt_s.a(pkcs.o)
                0x00000000000087f0                pkcs1UnpadExt
 *fill*         0x00000000000089fe        0x2 
 .text.psPkcs1PssDecode
                0x0000000000008a00      0x6b6 ../../crypto/libcrypt_s.a(pkcs.o)
                0x0000000000008a00                psPkcs1PssDecode
 *fill*         0x00000000000090b6        0xa 
 .text.getRsaPssParams
                0x00000000000090c0      0x359 ../../crypto/libcrypt_s.a(x509.o)
 *fill*         0x0000000000009419        0x7 
 .text.getImplicitBitString.constprop.0
                0x0000000000009420      0x16b ../../crypto/libcrypt_s.a(x509.o)
 *fill*         0x000000000000958b        0x5 
 .text.parseGeneralNames.constprop.0
                0x0000000000009590      0x600 ../../crypto/libcrypt_s.a(x509.o)
 .text.parsePolicyQualifierInfo.constprop.0
                0x0000000000009b90      0x471 ../../crypto/libcrypt_s.a(x509.o)
 *fill*         0x000000000000a001        0xf 
 .text.parsePolicyInformation.isra.0
                0x000000000000a010      0x2bd ../../crypto/libcrypt_s.a(x509.o)
 *fill*         0x000000000000a2cd        0x3 
 .text.psX509GetSignature
                0x000000000000a2d0      0x186 ../../crypto/libcrypt_s.a(x509.o)
                0x000000000000a2d0                psX509GetSignature
 *fill*         0x000000000000a456        0xa 
 .text.psX509ValidateGeneralName
                0x000000000000a460      0x147 ../../crypto/libcrypt_s.a(x509.o)
                0x000000000000a460                psX509ValidateGeneralName
 *fill*         0x000000000000a5a7        0x9 
 .text.getSerialNum
                0x000000000000a5b0      0x126 ../../crypto/libcrypt_s.a(x509.o)
                0x000000000000a5b0                getSerialNum
 *fill*         0x000000000000a6d6        0xa 
 .text.validateDateRange
                0x000000000000a6e0      0x22d ../../crypto/libcrypt_s.a(x509.o)
                0x000000000000a6e0                validateDateRange
 *fill*         0x000000000000a90d        0x3 
 .text.psX509GetDNAttributes
                0x000000000000a910      0x82a ../../crypto/libcrypt_s.a(x509.o)
                0x000000000000a910                psX509GetDNAttributes
 *fill*         0x000000000000b13a        0x6 
 .text.getExplicitExtensions
                0x000000000000b140     0x1d69 ../../crypto/libcrypt_s.a(x509.o)
                0x000000000000b140                getExplicitExtensions
 *fill*         0x000000000000cea9        0x7 
 .text.parse_single_cert
                0x000000000000ceb0     0x100f ../../crypto/libcrypt_s.a(x509.o)
 *fill*         0x000000000000debf        0x1 
 .text.psX509ParseCert
                0x000000000000dec0      0x2da ../../crypto/libcrypt_s.a(x509.o)
                0x000000000000dec0                psX509ParseCert
 *fill*         0x000000000000e19a        0x6 
 .text.psX509FreeDNStruct
                0x000000000000e1a0       0xb1 ../../crypto/libcrypt_s.a(x509.o)
                0x000000000000e1a0                psX509FreeDNStruct
 *fill*         0x000000000000e251        0xf 
 .text.x509FreeExtensions.part.0
                0x000000000000e260      0x2ac ../../crypto/libcrypt_s.a(x509.o)
 *fill*         0x000000000000e50c        0x4 
 .text.x509FreeExtensions
                0x000000000000e510       0x2a ../../crypto/libcrypt_s.a(x509.o)
                0x000000000000e510                x509FreeExtensions
 *fill*         0x000000000000e53a        0x6 
 .text.psX509FreeCert
                0x000000000000e540      0x1a1 ../../crypto/libcrypt_s.a(x509.o)
                0x000000000000e540                psX509FreeCert
 *fill*         0x000000000000e6e1        0xf 
 .text.psX509ParseCertData
                0x000000000000e6f0      0x1b8 ../../crypto/libcrypt_s.a(x509.o)
                0x000000000000e6f0                psX509ParseCertData
 *fill*         0x000000000000e8a8        0x8 
 .text.psX509ParseCertFile
                0x000000000000e8b0      0x174 ../../crypto/libcrypt_s.a(x509.o)
                0x000000000000e8b0                psX509ParseCertFile
 *fill*         0x000000000000ea24        0xc 
 .text.psX509AuthenticateCert
                0x000000000000ea30      0x49e ../../crypto/libcrypt_s.a(x509.o)
                0x000000000000ea30                psX509AuthenticateCert
 *fill*         0x000000000000eece        0x2 
 .text.psCryptoOpen
                0x000000000000eed0      0x13d ../../crypto/libcrypt_s.a(matrix.o)
                0x000000000000eed0                psCryptoOpen
 *fill*         0x000000000000f00d        0x3 
 .text.psCryptoClose
                0x000000000000f010       0x2e ../../crypto/libcrypt_s.a(matrix.o)
                0x000000000000f010                psCryptoClose
 *fill*         0x000000000000f03e        0x2 
 .text.s_pstm_add
                0x000000000000f040      0x294 ../../crypto/libcrypt_s.a(pstm.o)
 *fill*         0x000000000000f2d4        0xc 
 .text.pstm_init_size
                0x000000000000f2e0       0x83 ../../crypto/libcrypt_s.a(pstm.o)
                0x000000000000f2e0                pstm_init_size
 *fill*         0x000000000000f363        0xd 
 .text.pstm_init
                0x000000000000f370       0x46 ../../crypto/libcrypt_s.a(pstm.o)
                0x000000000000f370                pstm_init
 *fill*         0x000000000000f3b6        0xa 
 .text.pstm_grow
                0x000000000000f3c0       0x70 ../../crypto/libcrypt_s.a(pstm.o)
                0x000000000000f3c0                pstm_grow
 .text.pstm_copy
                0x000000000000f430      0x168 ../../crypto/libcrypt_s.a(pstm.o)
                0x000000000000f430                pstm_copy
 *fill*         0x000000000000f598        0x8 
 .text.pstm_clamp
                0x000000000000f5a0       0x45 ../../crypto/libcrypt_s.a(pstm.o)
                0x000000000000f5a0                pstm_clamp
 *fill*         0x000000000000f5e5        0xb 
 .text.pstm_clear
                0x000000000000f5f0       0x31 ../../crypto/libcrypt_s.a(pstm.o)
                0x000000000000f5f0                pstm_clear
 *fill*         0x000000000000f621        0xf 
 .text.pstm_clear_multi
                0x000000000000f630      0x199 ../../crypto/libcrypt_s.a(pstm.o)
                0x000000000000f630                pstm_clear_multi
 *fill*         0x000000000000f7c9        0x7 
 .text.pstm_cmp_mag
                0x000000000000f7d0       0x73 ../../crypto/libcrypt_s.a(pstm.o)
                0x000000000000f7d0                pstm_cmp_mag
 *fill*         0x000000000000f843        0xd 
 .text.pstm_cmp
                0x000000000000f850      0x103 ../../crypto/libcrypt_s.a(pstm.o)
                0x000000000000f850                pstm_cmp
 *fill*         0x000000000000f953        0xd 
 .text.pstm_cmp_d
                0x000000000000f960       0x3d ../../crypto/libcrypt_s.a(pstm.o)
                0x000000000000f960                pstm_cmp_d
 *fill*         0x000000000000f99d        0x3 
 .text.pstm_init_for_read_unsigned_bin
                0x000000000000f9a0       0x7f ../../crypto/libcrypt_s.a(pstm.o)
                0x000000000000f9a0                pstm_init_for_read_unsigned_bin
 *fill*         0x000000000000fa1f        0x1 
 .text.pstm_unsigned_bin_size
                0x000000000000fa20       0x41 ../../crypto/libcrypt_s.a(pstm.o)
                0x000000000000fa20                pstm_unsigned_bin_size
 *fill*         0x000000000000fa61        0xf 
 .text.pstm_set
                0x000000000000fa70       0x47 ../../crypto/libcrypt_s.a(pstm.o)
                0x000000000000fa70                pstm_set
 *fill*         0x000000000000fab7        0x9 
 .text.pstm_rshd
                0x000000000000fac0      0x101 ../../crypto/libcrypt_s.a(pstm.o)
                0x000000000000fac0                pstm_rshd
 *fill*         0x000000000000fbc1        0xf 
 .text.pstm_div_2d.part.0
                0x000000000000fbd0      0x25c ../../crypto/libcrypt_s.a(pstm.o)
 *fill*         0x000000000000fe2c        0x4 
 .text.pstm_lshd
                0x000000000000fe30      0x1a8 ../../crypto/libcrypt_s.a(pstm.o)
                0x000000000000fe30                pstm_lshd
 *fill*         0x000000000000ffd8        0x8 
 .text.pstm_mul_2d
                0x000000000000ffe0      0x1a3 ../../crypto/libcrypt_s.a(pstm.o)
 *fill*         0x0000000000010183        0xd 
 .text.pstm_read_unsigned_bin
                0x0000000000010190      0x299 ../../crypto/libcrypt_s.a(pstm.o)
                0x0000000000010190                pstm_read_unsigned_bin
 *fill*         0x0000000000010429        0x7 
 .text.pstm_read_asn
                0x0000000000010430      0x14f ../../crypto/libcrypt_s.a(pstm.o)
                0x0000000000010430                pstm_read_asn
 *fill*         0x000000000001057f        0x1 
 .text.pstm_mul_2
                0x0000000000010580      0x15e ../../crypto/libcrypt_s.a(pstm.o)
                0x0000000000010580                pstm_mul_2
 *fill*         0x00000000000106de        0x2 
 .text.pstm_sub_s
                0x00000000000106e0      0x260 ../../crypto/libcrypt_s.a(pstm.o)
                0x00000000000106e0                pstm_sub_s
 .text.pstm_sub
                0x0000000000010940       0xac ../../crypto/libcrypt_s.a(pstm.o)
                0x0000000000010940                pstm_sub
 *fill*         0x00000000000109ec        0x4 
 .text.pstm_montgomery_setup
                0x00000000000109f0       0x76 ../../crypto/libcrypt_s.a(pstm.o)
                0x00000000000109f0                pstm_montgomery_setup
 *fill*         0x0000000000010a66        0xa 
 .text.pstm_montgomery_calc_normalization
                0x0000000000010a70      0x246 ../../crypto/libcrypt_s.a(pstm.o)
                0x0000000000010a70                pstm_montgomery_calc_normalization
 *fill*         0x0000000000010cb6        0xa 
 .text.pstm_mul_d
                0x0000000000010cc0      0x1c2 ../../crypto/libcrypt_s.a(pstm.o)
                0x0000000000010cc0                pstm_mul_d
 *fill*         0x0000000000010e82        0xe 
 .text.pstm_read_radix
                0x0000000000010e90      0x241 ../../crypto/libcrypt_s.a(pstm.o)
                0x0000000000010e90                pstm_read_radix
 *fill*         0x00000000000110d1        0xf 
 .text.pstm_div_2
                0x00000000000110e0      0x167 ../../crypto/libcrypt_s.a(pstm.o)
                0x00000000000110e0                pstm_div_2
 *fill*         0x0000000000011247        0x9 
 .text.pstm_add
                0x0000000000011250       0xbc ../../crypto/libcrypt_s.a(pstm.o)
                0x0000000000011250                pstm_add
 *fill*         0x000000000001130c        0x4 
 .text.pstm_div
                0x0000000000011310      0x674 ../../crypto/libcrypt_s.a(pstm.o)
                0x0000000000011310                pstm_div
 *fill*         0x0000000000011984        0xc 
 .text.pstm_mod
                0x0000000000011990      0x140 ../../crypto/libcrypt_s.a(pstm.o)
                0x0000000000011990                pstm_mod
 .text.pstm_mulmod
                0x0000000000011ad0      0x136 ../../crypto/libcrypt_s.a(pstm.o)
                0x0000000000011ad0                pstm_mulmod
 *fill*         0x0000000000011c06        0xa 
 .text.pstm_exptmod
                0x0000000000011c10      0x42f ../../crypto/libcrypt_s.a(pstm.o)
                0x0000000000011c10                pstm_exptmod
 *fill*         0x000000000001203f        0x1 
 .text.pstm_to_unsigned_bin
                0x0000000000012040      0x169 ../../crypto/libcrypt_s.a(pstm.o)
                0x0000000000012040                pstm_to_unsigned_bin
 *fill*         0x00000000000121a9        0x7 
 .text.pstm_invmod
                0x00000000000121b0     0x108f ../../crypto/libcrypt_s.a(pstm.o)
                0x00000000000121b0                pstm_invmod
 *fill*         0x000000000001323f        0x1 
 .text.pstmnt_neg_small_inv
                0x0000000000013240       0x8f ../../crypto/libcrypt_s.a(pstmnt.o)
                0x0000000000013240                pstmnt_neg_small_inv
 *fill*         0x00000000000132cf        0x1 
 .text.pstmnt_add
                0x00000000000132d0       0xdd ../../crypto/libcrypt_s.a(pstmnt.o)
                0x00000000000132d0                pstmnt_add
 *fill*         0x00000000000133ad        0x3 
 .text.pstmnt_montgomery_reduce_d
                0x00000000000133b0      0x221 ../../crypto/libcrypt_s.a(pstmnt.o)
                0x00000000000133b0                pstmnt_montgomery_reduce_d
 *fill*         0x00000000000135d1        0xf 
 .text.pstmnt_cmp_sub_mod_carry
                0x00000000000135e0      0x11a ../../crypto/libcrypt_s.a(pstmnt.o)
                0x00000000000135e0                pstmnt_cmp_sub_mod_carry
 *fill*         0x00000000000136fa        0x6 
 .text.pstmnt_sub
                0x0000000000013700       0xd7 ../../crypto/libcrypt_s.a(pstmnt.o)
                0x0000000000013700                pstmnt_sub
 *fill*         0x00000000000137d7        0x9 
 .text.pstmnt_square_d
                0x00000000000137e0      0x37e ../../crypto/libcrypt_s.a(pstmnt.o)
                0x00000000000137e0                pstmnt_square_d
 *fill*         0x0000000000013b5e        0x2 
 .text.pstmnt_square.part.0
                0x0000000000013b60       0x7f ../../crypto/libcrypt_s.a(pstmnt.o)
 *fill*         0x0000000000013bdf        0x1 
 .text.pstmnt_mult_d
                0x0000000000013be0      0x19e ../../crypto/libcrypt_s.a(pstmnt.o)
                0x0000000000013be0                pstmnt_mult_d
 *fill*         0x0000000000013d7e        0x2 
 .text.pstmnt_mult
                0x0000000000013d80      0x3f5 ../../crypto/libcrypt_s.a(pstmnt.o)
                0x0000000000013d80                pstmnt_mult
 *fill*         0x0000000000014175        0xb 
 .text.pstmnt_square
                0x0000000000014180      0x147 ../../crypto/libcrypt_s.a(pstmnt.o)
                0x0000000000014180                pstmnt_square
 *fill*         0x00000000000142c7        0x9 
 .text.pstmnt_montgomery_reduce
                0x00000000000142d0      0x2b7 ../../crypto/libcrypt_s.a(pstmnt.o)
                0x00000000000142d0                pstmnt_montgomery_reduce
 *fill*         0x0000000000014587        0x9 
 .text.pstmnt_montgomery_input
                0x0000000000014590      0x372 ../../crypto/libcrypt_s.a(pstmnt.o)
                0x0000000000014590                pstmnt_montgomery_input
 *fill*         0x0000000000014902        0xe 
 .text.pstmnt_montgomery_output
                0x0000000000014910       0x5c ../../crypto/libcrypt_s.a(pstmnt.o)
                0x0000000000014910                pstmnt_montgomery_output
 *fill*         0x000000000001496c        0x4 
 .text.pstmnt_mod_exp_montgomery_skip
                0x0000000000014970      0x30f ../../crypto/libcrypt_s.a(pstmnt.o)
                0x0000000000014970                pstmnt_mod_exp_montgomery_skip
 *fill*         0x0000000000014c7f        0x1 
 .text.pstm_mul_comba32
                0x0000000000014c80     0x633a ../../crypto/libcrypt_s.a(pstm_mul_comba.o)
 *fill*         0x000000000001afba        0x6 
 .text.pstm_mul_comba
                0x000000000001afc0     0x1bad ../../crypto/libcrypt_s.a(pstm_mul_comba.o)
                0x000000000001afc0                pstm_mul_comba
 *fill*         0x000000000001cb6d        0x3 
 .text.pstm_sqr_comba32
                0x000000000001cb70     0x32b9 ../../crypto/libcrypt_s.a(pstm_sqr_comba.o)
 *fill*         0x000000000001fe29        0x7 
 .text.pstm_sqr_comba
                0x000000000001fe30     0x1356 ../../crypto/libcrypt_s.a(pstm_sqr_comba.o)
                0x000000000001fe30                pstm_sqr_comba
 *fill*         0x0000000000021186        0xa 
 .text.psOpenPrng
                0x0000000000021190       0x31 ../../crypto/libcrypt_s.a(prng.o)
                0x0000000000021190                psOpenPrng
 *fill*         0x00000000000211c1        0xf 
 .text.psClosePrng
                0x00000000000211d0       0x10 ../../crypto/libcrypt_s.a(prng.o)
                0x00000000000211d0                psClosePrng
 .text.psGetPrngLocked
                0x00000000000211e0       0x68 ../../crypto/libcrypt_s.a(prng.o)
                0x00000000000211e0                psGetPrngLocked
 *fill*         0x0000000000021248        0x8 
 .text.psDhClearKey
                0x0000000000021250       0x5a ../../crypto/libcrypt_s.a(dh.o)
                0x0000000000021250                psDhClearKey
 *fill*         0x00000000000212aa        0x6 
 .text.psEccInitKey
                0x00000000000212b0       0x51 ../../crypto/libcrypt_s.a(ecc.o)
                0x00000000000212b0                psEccInitKey
 *fill*         0x0000000000021301        0xf 
 .text.psEccClearKey
                0x0000000000021310       0x82 ../../crypto/libcrypt_s.a(ecc.o)
                0x0000000000021310                psEccClearKey
 *fill*         0x0000000000021392        0xe 
 .text.psEccSize
                0x00000000000213a0       0x1a ../../crypto/libcrypt_s.a(ecc_curve.o)
                0x00000000000213a0                psEccSize
 *fill*         0x00000000000213ba        0x6 
 .text.getEccParamByOid
                0x00000000000213c0       0x56 ../../crypto/libcrypt_s.a(ecc_curve.o)
                0x00000000000213c0                getEccParamByOid
 *fill*         0x0000000000021416        0xa 
 .text.psEccDsaVerify
                0x0000000000021420      0x6c7 ../../crypto/libcrypt_s.a(ecc_pub.o)
                0x0000000000021420                psEccDsaVerify
 *fill*         0x0000000000021ae7        0x9 
 .text.getEcPubKey
                0x0000000000021af0      0x1cb ../../crypto/libcrypt_s.a(ecc_parse_mem.o)
                0x0000000000021af0                getEcPubKey
 *fill*         0x0000000000021cbb        0x5 
 .text.psEd25519ParsePubKey
                0x0000000000021cc0      0x15c ../../crypto/libcrypt_s.a(ecc_parse_mem.o)
                0x0000000000021cc0                psEd25519ParsePubKey
 *fill*         0x0000000000021e1c        0x4 
 .text.psEccX963ImportKey
                0x0000000000021e20      0x2e9 ../../crypto/libcrypt_s.a(ecc_import.o)
                0x0000000000021e20                psEccX963ImportKey
 *fill*         0x0000000000022109        0x7 
 .text.psInitPubKey
                0x0000000000022110       0x5d ../../crypto/libcrypt_s.a(pubkey.o)
                0x0000000000022110                psInitPubKey
 *fill*         0x000000000002216d        0x3 
 .text.psClearPubKey
                0x0000000000022170       0x71 ../../crypto/libcrypt_s.a(pubkey.o)
                0x0000000000022170                psClearPubKey
 *fill*         0x00000000000221e1        0xf 
 .text.psVerifySig
                0x00000000000221f0      0x1df ../../crypto/libcrypt_s.a(pubkey_verify.o)
                0x00000000000221f0                psVerifySig
 *fill*         0x00000000000223cf        0x1 
 .text.psRsaInitKey
                0x00000000000223d0       0x48 ../../crypto/libcrypt_s.a(rsa.o)
                0x00000000000223d0                psRsaInitKey
 *fill*         0x0000000000022418        0x8 
 .text.psRsaClearKey
                0x0000000000022420       0x72 ../../crypto/libcrypt_s.a(rsa.o)
                0x0000000000022420                psRsaClearKey
 *fill*         0x0000000000022492        0xe 
 .text.psRsaSize
                0x00000000000224a0        0xc ../../crypto/libcrypt_s.a(rsa.o)
                0x00000000000224a0                psRsaSize
 *fill*         0x00000000000224ac        0x4 
 .text.psRsaCrypt
                0x00000000000224b0      0x39b ../../crypto/libcrypt_s.a(rsa.o)
                0x00000000000224b0                psRsaCrypt
 *fill*         0x000000000002284b        0x5 
 .text.pubRsaDecryptSignedElementExt
                0x0000000000022850      0x185 ../../crypto/libcrypt_s.a(rsa_pub.o)
                0x0000000000022850                pubRsaDecryptSignedElementExt
 *fill*         0x00000000000229d5        0xb 
 .text.psRsaDecryptPub
                0x00000000000229e0       0xdc ../../crypto/libcrypt_s.a(rsa_pub.o)
                0x00000000000229e0                psRsaDecryptPub
 *fill*         0x0000000000022abc        0x4 
 .text.psRsaPssVerify
                0x0000000000022ac0      0x165 ../../crypto/libcrypt_s.a(rsa_pub.o)
                0x0000000000022ac0                psRsaPssVerify
 *fill*         0x0000000000022c25        0xb 
 .text.psRsaParseAsnPubKey
                0x0000000000022c30      0x17c ../../crypto/libcrypt_s.a(rsa_parse_mem.o)
                0x0000000000022c30                psRsaParseAsnPubKey
 *fill*         0x0000000000022dac        0x4 
 .text.psChacha20Poly1305IetfInit
                0x0000000000022db0       0x69 ../../crypto/libcrypt_s.a(ps_chacha20poly1305ietf.o)
                0x0000000000022db0                psChacha20Poly1305IetfInit
 *fill*         0x0000000000022e19        0x7 
 .text.psSodium_memzero_as_a_weak_symbol_to_prevent_lto
                0x0000000000022e20       0x19 ../../crypto/libcrypt_s.a(utils.o)
                0x0000000000022e20                psSodium_memzero_as_a_weak_symbol_to_prevent_lto
 *fill*         0x0000000000022e39        0x7 
 .text.psSodium_memzero
                0x0000000000022e40        0x9 ../../crypto/libcrypt_s.a(utils.o)
                0x0000000000022e40                psSodium_memzero
 *fill*         0x0000000000022e49        0x7 
 .text.psSodium_dummy_symbol_to_prevent_memcmp_lto
                0x0000000000022e50        0x5 ../../crypto/libcrypt_s.a(utils.o)
                0x0000000000022e50                psSodium_dummy_symbol_to_prevent_memcmp_lto
 *fill*         0x0000000000022e55        0xb 
 .text.psSodium_memcmp
                0x0000000000022e60       0x57 ../../crypto/libcrypt_s.a(utils.o)
                0x0000000000022e60                psSodium_memcmp
 *fill*         0x0000000000022eb7        0x9 
 .text.psSodium_is_zero
                0x0000000000022ec0       0x2e ../../crypto/libcrypt_s.a(utils.o)
                0x0000000000022ec0                psSodium_is_zero
 *fill*         0x0000000000022eee        0x2 
 .text.psCrypto_verify_16
                0x0000000000022ef0       0x36 ../../crypto/libcrypt_s.a(verify.o)
                0x0000000000022ef0                psCrypto_verify_16
 *fill*         0x0000000000022f26        0xa 
 .text.psCrypto_verify_32
                0x0000000000022f30       0x36 ../../crypto/libcrypt_s.a(verify.o)
                0x0000000000022f30                psCrypto_verify_32
 *fill*         0x0000000000022f66        0xa 
 .text.psSodium_runtime_get_cpu_features
                0x0000000000022f70       0xd7 ../../crypto/libcrypt_s.a(runtime.o)
                0x0000000000022f70                psSodium_runtime_get_cpu_features
 *fill*         0x0000000000023047        0x9 
 .text.psSodium_runtime_has_sse2
                0x0000000000023050        0xb ../../crypto/libcrypt_s.a(runtime.o)
                0x0000000000023050                psSodium_runtime_has_sse2
 *fill*         0x000000000002305b        0x5 
 .text.psSodium_runtime_has_ssse3
                0x0000000000023060        0xb ../../crypto/libcrypt_s.a(runtime.o)
                0x0000000000023060                psSodium_runtime_has_ssse3
 *fill*         0x000000000002306b        0x5 
 .text.psEd25519Verify
                0x0000000000023070       0x16 ../../crypto/libcrypt_s.a(ps_ed25519.o)
                0x0000000000023070                psEd25519Verify
 *fill*         0x0000000000023086        0xa 
 .text.psGetDigestInfoPrefix
                0x0000000000023090       0xf7 ../../crypto/libcrypt_s.a(digest_info.o)
                0x0000000000023090                psGetDigestInfoPrefix
 *fill*         0x0000000000023187        0x9 
 .text.getAsnLength
                0x0000000000023190       0xfb ../../crypto/libcrypt_s.a(asn1.o)
                0x0000000000023190                getAsnLength
 *fill*         0x000000000002328b        0x5 
 .text.getAsnLength32
                0x0000000000023290      0x116 ../../crypto/libcrypt_s.a(asn1.o)
                0x0000000000023290                getAsnLength32
 *fill*         0x00000000000233a6        0xa 
 .text.getAsnSequence32
                0x00000000000233b0      0x16b ../../crypto/libcrypt_s.a(asn1.o)
                0x00000000000233b0                getAsnSequence32
 *fill*         0x000000000002351b        0x5 
 .text.getAsnSequence
                0x0000000000023520      0x12f ../../crypto/libcrypt_s.a(asn1.o)
                0x0000000000023520                getAsnSequence
 *fill*         0x000000000002364f        0x1 
 .text.getAsnSet
                0x0000000000023650      0x11e ../../crypto/libcrypt_s.a(asn1.o)
                0x0000000000023650                getAsnSet
 *fill*         0x000000000002376e        0x2 
 .text.getAsnInteger
                0x0000000000023770      0x15a ../../crypto/libcrypt_s.a(asn1.o)
                0x0000000000023770                getAsnInteger
 *fill*         0x00000000000238ca        0x6 
 .text.asnParseOid
                0x00000000000238d0      0x158 ../../crypto/libcrypt_s.a(asn1.o)
                0x00000000000238d0                asnParseOid
 *fill*         0x0000000000023a28        0x8 
 .text.getAsnOID
                0x0000000000023a30      0x85a ../../crypto/libcrypt_s.a(asn1.o)
                0x0000000000023a30                getAsnOID
 *fill*         0x000000000002428a        0x6 
 .text.getAsnAlgorithmIdentifier
                0x0000000000024290       0xe2 ../../crypto/libcrypt_s.a(asn1.o)
                0x0000000000024290                getAsnAlgorithmIdentifier
 *fill*         0x0000000000024372        0xe 
 .text.internalGetCrlForCert
                0x0000000000024380      0x162 ../../crypto/libcrypt_s.a(crl.o)
 *fill*         0x00000000000244e2        0xe 
 .text.internalShrinkCRLtable
                0x00000000000244f0      0x179 ../../crypto/libcrypt_s.a(crl.o)
 *fill*         0x0000000000024669        0x7 
 .text.psCrlOpen
                0x0000000000024670       0x1d ../../crypto/libcrypt_s.a(crl.o)
                0x0000000000024670                psCrlOpen
 *fill*         0x000000000002468d        0x3 
 .text.psCrlClose
                0x0000000000024690       0x91 ../../crypto/libcrypt_s.a(crl.o)
                0x0000000000024690                psCrlClose
 *fill*         0x0000000000024721        0xf 
 .text.psX509AuthenticateCRL
                0x0000000000024730      0x11c ../../crypto/libcrypt_s.a(crl.o)
                0x0000000000024730                psX509AuthenticateCRL
 *fill*         0x000000000002484c        0x4 
 .text.psCRL_determineRevokedStatus
                0x0000000000024850      0x18f ../../crypto/libcrypt_s.a(crl.o)
                0x0000000000024850                psCRL_determineRevokedStatus
 *fill*         0x00000000000249df        0x1 
 .text.eccProjectiveDblPoint
                0x00000000000249e0      0x9ba ../../crypto/libcrypt_s.a(ecc_math.o)
 *fill*         0x000000000002539a        0x6 
 .text.eccTestPoint
                0x00000000000253a0      0x23c ../../crypto/libcrypt_s.a(ecc_math.o)
                0x00000000000253a0                eccTestPoint
 *fill*         0x00000000000255dc        0x4 
 .text.eccProjectiveAddPoint
                0x00000000000255e0      0xcd6 ../../crypto/libcrypt_s.a(ecc_math.o)
                0x00000000000255e0                eccProjectiveAddPoint
 *fill*         0x00000000000262b6        0xa 
 .text.eccNewPoint
                0x00000000000262c0       0xeb ../../crypto/libcrypt_s.a(ecc_math.o)
                0x00000000000262c0                eccNewPoint
 *fill*         0x00000000000263ab        0x5 
 .text.eccFreePoint
                0x00000000000263b0       0x31 ../../crypto/libcrypt_s.a(ecc_math.o)
                0x00000000000263b0                eccFreePoint
 *fill*         0x00000000000263e1        0xf 
 .text.eccMap   0x00000000000263f0      0x289 ../../crypto/libcrypt_s.a(ecc_math.o)
                0x00000000000263f0                eccMap
 *fill*         0x0000000000026679        0x7 
 .text.eccMulmod
                0x0000000000026680      0x7a4 ../../crypto/libcrypt_s.a(ecc_math.o)
                0x0000000000026680                eccMulmod
 *fill*         0x0000000000026e24        0xc 
 .text.psCrypto_stream_chacha20_pick_best_implementation
                0x0000000000026e30       0x34 ../../crypto/libcrypt_s.a(stream_chacha20.o)
                0x0000000000026e30                psCrypto_stream_chacha20_pick_best_implementation
 *fill*         0x0000000000026e64        0xc 
 .text.psCrypto_onetimeauth_poly1305_pick_best_implementation
                0x0000000000026e70       0x34 ../../crypto/libcrypt_s.a(onetimeauth_poly1305.o)
                0x0000000000026e70                psCrypto_onetimeauth_poly1305_pick_best_implementation
 *fill*         0x0000000000026ea4        0xc 
 .text._psSodium_crypto_sign_ed25519_verify_detached
                0x0000000000026eb0      0x16c ../../crypto/libcrypt_s.a(open.o)
                0x0000000000026eb0                _psSodium_crypto_sign_ed25519_verify_detached
 *fill*         0x000000000002701c        0x4 
 .text.psSodium_crypto_sign_ed25519_verify_detached
                0x0000000000027020        0xc ../../crypto/libcrypt_s.a(open.o)
                0x0000000000027020                psSodium_crypto_sign_ed25519_verify_detached
 *fill*         0x000000000002702c        0x4 
 .text.pstm_montgomery_reduce
                0x0000000000027030      0x4c5 ../../crypto/libcrypt_s.a(pstm_montgomery_reduce.o)
                0x0000000000027030                pstm_montgomery_reduce
 *fill*         0x00000000000274f5        0xb 
 .text.poly1305_blocks
                0x0000000000027500      0xe77 ../../crypto/libcrypt_s.a(poly1305_sse2.o)
 *fill*         0x0000000000028377        0x9 
 .text.psCrypto_onetimeauth_poly1305_sse2_update
                0x0000000000028380      0x116 ../../crypto/libcrypt_s.a(poly1305_sse2.o)
 *fill*         0x0000000000028496        0xa 
 .text.poly1305_init_ext
                0x00000000000284a0      0x271 ../../crypto/libcrypt_s.a(poly1305_sse2.o)
 *fill*         0x0000000000028711        0xf 
 .text.psCrypto_onetimeauth_poly1305_sse2_init
                0x0000000000028720       0x16 ../../crypto/libcrypt_s.a(poly1305_sse2.o)
 *fill*         0x0000000000028736        0xa 
 .text.poly1305_finish_ext
                0x0000000000028740      0x1ef ../../crypto/libcrypt_s.a(poly1305_sse2.o)
 *fill*         0x000000000002892f        0x1 
 .text.psCrypto_onetimeauth_poly1305_sse2_final
                0x0000000000028930       0x25 ../../crypto/libcrypt_s.a(poly1305_sse2.o)
 *fill*         0x0000000000028955        0xb 
 .text.psCrypto_onetimeauth_poly1305_sse2
                0x0000000000028960       0xa3 ../../crypto/libcrypt_s.a(poly1305_sse2.o)
 *fill*         0x0000000000028a03        0xd 
 .text.psCrypto_onetimeauth_poly1305_sse2_verify
                0x0000000000028a10       0xb3 ../../crypto/libcrypt_s.a(poly1305_sse2.o)
 *fill*         0x0000000000028ac3        0xd 
 .text.poly1305_blocks
                0x0000000000028ad0      0x1cd ../../crypto/libcrypt_s.a(poly1305_donna.o)
 *fill*         0x0000000000028c9d        0x3 
 .text.poly1305_update
                0x0000000000028ca0       0xfe ../../crypto/libcrypt_s.a(poly1305_donna.o)
 *fill*         0x0000000000028d9e        0x2 
 .text.psCrypto_onetimeauth_poly1305_donna_update
                0x0000000000028da0       0x14 ../../crypto/libcrypt_s.a(poly1305_donna.o)
 *fill*         0x0000000000028db4        0xc 
 .text.poly1305_finish
                0x0000000000028dc0      0x195 ../../crypto/libcrypt_s.a(poly1305_donna.o)
 *fill*         0x0000000000028f55        0xb 
 .text.psCrypto_onetimeauth_poly1305_donna_final
                0x0000000000028f60       0x14 ../../crypto/libcrypt_s.a(poly1305_donna.o)
 *fill*         0x0000000000028f74        0xc 
 .text.psCrypto_onetimeauth_poly1305_donna
                0x0000000000028f80       0xee ../../crypto/libcrypt_s.a(poly1305_donna.o)
 *fill*         0x000000000002906e        0x2 
 .text.psCrypto_onetimeauth_poly1305_donna_verify
                0x0000000000029070       0x51 ../../crypto/libcrypt_s.a(poly1305_donna.o)
 *fill*         0x00000000000290c1        0xf 
 .text.psCrypto_onetimeauth_poly1305_donna_init
                0x00000000000290d0       0x89 ../../crypto/libcrypt_s.a(poly1305_donna.o)
 *fill*         0x0000000000029159        0x7 
 .text.chacha20_encrypt_bytes.part.0
                0x0000000000029160      0xd36 ../../crypto/libcrypt_s.a(chacha20_dolbeau-ssse3.o)
 *fill*         0x0000000000029e96        0xa 
 .text.stream_ietf_ref
                0x0000000000029ea0       0xc8 ../../crypto/libcrypt_s.a(chacha20_dolbeau-ssse3.o)
 *fill*         0x0000000000029f68        0x8 
 .text.stream_ref_xor_ic
                0x0000000000029f70       0xa6 ../../crypto/libcrypt_s.a(chacha20_dolbeau-ssse3.o)
 *fill*         0x000000000002a016        0xa 
 .text.stream_ietf_ref_xor_ic
                0x000000000002a020       0xad ../../crypto/libcrypt_s.a(chacha20_dolbeau-ssse3.o)
 *fill*         0x000000000002a0cd        0x3 
 .text.stream_ref
                0x000000000002a0d0       0xbe ../../crypto/libcrypt_s.a(chacha20_dolbeau-ssse3.o)
 *fill*         0x000000000002a18e        0x2 
 .text.chacha20_encrypt_bytes.part.0
                0x000000000002a190      0x736 ../../crypto/libcrypt_s.a(chacha20_ref.o)
 *fill*         0x000000000002a8c6        0xa 
 .text.stream_ietf_ref
                0x000000000002a8d0       0xc8 ../../crypto/libcrypt_s.a(chacha20_ref.o)
 *fill*         0x000000000002a998        0x8 
 .text.stream_ref_xor_ic
                0x000000000002a9a0       0xa6 ../../crypto/libcrypt_s.a(chacha20_ref.o)
 *fill*         0x000000000002aa46        0xa 
 .text.stream_ietf_ref_xor_ic
                0x000000000002aa50       0xad ../../crypto/libcrypt_s.a(chacha20_ref.o)
 *fill*         0x000000000002aafd        0x3 
 .text.stream_ref
                0x000000000002ab00       0xbe ../../crypto/libcrypt_s.a(chacha20_ref.o)
 *fill*         0x000000000002abbe        0x2 
 .text.psSodium_fe25519_mul
                0x000000000002abc0      0x823 ../../crypto/libcrypt_s.a(ed25519_ref10.o)
 *fill*         0x000000000002b3e3        0xd 
 .text.psSodium_fe25519_sq
                0x000000000002b3f0      0x4dd ../../crypto/libcrypt_s.a(ed25519_ref10.o)
 *fill*         0x000000000002b8cd        0x3 
 .text.psSodium_fe25519_sq2
                0x000000000002b8d0      0x4e9 ../../crypto/libcrypt_s.a(ed25519_ref10.o)
 *fill*         0x000000000002bdb9        0x7 
 .text.psSodium_fe25519_pow22523
                0x000000000002bdc0      0x22c ../../crypto/libcrypt_s.a(ed25519_ref10.o)
 *fill*         0x000000000002bfec        0x4 
 .text.slide_vartime
                0x000000000002bff0      0x156 ../../crypto/libcrypt_s.a(ed25519_ref10.o)
 *fill*         0x000000000002c146        0xa 
 .text.psSodium_ge25519_p2_dbl
                0x000000000002c150      0x1a4 ../../crypto/libcrypt_s.a(ed25519_ref10.o)
 *fill*         0x000000000002c2f4        0xc 
 .text.psSodium_ge25519_madd
                0x000000000002c300      0x1ca ../../crypto/libcrypt_s.a(ed25519_ref10.o)
 *fill*         0x000000000002c4ca        0x6 
 .text.psSodium_fe25519_frombytes
                0x000000000002c4d0      0x2a9 ../../crypto/libcrypt_s.a(ed25519_ref10.o)
                0x000000000002c4d0                psSodium_fe25519_frombytes
 *fill*         0x000000000002c779        0x7 
 .text.psSodium_fe25519_tobytes
                0x000000000002c780      0x3e9 ../../crypto/libcrypt_s.a(ed25519_ref10.o)
                0x000000000002c780                psSodium_fe25519_tobytes
 *fill*         0x000000000002cb69        0x7 
 .text.psSodium_fe25519_invert
                0x000000000002cb70      0x246 ../../crypto/libcrypt_s.a(ed25519_ref10.o)
                0x000000000002cb70                psSodium_fe25519_invert
 *fill*         0x000000000002cdb6        0xa 
 .text.psSodium_ge25519_add
                0x000000000002cdc0      0x1e3 ../../crypto/libcrypt_s.a(ed25519_ref10.o)
                0x000000000002cdc0                psSodium_ge25519_add
 *fill*         0x000000000002cfa3        0xd 
 .text.psSodium_ge25519_frombytes_negate_vartime
                0x000000000002cfb0      0x4dc ../../crypto/libcrypt_s.a(ed25519_ref10.o)
                0x000000000002cfb0                psSodium_ge25519_frombytes_negate_vartime
 *fill*         0x000000000002d48c        0x4 
 .text.psSodium_ge25519_p3_to_cached
                0x000000000002d490       0x9e ../../crypto/libcrypt_s.a(ed25519_ref10.o)
                0x000000000002d490                psSodium_ge25519_p3_to_cached
 *fill*         0x000000000002d52e        0x2 
 .text.psSodium_ge25519_sub
                0x000000000002d530      0x20a ../../crypto/libcrypt_s.a(ed25519_ref10.o)
                0x000000000002d530                psSodium_ge25519_sub
 *fill*         0x000000000002d73a        0x6 
 .text.psSodium_ge25519_tobytes
                0x000000000002d740       0xb3 ../../crypto/libcrypt_s.a(ed25519_ref10.o)
                0x000000000002d740                psSodium_ge25519_tobytes
 *fill*         0x000000000002d7f3        0xd 
 .text.psSodium_ge25519_double_scalarmult_vartime
                0x000000000002d800      0xa4a ../../crypto/libcrypt_s.a(ed25519_ref10.o)
                0x000000000002d800                psSodium_ge25519_double_scalarmult_vartime
 *fill*         0x000000000002e24a        0x6 
 .text.psSodium_ge25519_has_small_order
                0x000000000002e250      0x48e ../../crypto/libcrypt_s.a(ed25519_ref10.o)
                0x000000000002e250                psSodium_ge25519_has_small_order
 *fill*         0x000000000002e6de        0x2 
 .text.psSodium_sc25519_reduce
                0x000000000002e6e0      0xc84 ../../crypto/libcrypt_s.a(ed25519_ref10.o)
                0x000000000002e6e0                psSodium_sc25519_reduce
 *fill*         0x000000000002f364        0xc 
 .text.memset_s
                0x000000000002f370       0x23 ../../core/libcore_s.a(memset_s.o)
                0x000000000002f370                memset_s
 *fill*         0x000000000002f393        0xd 
 .text.psCoreOpen
                0x000000000002f3a0      0x15a ../../core/libcore_s.a(corelib_main.o)
                0x000000000002f3a0                psCoreOpen
 *fill*         0x000000000002f4fa        0x6 
 .text.psCoreClose
                0x000000000002f500       0x3a ../../core/libcore_s.a(corelib_main.o)
                0x000000000002f500                psCoreClose
 *fill*         0x000000000002f53a        0x6 
 .text.psBurnStack
                0x000000000002f540       0x9b ../../core/libcore_s.a(corelib_main.o)
                0x000000000002f540                psBurnStack
 *fill*         0x000000000002f5db        0x5 
 .text._psError
                0x000000000002f5e0       0x1d ../../core/libcore_s.a(corelib_trace.o)
                0x000000000002f5e0                _psError
 *fill*         0x000000000002f5fd        0x3 
 .text._psErrorInt
                0x000000000002f600       0x1d ../../core/libcore_s.a(corelib_trace.o)
                0x000000000002f600                _psErrorInt
 *fill*         0x000000000002f61d        0x3 
 .text._psErrorStr
                0x000000000002f620       0x1d ../../core/libcore_s.a(corelib_trace.o)
                0x000000000002f620                _psErrorStr
 *fill*         0x000000000002f63d        0x3 
 .text.psGetEpochTime
                0x000000000002f640        0xb ../../core/libcore_s.a(corelib_date.o)
                0x000000000002f640                psGetEpochTime
 *fill*         0x000000000002f64b        0x5 
 .text.psBrokenDownTimeImportSeconds
                0x000000000002f650       0x4a ../../core/libcore_s.a(corelib_date.o)
                0x000000000002f650                psBrokenDownTimeImportSeconds
 *fill*         0x000000000002f69a        0x6 
 .text.psBrokenDownTimeAdd
                0x000000000002f6a0      0x1f8 ../../core/libcore_s.a(corelib_date.o)
                0x000000000002f6a0                psBrokenDownTimeAdd
 *fill*         0x000000000002f898        0x8 
 .text.psGetBrokenDownGMTime
                0x000000000002f8a0       0x77 ../../core/libcore_s.a(corelib_date.o)
                0x000000000002f8a0                psGetBrokenDownGMTime
 *fill*         0x000000000002f917        0x9 
 .text.psBrokenDownTimeStr
                0x000000000002f920       0x30 ../../core/libcore_s.a(corelib_date.o)
                0x000000000002f920                psBrokenDownTimeStr
 .text.psBrokenDownTimeImport
                0x000000000002f950      0x3f2 ../../core/libcore_s.a(corelib_date.o)
                0x000000000002f950                psBrokenDownTimeImport
 *fill*         0x000000000002fd42        0xe 
 .text.psBrokenDownTimeCmp
                0x000000000002fd50       0x84 ../../core/libcore_s.a(corelib_date.o)
                0x000000000002fd50                psBrokenDownTimeCmp
 *fill*         0x000000000002fdd4        0xc 
 .text.psToUtfXString
                0x000000000002fde0      0x56d ../../core/libcore_s.a(corelib_strings.o)
 *fill*         0x000000000003034d        0x3 
 .text.memcmpct
                0x0000000000030350       0x2a ../../core/libcore_s.a(corelib_strings.o)
                0x0000000000030350                memcmpct
 *fill*         0x000000000003037a        0x6 
 .text.psToUtf8String
                0x0000000000030380       0x19 ../../core/libcore_s.a(corelib_strings.o)
                0x0000000000030380                psToUtf8String
 *fill*         0x0000000000030399        0x7 
 .text.psFreeList
                0x00000000000303a0       0x49 ../../core/libcore_s.a(corelib_list.o)
                0x00000000000303a0                psFreeList
 *fill*         0x00000000000303e9        0x7 
 .text.psParseList
                0x00000000000303f0      0x18f ../../core/libcore_s.a(corelib_list.o)
                0x00000000000303f0                psParseList
 *fill*         0x000000000003057f        0x1 
 .text.assert_subbuf
                0x0000000000030580       0xbf ../../core/libcore_s.a(psbuf.o)
 *fill*         0x000000000003063f        0x1 
 .text.psBufInit
                0x0000000000030640       0x36 ../../core/libcore_s.a(psbuf.o)
                0x0000000000030640                psBufInit
 *fill*         0x0000000000030676        0xa 
 .text.psBufUninit
                0x0000000000030680       0x39 ../../core/libcore_s.a(psbuf.o)
                0x0000000000030680                psBufUninit
 *fill*         0x00000000000306b9        0x7 
 .text.psBufDetach
                0x00000000000306c0       0x6a ../../core/libcore_s.a(psbuf.o)
                0x00000000000306c0                psBufDetach
 *fill*         0x000000000003072a        0x6 
 .text.psBufFromStaticData
                0x0000000000030730       0x38 ../../core/libcore_s.a(psbuf.o)
                0x0000000000030730                psBufFromStaticData
 *fill*         0x0000000000030768        0x8 
 .text.psBufAppendSize
                0x0000000000030770       0x27 ../../core/libcore_s.a(psbuf.o)
                0x0000000000030770                psBufAppendSize
 *fill*         0x0000000000030797        0x9 
 .text.psBufReservePrepend
                0x00000000000307a0       0x49 ../../core/libcore_s.a(psbuf.o)
                0x00000000000307a0                psBufReservePrepend
 *fill*         0x00000000000307e9        0x7 
 .text.psDynBufGrow
                0x00000000000307f0      0x2ad ../../core/libcore_s.a(psbuf.o)
 *fill*         0x0000000000030a9d        0x3 
 .text.psDynBufInit
                0x0000000000030aa0       0x33 ../../core/libcore_s.a(psbuf.o)
                0x0000000000030aa0                psDynBufInit
 *fill*         0x0000000000030ad3        0xd 
 .text.psDynBufUninit
                0x0000000000030ae0       0x2d ../../core/libcore_s.a(psbuf.o)
                0x0000000000030ae0                psDynBufUninit
 *fill*         0x0000000000030b0d        0x3 
 .text.psDynBufDetach
                0x0000000000030b10       0x39 ../../core/libcore_s.a(psbuf.o)
                0x0000000000030b10                psDynBufDetach
 *fill*         0x0000000000030b49        0x7 
 .text.psDynBufAppendSize
                0x0000000000030b50       0x69 ../../core/libcore_s.a(psbuf.o)
                0x0000000000030b50                psDynBufAppendSize
 *fill*         0x0000000000030bb9        0x7 
 .text.psDynBufAppendUtf8
                0x0000000000030bc0       0xef ../../core/libcore_s.a(psbuf.o)
                0x0000000000030bc0                psDynBufAppendUtf8
 *fill*         0x0000000000030caf        0x1 
 .text.psDynBufAppendUtf16
                0x0000000000030cb0       0xbd ../../core/libcore_s.a(psbuf.o)
                0x0000000000030cb0                psDynBufAppendUtf16
 *fill*         0x0000000000030d6d        0x3 
 .text.psDynBufAppendUtf32
                0x0000000000030d70       0x27 ../../core/libcore_s.a(psbuf.o)
                0x0000000000030d70                psDynBufAppendUtf32
 *fill*         0x0000000000030d97        0x9 
 .text.psParseBufFromStaticData
                0x0000000000030da0       0x2c ../../core/libcore_s.a(psbuf.o)
                0x0000000000030da0                psParseBufFromStaticData
 *fill*         0x0000000000030dcc        0x4 
 .text.psParseBufTrySkipBytes
                0x0000000000030dd0       0x5a ../../core/libcore_s.a(psbuf.o)
                0x0000000000030dd0                psParseBufTrySkipBytes
 *fill*         0x0000000000030e2a        0x6 
 .text.psParseBufSkipBytes
                0x0000000000030e30       0x18 ../../core/libcore_s.a(psbuf.o)
                0x0000000000030e30                psParseBufSkipBytes
 *fill*         0x0000000000030e48        0x8 
 .text.psParseBufCopyN
                0x0000000000030e50       0x68 ../../core/libcore_s.a(psbuf.o)
                0x0000000000030e50                psParseBufCopyN
 *fill*         0x0000000000030eb8        0x8 
 .text.psParseBufCanReadUtf8
                0x0000000000030ec0       0x77 ../../core/libcore_s.a(psbuf.o)
                0x0000000000030ec0                psParseBufCanReadUtf8
 *fill*         0x0000000000030f37        0x9 
 .text.psParseBufReadUtf8
                0x0000000000030f40      0x1be ../../core/libcore_s.a(psbuf.o)
                0x0000000000030f40                psParseBufReadUtf8
 *fill*         0x00000000000310fe        0x2 
 .text.osdepTimeOpen
                0x0000000000031100        0x7 ../../core/libcore_s.a(osdep.o)
                0x0000000000031100                osdepTimeOpen
 *fill*         0x0000000000031107        0x9 
 .text.osdepTimeClose
                0x0000000000031110        0x5 ../../core/libcore_s.a(osdep.o)
                0x0000000000031110                osdepTimeClose
 *fill*         0x0000000000031115        0xb 
 .text.osdepMutexOpen
                0x0000000000031120        0x7 ../../core/libcore_s.a(osdep.o)
                0x0000000000031120                osdepMutexOpen
 *fill*         0x0000000000031127        0x9 
 .text.osdepMutexClose
                0x0000000000031130        0x5 ../../core/libcore_s.a(osdep.o)
                0x0000000000031130                osdepMutexClose
 *fill*         0x0000000000031135        0xb 
 .text.psLockMutex
                0x0000000000031140       0x1a ../../core/libcore_s.a(osdep.o)
                0x0000000000031140                psLockMutex
 *fill*         0x000000000003115a        0x6 
 .text.psUnlockMutex
                0x0000000000031160       0x1a ../../core/libcore_s.a(osdep.o)
                0x0000000000031160                psUnlockMutex
 *fill*         0x000000000003117a        0x6 
 .text.psDestroyMutex
                0x0000000000031180        0x9 ../../core/libcore_s.a(osdep.o)
                0x0000000000031180                psDestroyMutex
 *fill*         0x0000000000031189        0x7 
 .text.osdepEntropyClose
                0x0000000000031190       0x3b ../../core/libcore_s.a(osdep.o)
                0x0000000000031190                osdepEntropyClose
 *fill*         0x00000000000311cb        0x5 
 .text.psGetEntropy
                0x00000000000311d0      0x1d5 ../../core/libcore_s.a(osdep.o)
                0x00000000000311d0                psGetEntropy
 *fill*         0x00000000000313a5        0xb 
 .text._psGetTraceFile
                0x00000000000313b0      0x169 ../../core/libcore_s.a(osdep.o)
                0x00000000000313b0                _psGetTraceFile
 *fill*         0x0000000000031519        0x7 
 .text._psTrace
                0x0000000000031520       0x22 ../../core/libcore_s.a(osdep.o)
                0x0000000000031520                _psTrace
 *fill*         0x0000000000031542        0xe 
 .text._psTraceStr
                0x0000000000031550       0x63 ../../core/libcore_s.a(osdep.o)
                0x0000000000031550                _psTraceStr
 *fill*         0x00000000000315b3        0xd 
 .text._psTraceInt
                0x00000000000315c0       0x49 ../../core/libcore_s.a(osdep.o)
                0x00000000000315c0                _psTraceInt
 *fill*         0x0000000000031609        0x7 
 .text.psCreateMutex
                0x0000000000031610      0x1ab ../../core/libcore_s.a(osdep.o)
                0x0000000000031610                psCreateMutex
 *fill*         0x00000000000317bb        0x5 
 .text.osdepEntropyOpen
                0x00000000000317c0       0x94 ../../core/libcore_s.a(osdep.o)
                0x00000000000317c0                osdepEntropyOpen
 *fill*         0x0000000000031854        0xc 
 .text.psGetFileBufFp
                0x0000000000031860      0x120 ../../core/libcore_s.a(osdep.o)
                0x0000000000031860                psGetFileBufFp
 .text.psGetFileBuf
                0x0000000000031980       0x60 ../../core/libcore_s.a(osdep.o)
                0x0000000000031980                psGetFileBuf
 .text.SLSodium_memset_as_a_weak_symbol_to_prevent_lto
                0x00000000000319e0       0x19 ../../core/libcore_s.a(cl_memset.o)
                0x00000000000319e0                SLSodium_memset_as_a_weak_symbol_to_prevent_lto
 *fill*         0x00000000000319f9        0x7 
 .text.SLSodium_memset_s_int
                0x0000000000031a00        0xd ../../core/libcore_s.a(cl_memset.o)
                0x0000000000031a00                SLSodium_memset_s_int
 *fill*         0x0000000000031a0d        0x3 
 .text          0x0000000000031a10       0x75 /usr/lib/x86_64-linux-gnu/libc_nonshared.a(elf-init.oS)
                0x0000000000031a10                __libc_csu_init
                0x0000000000031a80                __libc_csu_fini
 *(.gnu.warning)

.fini           0x0000000000031a88        0xd
 *(SORT_NONE(.fini))
 .fini          0x0000000000031a88        0x8 /usr/lib/gcc/x86_64-linux-gnu/11/../../../x86_64-linux-gnu/crti.o
                0x0000000000031a88                _fini
 .fini          0x0000000000031a90        0x5 /usr/lib/gcc/x86_64-linux-gnu/11/../../../x86_64-linux-gnu/crtn.o
                [!provide]                        PROVIDE (__etext = .)
                [!provide]                        PROVIDE (_etext = .)
                [!provide]                        PROVIDE (etext = .)
                0x0000000000032000                . = ALIGN (CONSTANT (MAXPAGESIZE))
                0x0000000000032000                . = SEGMENT_START ("rodata-segment", (ALIGN (CONSTANT (MAXPAGESIZE)) + (. & (CONSTANT (MAXPAGESIZE) - 0x1))))

.rodata         0x0000000000032000     0x3fa0
 *(.rodata .rodata.* .gnu.linkonce.r.*)
 .rodata.write_summary.str1.1
                0x0000000000032000        0xd certValidate.o
 .rodata.errtostr.str1.1
                0x000000000003200d       0xb9 certValidate.o
 *fill*         0x00000000000320c6        0x2 
 .rodata.errtostr.str1.8
                0x00000000000320c8       0x22 certValidate.o
 *fill*         0x00000000000320ea        0x2 
 .rodata.errtostr
                0x00000000000320ec       0xa4 certValidate.o
 .rodata.process_sonar.str1.1
                0x0000000000032190      0x15b certValidate.o
                                        0x15d (size before relaxing)
 *fill*         0x00000000000322eb        0x5 
 .rodata.process_sonar.str1.8
                0x00000000000322f0       0xb8 certValidate.o
 .rodata.main.str1.1
                0x00000000000323a8      0x173 certValidate.o
                                        0x181 (size before relaxing)
 *fill*         0x000000000003251b        0x5 
 .rodata.main.str1.8
                0x0000000000032520      0x546 certValidate.o
 *fill*         0x0000000000032a66        0x2 
 .rodata.main   0x0000000000032a68       0x84 certValidate.o
 *fill*         0x0000000000032aec        0x4 
 .rodata.__PRETTY_FUNCTION__.2
                0x0000000000032af0        0xe certValidate.o
 .rodata.__PRETTY_FUNCTION__.3
                0x0000000000032afe        0x5 certValidate.o
 *fill*         0x0000000000032b03        0xd 
 .rodata.cst16  0x0000000000032b10       0x10 certValidate.o
 .rodata.matrixSslOpenWithConfig.str1.1
                0x0000000000032b20       0x33 ../libssl_s.a(matrixssl.o)
 *fill*         0x0000000000032b53        0x5 
 .rodata.matrixSslOpenWithConfig.str1.8
                0x0000000000032b58       0x3f ../libssl_s.a(matrixssl.o)
 *fill*         0x0000000000032b97        0x1 
 .rodata.matrixValidateCertsExt.str1.8
                0x0000000000032b98       0x2b ../libssl_s.a(matrixssl.o)
 .rodata.matrixValidateCertsExt.str1.1
                0x0000000000032bc3        0xc ../libssl_s.a(matrixssl.o)
 *fill*         0x0000000000032bcf        0x1 
 .rodata.cst16  0x0000000000032bd0       0x10 ../libssl_s.a(matrixssl.o)
 .rodata.psSigAlgToHashLen
                0x0000000000032be0       0x30 ../../crypto/libcrypt_s.a(alg_info.o)
 .rodata.CSWTCH.4
                0x0000000000032c10       0x14 ../../crypto/libcrypt_s.a(alg_info.o)
 *fill*         0x0000000000032c24        0xc 
 .rodata.cst16  0x0000000000032c30       0x20 ../../crypto/libcrypt_s.a(sha1.o)
 .rodata.cst8   0x0000000000032c50        0x8 ../../crypto/libcrypt_s.a(sha1.o)
 *fill*         0x0000000000032c58        0x8 
 .rodata.K      0x0000000000032c60      0x100 ../../crypto/libcrypt_s.a(sha256.o)
 .rodata.cst16  0x0000000000032d60       0x20 ../../crypto/libcrypt_s.a(sha256.o)
                                         0x30 (size before relaxing)
 .rodata.psSha512Update.str1.1
                0x0000000000032d80       0x43 ../../crypto/libcrypt_s.a(sha512.o)
                                         0x48 (size before relaxing)
 *fill*         0x0000000000032dc3       0x1d 
 .rodata.K      0x0000000000032de0      0x280 ../../crypto/libcrypt_s.a(sha512.o)
 .rodata.cst16  0x0000000000033060       0xa0 ../../crypto/libcrypt_s.a(sha512.o)
                                         0xb0 (size before relaxing)
 .rodata.cst16  0x0000000000033100       0x10 ../../crypto/libcrypt_s.a(md5.o)
 .rodata.map    0x0000000000033100       0x7b ../../crypto/libcrypt_s.a(base64.o)
 .rodata.psPemCheckOk.str1.1
                0x000000000003317b       0x46 ../../crypto/libcrypt_s.a(pem_decode_mem.o)
 .rodata.psPemDecode.str1.1
                0x00000000000331c1       0x32 ../../crypto/libcrypt_s.a(pem_decode_mem.o)
                                         0x42 (size before relaxing)
 *fill*         0x00000000000331f3        0x5 
 .rodata.psPemCertBufToList.str1.8
                0x00000000000331f8       0x5b ../../crypto/libcrypt_s.a(pem_decode_mem.o)
 *fill*         0x0000000000033253        0xd 
 .rodata.CSWTCH.254
                0x0000000000033260       0x28 ../../crypto/libcrypt_s.a(pkcs.o)
 .rodata.getImplicitBitString.constprop.0.str1.1
                0x0000000000033288       0x22 ../../crypto/libcrypt_s.a(x509.o)
                                         0x3e (size before relaxing)
 *fill*         0x00000000000332aa        0x6 
 .rodata.getImplicitBitString.constprop.0.str1.8
                0x00000000000332b0       0x31 ../../crypto/libcrypt_s.a(x509.o)
 *fill*         0x00000000000332e1        0x7 
 .rodata.parseGeneralNames.constprop.0.str1.8
                0x00000000000332e8       0x2b ../../crypto/libcrypt_s.a(x509.o)
 *fill*         0x0000000000033313        0x1 
 .rodata.parseGeneralNames.constprop.0
                0x0000000000033314       0x24 ../../crypto/libcrypt_s.a(x509.o)
 .rodata.parsePolicyQualifierInfo.constprop.0.str1.1
                0x0000000000033338       0x16 ../../crypto/libcrypt_s.a(x509.o)
 .rodata.psX509GetSignature.str1.1
                0x000000000003334e        0x8 ../../crypto/libcrypt_s.a(x509.o)
 *fill*         0x0000000000033356        0x2 
 .rodata.psX509GetSignature.str1.8
                0x0000000000033358       0x29 ../../crypto/libcrypt_s.a(x509.o)
 *fill*         0x0000000000033381        0x7 
 .rodata.getSerialNum.str1.8
                0x0000000000033388       0x2b ../../crypto/libcrypt_s.a(x509.o)
 *fill*         0x00000000000333b3        0x5 
 .rodata.psX509GetDNAttributes.str1.8
                0x00000000000333b8       0x2c ../../crypto/libcrypt_s.a(x509.o)
 .rodata.psX509GetDNAttributes
                0x00000000000333e4      0x120 ../../crypto/libcrypt_s.a(x509.o)
 *fill*         0x0000000000033504        0x4 
 .rodata.getExplicitExtensions.str1.8
                0x0000000000033508      0x15d ../../crypto/libcrypt_s.a(x509.o)
 *fill*         0x0000000000033665        0x3 
 .rodata.getExplicitExtensions
                0x0000000000033668       0xb4 ../../crypto/libcrypt_s.a(x509.o)
 .rodata.parse_single_cert.str1.1
                0x000000000003371c       0x31 ../../crypto/libcrypt_s.a(x509.o)
 *fill*         0x000000000003374d        0x3 
 .rodata.parse_single_cert.str1.8
                0x0000000000033750       0xa9 ../../crypto/libcrypt_s.a(x509.o)
 .rodata        0x00000000000337f9        0xd ../../crypto/libcrypt_s.a(x509.o)
 *fill*         0x0000000000033806        0x2 
 .rodata.parse_single_cert
                0x0000000000033808       0x24 ../../crypto/libcrypt_s.a(x509.o)
 *fill*         0x000000000003382c        0x4 
 .rodata.psX509ParseCert.str1.8
                0x0000000000033830       0x5b ../../crypto/libcrypt_s.a(x509.o)
 .rodata.psX509FreeCert.str1.1
                0x000000000003388b       0x31 ../../crypto/libcrypt_s.a(x509.o)
                                          0x2 (size before relaxing)
 *fill*         0x000000000003388b       0x15 
 .rodata.oid_list
                0x00000000000338a0      0x45c ../../crypto/libcrypt_s.a(x509.o)
 *fill*         0x0000000000033cfc        0x4 
 .rodata.cst8   0x0000000000033d00        0x8 ../../crypto/libcrypt_s.a(x509.o)
 .rodata.psCryptoOpen.str1.1
                0x0000000000033d08       0x24 ../../crypto/libcrypt_s.a(matrix.o)
                                         0x40 (size before relaxing)
 *fill*         0x0000000000033d2c        0x4 
 .rodata.psCryptoOpen.str1.8
                0x0000000000033d30       0x3a ../../crypto/libcrypt_s.a(matrix.o)
 *fill*         0x0000000000033d6a        0x6 
 .rodata.cst16  0x0000000000033d70       0x10 ../../crypto/libcrypt_s.a(matrix.o)
 .rodata.pstm_s_rmap
                0x0000000000033d80       0x40 ../../crypto/libcrypt_s.a(pstm.o)
 .rodata.pstmnt_neg_small_inv.str1.1
                0x0000000000033dc0       0x26 ../../crypto/libcrypt_s.a(pstmnt.o)
 .rodata.pstmnt_add.str1.1
                0x0000000000033de6       0x2f ../../crypto/libcrypt_s.a(pstmnt.o)
 .rodata.pstmnt_sub.str1.1
                0x0000000000033e15        0x7 ../../crypto/libcrypt_s.a(pstmnt.o)
 .rodata.pstmnt_square_d.str1.1
                0x0000000000033e1c        0x8 ../../crypto/libcrypt_s.a(pstmnt.o)
 *fill*         0x0000000000033e24        0x4 
 .rodata.pstmnt_square_d.str1.8
                0x0000000000033e28       0x26 ../../crypto/libcrypt_s.a(pstmnt.o)
 .rodata.pstmnt_mult.str1.1
                0x0000000000033e4e       0x21 ../../crypto/libcrypt_s.a(pstmnt.o)
 *fill*         0x0000000000033e6f        0x1 
 .rodata.__PRETTY_FUNCTION__.0
                0x0000000000033e70        0xf ../../crypto/libcrypt_s.a(pstmnt.o)
 *fill*         0x0000000000033e7f        0x1 
 .rodata.__PRETTY_FUNCTION__.1
                0x0000000000033e80        0xc ../../crypto/libcrypt_s.a(pstmnt.o)
 *fill*         0x0000000000033e8c        0x4 
 .rodata.__PRETTY_FUNCTION__.2
                0x0000000000033e90        0xe ../../crypto/libcrypt_s.a(pstmnt.o)
 *fill*         0x0000000000033e9e        0x2 
 .rodata.__PRETTY_FUNCTION__.3
                0x0000000000033ea0       0x10 ../../crypto/libcrypt_s.a(pstmnt.o)
 .rodata.__PRETTY_FUNCTION__.4
                0x0000000000033eb0        0xb ../../crypto/libcrypt_s.a(pstmnt.o)
 *fill*         0x0000000000033ebb        0x5 
 .rodata.__PRETTY_FUNCTION__.5
                0x0000000000033ec0        0xb ../../crypto/libcrypt_s.a(pstmnt.o)
 *fill*         0x0000000000033ecb        0x5 
 .rodata.__PRETTY_FUNCTION__.6
                0x0000000000033ed0       0x15 ../../crypto/libcrypt_s.a(pstmnt.o)
 .rodata.psDhClearKey.str1.1
                0x0000000000033ee5        0xc ../../crypto/libcrypt_s.a(dh.o)
                                         0x21 (size before relaxing)
 .rodata.psEccClearKey.str1.1
                0x0000000000033ef1        0xd ../../crypto/libcrypt_s.a(ecc.o)
                                         0x22 (size before relaxing)
 .rodata.str1.1
                0x0000000000033efe       0x32 ../../crypto/libcrypt_s.a(ecc_curve_data.o)
 .rodata.str1.8
                0x0000000000033f30      0xa19 ../../crypto/libcrypt_s.a(ecc_curve_data.o)
 .rodata.psEd25519ParsePrivKey.str1.1
                0x0000000000034949       0x24 ../../crypto/libcrypt_s.a(ecc_parse_mem.o)
                                         0x3c (size before relaxing)
 .rodata        0x000000000003496d        0x2 ../../crypto/libcrypt_s.a(ecc_parse_mem.o)
 .rodata.psEd25519ParsePubKey.str1.1
                0x000000000003496f       0x1c ../../crypto/libcrypt_s.a(ecc_parse_mem.o)
 .rodata.psChacha20Poly1305IetfInit.str1.1
                0x000000000003498b       0x1c ../../crypto/libcrypt_s.a(ps_chacha20poly1305ietf.o)
 *fill*         0x00000000000349a7        0x9 
 .rodata.PKCS1Dig_SHA512_ALT
                0x00000000000349b0       0x11 ../../crypto/libcrypt_s.a(digest_info.o)
 *fill*         0x00000000000349c1        0xf 
 .rodata.PKCS1Dig_SHA512
                0x00000000000349d0       0x13 ../../crypto/libcrypt_s.a(digest_info.o)
 *fill*         0x00000000000349e3        0xd 
 .rodata.PKCS1Dig_SHA384_ALT
                0x00000000000349f0       0x11 ../../crypto/libcrypt_s.a(digest_info.o)
 *fill*         0x0000000000034a01        0xf 
 .rodata.PKCS1Dig_SHA384
                0x0000000000034a10       0x13 ../../crypto/libcrypt_s.a(digest_info.o)
 *fill*         0x0000000000034a23        0xd 
 .rodata.PKCS1Dig_SHA256_ALT
                0x0000000000034a30       0x11 ../../crypto/libcrypt_s.a(digest_info.o)
 *fill*         0x0000000000034a41        0xf 
 .rodata.PKCS1Dig_SHA256
                0x0000000000034a50       0x13 ../../crypto/libcrypt_s.a(digest_info.o)
 *fill*         0x0000000000034a63        0x5 
 .rodata.PKCS1Dig_SHA1_ALT
                0x0000000000034a68        0xd ../../crypto/libcrypt_s.a(digest_info.o)
 *fill*         0x0000000000034a75        0x3 
 .rodata.PKCS1Dig_SHA1
                0x0000000000034a78        0xf ../../crypto/libcrypt_s.a(digest_info.o)
 *fill*         0x0000000000034a87        0x9 
 .rodata.PKCS1Dig_MD5_ALT
                0x0000000000034a90       0x10 ../../crypto/libcrypt_s.a(digest_info.o)
 .rodata.PKCS1Dig_MD5
                0x0000000000034aa0       0x12 ../../crypto/libcrypt_s.a(digest_info.o)
 *fill*         0x0000000000034ab2        0x2 
 .rodata.getAsnLength32
                0x0000000000034ab4       0x14 ../../crypto/libcrypt_s.a(asn1.o)
 .rodata.getAsnSequence32
                0x0000000000034ac8       0x14 ../../crypto/libcrypt_s.a(asn1.o)
 .rodata.getAsnOID.str1.1
                0x0000000000034adc      0x318 ../../crypto/libcrypt_s.a(asn1.o)
                                        0x31e (size before relaxing)
 .rodata        0x0000000000034df4       0x72 ../../crypto/libcrypt_s.a(asn1.o)
 *fill*         0x0000000000034e66        0x2 
 .rodata.getAsnOID
                0x0000000000034e68      0x628 ../../crypto/libcrypt_s.a(asn1.o)
 .rodata.psCrlClose.str1.1
                0x0000000000035490       0x1e ../../crypto/libcrypt_s.a(crl.o)
                                         0x2f (size before relaxing)
 *fill*         0x00000000000354ae       0x12 
 .rodata.DOM2PREFIX.0
                0x00000000000354c0       0x22 ../../crypto/libcrypt_s.a(open.o)
 *fill*         0x00000000000354e2        0xe 
 .rodata.cst16  0x00000000000354f0       0x40 ../../crypto/libcrypt_s.a(poly1305_sse2.o)
 .rodata.cst16  0x0000000000035530       0x40 ../../crypto/libcrypt_s.a(chacha20_dolbeau-ssse3.o)
 *fill*         0x0000000000035570       0x10 
 .rodata.Bi.4   0x0000000000035580      0x3c0 ../../crypto/libcrypt_s.a(ed25519_ref10.o)
 .rodata.sqrtm1
                0x0000000000035940       0x28 ../../crypto/libcrypt_s.a(ed25519_ref10.o)
 *fill*         0x0000000000035968       0x18 
 .rodata.d2     0x0000000000035980       0x28 ../../crypto/libcrypt_s.a(ed25519_ref10.o)
 *fill*         0x00000000000359a8       0x18 
 .rodata.d      0x00000000000359c0       0x28 ../../crypto/libcrypt_s.a(ed25519_ref10.o)
 *fill*         0x00000000000359e8        0x8 
 .rodata.cst16  0x00000000000359f0       0x60 ../../crypto/libcrypt_s.a(ed25519_ref10.o)
                                         0x70 (size before relaxing)
 .rodata.cst8   0x0000000000035a50       0x10 ../../crypto/libcrypt_s.a(ed25519_ref10.o)
 .rodata.psCoreOpen.str1.1
                0x0000000000035a60       0x13 ../../core/libcore_s.a(corelib_main.o)
                                         0x23 (size before relaxing)
 *fill*         0x0000000000035a73        0x5 
 .rodata.psCoreOpen.str1.8
                0x0000000000035a78       0x31 ../../core/libcore_s.a(corelib_main.o)
 .rodata._psError.str1.1
                0x0000000000035aa9       0x13 ../../core/libcore_s.a(corelib_trace.o)
                                          0x2 (size before relaxing)
 .rodata.psBrokenDownTimeStr.str1.1
                0x0000000000035aa9        0xe ../../core/libcore_s.a(corelib_date.o)
 *fill*         0x0000000000035ab7        0x1 
 .rodata.days_tab.0
                0x0000000000035ab8        0xc ../../core/libcore_s.a(corelib_date.o)
 *fill*         0x0000000000035ac4       0x1c 
 .rodata        0x0000000000035ae0      0x200 ../../core/libcore_s.a(corelib_strings.o)
 .rodata.assert_subbuf.str1.1
                0x0000000000035ce0       0x32 ../../core/libcore_s.a(psbuf.o)
 *fill*         0x0000000000035d12        0x6 
 .rodata.assert_subbuf.str1.8
                0x0000000000035d18       0x9d ../../core/libcore_s.a(psbuf.o)
 .rodata.psBufReservePrepend.str1.1
                0x0000000000035db5       0x17 ../../core/libcore_s.a(psbuf.o)
 .rodata.psDynBufGrow.str1.1
                0x0000000000035dcc        0xc ../../core/libcore_s.a(psbuf.o)
 .rodata.__PRETTY_FUNCTION__.1
                0x0000000000035dd8        0xe ../../core/libcore_s.a(psbuf.o)
 *fill*         0x0000000000035de6        0x2 
 .rodata.__PRETTY_FUNCTION__.2
                0x0000000000035de8        0xd ../../core/libcore_s.a(psbuf.o)
 *fill*         0x0000000000035df5        0xb 
 .rodata.__PRETTY_FUNCTION__.3
                0x0000000000035e00       0x13 ../../core/libcore_s.a(psbuf.o)
 *fill*         0x0000000000035e13        0xd 
 .rodata.__PRETTY_FUNCTION__.4
                0x0000000000035e20       0x14 ../../core/libcore_s.a(psbuf.o)
 .rodata.psGetEntropy.str1.1
                0x0000000000035e34       0x19 ../../core/libcore_s.a(osdep.o)
 .rodata._psGetTraceFile.str1.1
                0x0000000000035e4d       0x2d ../../core/libcore_s.a(osdep.o)
                                         0x2f (size before relaxing)
 *fill*         0x0000000000035e7a        0x6 
 .rodata._psGetTraceFile.str1.8
                0x0000000000035e80       0x49 ../../core/libcore_s.a(osdep.o)
 .rodata.psCreateMutex.str1.1
                0x0000000000035ec9       0x32 ../../core/libcore_s.a(osdep.o)
                                         0x42 (size before relaxing)
 *fill*         0x0000000000035efb        0x5 
 .rodata.psCreateMutex.str1.8
                0x0000000000035f00       0x74 ../../core/libcore_s.a(osdep.o)
 .rodata.osdepEntropyOpen.str1.1
                0x0000000000035f74       0x1b ../../core/libcore_s.a(osdep.o)
 .rodata.psGetFileBuf.str1.1
                0x0000000000035f8f        0x2 ../../core/libcore_s.a(osdep.o)
 *fill*         0x0000000000035f8f        0x1 
 .rodata.__func__.0
                0x0000000000035f90       0x10 ../../core/libcore_s.a(osdep.o)

.rodata1
 *(.rodata1)

.eh_frame_hdr   0x0000000000035fa0      0x92c
 *(.eh_frame_hdr)
 .eh_frame_hdr  0x0000000000035fa0      0x92c /usr/lib/gcc/x86_64-linux-gnu/11/../../../x86_64-linux-gnu/Scrt1.o
                0x0000000000035fa0                __GNU_EH_FRAME_HDR
 *(.eh_frame_entry .eh_frame_entry.*)

.eh_frame       0x00000000000368d0     0x3c10
 *(.eh_frame)
 .eh_frame      0x00000000000368d0       0x30 /usr/lib/gcc/x86_64-linux-gnu/11/../../../x86_64-linux-gnu/Scrt1.o
                                         0x2c (size before relaxing)
 *fill*         0x0000000000036900        0x0 
 .eh_frame      0x0000000000036900       0x28 /usr/lib/gcc/x86_64-linux-gnu/11/../../../x86_64-linux-gnu/Scrt1.o
                                         0x40 (size before relaxing)
 .eh_frame      0x0000000000036928       0x18 /usr/lib/gcc/x86_64-linux-gnu/11/../../../x86_64-linux-gnu/Scrt1.o
                                         0x30 (size before relaxing)
 .eh_frame      0x0000000000036940       0x18 /usr/lib/gcc/x86_64-linux-gnu/11/../../../x86_64-linux-gnu/Scrt1.o
                                         0x30 (size before relaxing)
 .eh_frame      0x0000000000036958      0x138 certValidate.o
                                        0x150 (size before relaxing)
 .eh_frame      0x0000000000036a90       0xf0 ../libssl_s.a(matrixssl.o)
                                        0x6a8 (size before relaxing)
 .eh_frame      0x0000000000036b80        0x0 ../libssl_s.a(matrixsslKeys.o)
                                        0xbb8 (size before relaxing)
 .eh_frame      0x0000000000036b80        0x0 ../libssl_s.a(matrixsslInitVer.o)
                                        0x188 (size before relaxing)
 .eh_frame      0x0000000000036b80        0x0 ../libssl_s.a(sslEncode.o)
                                        0xb38 (size before relaxing)
 .eh_frame      0x0000000000036b80        0x0 ../libssl_s.a(tlsDefaults.o)
                                        0x130 (size before relaxing)
 .eh_frame      0x0000000000036b80        0x0 ../libssl_s.a(tlsSigVer.o)
                                        0x330 (size before relaxing)
 .eh_frame      0x0000000000036b80        0x0 ../libssl_s.a(tls13Encode.o)
                                        0x498 (size before relaxing)
 .eh_frame      0x0000000000036b80        0x0 ../libssl_s.a(tls13EncodeExt.o)
                                        0x2f0 (size before relaxing)
 .eh_frame      0x0000000000036b80        0x0 ../libssl_s.a(tls13KeyAgree.o)
                                        0x3d0 (size before relaxing)
 .eh_frame      0x0000000000036b80        0x0 ../libssl_s.a(tls13KeySchedule.o)
                                        0x620 (size before relaxing)
 .eh_frame      0x0000000000036b80        0x0 ../libssl_s.a(tls13Psk.o)
                                        0x1e0 (size before relaxing)
 .eh_frame      0x0000000000036b80        0x0 ../libssl_s.a(tls13Resume.o)
                                        0x288 (size before relaxing)
 .eh_frame      0x0000000000036b80        0x0 ../libssl_s.a(tls13SigVer.o)
                                        0x190 (size before relaxing)
 .eh_frame      0x0000000000036b80        0x0 ../libssl_s.a(tls13TrHash.o)
                                        0x110 (size before relaxing)
 .eh_frame      0x0000000000036b80        0x0 ../libssl_s.a(tls.o)
                                        0x390 (size before relaxing)
 .eh_frame      0x0000000000036b80        0x0 ../libssl_s.a(cipherSuite.o)
                                        0x4e8 (size before relaxing)
 .eh_frame      0x0000000000036b80       0x40 ../libssl_s.a(dtls.o)
                                        0x350 (size before relaxing)
 .eh_frame      0x0000000000036bc0        0x0 ../libssl_s.a(hsHash.o)
                                        0x1d0 (size before relaxing)
 .eh_frame      0x0000000000036bc0        0x0 ../libssl_s.a(hsNegotiateVersion.o)
                                        0x1a0 (size before relaxing)
 .eh_frame      0x0000000000036bc0        0x0 ../libssl_s.a(matrixsslApi.o)
                                        0x500 (size before relaxing)
 .eh_frame      0x0000000000036bc0        0x0 ../libssl_s.a(prf.o)
                                        0x140 (size before relaxing)
 .eh_frame      0x0000000000036bc0        0x0 ../libssl_s.a(psk.o)
                                        0x130 (size before relaxing)
 .eh_frame      0x0000000000036bc0        0x0 ../libssl_s.a(sslDecode.o)
                                         0x90 (size before relaxing)
 .eh_frame      0x0000000000036bc0        0x0 ../libssl_s.a(tls13CipherSuite.o)
                                        0x180 (size before relaxing)
 .eh_frame      0x0000000000036bc0        0x0 ../libssl_s.a(tls13Decode.o)
                                         0xc8 (size before relaxing)
 .eh_frame      0x0000000000036bc0        0x0 ../libssl_s.a(tls13DecodeExt.o)
                                        0x3c8 (size before relaxing)
 .eh_frame      0x0000000000036bc0        0x0 ../libssl_s.a(tls13Negotiate.o)
                                         0x80 (size before relaxing)
 .eh_frame      0x0000000000036bc0        0x0 ../libssl_s.a(hsDecode.o)
                                        0x3b0 (size before relaxing)
 .eh_frame      0x0000000000036bc0        0x0 ../libssl_s.a(tlsSelectKeys.o)
                                         0x90 (size before relaxing)
 .eh_frame      0x0000000000036bc0        0x0 ../libssl_s.a(tls13Authenticate.o)
                                         0x78 (size before relaxing)
 .eh_frame      0x0000000000036bc0        0x0 ../libssl_s.a(extDecode.o)
                                        0x150 (size before relaxing)
 .eh_frame      0x0000000000036bc0       0x40 ../../crypto/libcrypt_s.a(alg_info.o)
                                        0x168 (size before relaxing)