Archive member included to satisfy reference by file (symbol)

../libssl_s.a(cipherSuite.o)  sslTest.o (sslGetDefinedCipherSpec)
../libssl_s.a(dtls.o)         sslTest.o (matrixDtlsGetOutdata)
../libssl_s.a(hsHash.o)       ../libssl_s.a(dtls.o) (sslUpdateHSHash)
../libssl_s.a(hsNegotiateVersion.o)
                              ../libssl_s.a(cipherSuite.o) (psEncodeVersionMin)
../libssl_s.a(matrixssl.o)    sslTest.o (matrixSslOpenWithConfig)
../libssl_s.a(matrixsslKeys.o)
                              sslTest.o (matrixSslLoadRsaKeysMem)
../libssl_s.a(matrixsslApi.o)
                              sslTest.o (matrixSslNewClientSession)
../libssl_s.a(matrixsslInitVer.o)
                              ../libssl_s.a(matrixssl.o) (initSupportedVersions)
../libssl_s.a(prf.o)          ../libssl_s.a(hsHash.o) (prf)
../libssl_s.a(psk.o)          sslTest.o (matrixSslLoadPsk)
../libssl_s.a(sslDecode.o)    ../libssl_s.a(matrixsslApi.o) (matrixSslDecode)
../libssl_s.a(sslEncode.o)    ../libssl_s.a(matrixsslApi.o) (matrixSslGetEncodedSize)
../libssl_s.a(tlsDefaults.o)  ../libssl_s.a(matrixssl.o) (getDefaultSigAlgs)
../libssl_s.a(tlsSelectKeys.o)
                              sslTest.o (matrixSslSetClientIdentity)
../libssl_s.a(tlsSigVer.o)    ../libssl_s.a(sslEncode.o) (tlsPrepareSkeSignature)
../libssl_s.a(tls13CipherSuite.o)
                              ../libssl_s.a(cipherSuite.o) (csAesGcmInitTls13)
../libssl_s.a(tls13Encode.o)  ../libssl_s.a(sslEncode.o) (tls13GetPadLen)
../libssl_s.a(tls13EncodeExt.o)
                              ../libssl_s.a(tls13Encode.o) (tls13WriteSigAlgs)
../libssl_s.a(tls13Decode.o)  ../libssl_s.a(sslDecode.o) (matrixSslDecodeTls13)
../libssl_s.a(tls13DecodeExt.o)
                              ../libssl_s.a(tls13Decode.o) (tls13ExtensionAllowedInMessage)
../libssl_s.a(tls13KeyAgree.o)
                              ../libssl_s.a(tls13DecodeExt.o) (tls13ImportPublicValue)
../libssl_s.a(tls13KeySchedule.o)
                              ../libssl_s.a(tls13Decode.o) (tls13GenerateEarlySecret)
../libssl_s.a(tls13Negotiate.o)
                              ../libssl_s.a(cipherSuite.o) (tls13TryNegotiateParams)
../libssl_s.a(tls13Psk.o)     ../libssl_s.a(tls13Decode.o) (tls13NewPsk)
../libssl_s.a(tls13Resume.o)  ../libssl_s.a(tls13Decode.o) (tls13DeriveResumptionPsk)
../libssl_s.a(tls13SigVer.o)  ../libssl_s.a(tls13Encode.o) (tls13ChooseSigAlg)
../libssl_s.a(tls13TrHash.o)  ../libssl_s.a(hsHash.o) (tls13TranscriptHashInit)
../libssl_s.a(tls.o)          ../libssl_s.a(sslEncode.o) (tlsExtendedDeriveKeys)
../libssl_s.a(hsDecode.o)     ../libssl_s.a(sslDecode.o) (parseClientHello)
../libssl_s.a(tls13Authenticate.o)
                              ../libssl_s.a(tls13Decode.o) (tls13ValidateCertChain)
../libssl_s.a(extDecode.o)    ../libssl_s.a(hsDecode.o) (parseClientHelloExtensions)
../../crypto/libcrypt_s.a(alg_info.o)
                              ../libssl_s.a(cipherSuite.o) (psGetOutputBlockLength)
../../crypto/libcrypt_s.a(aes_aesni.o)
                              ../libssl_s.a(matrixssl.o) (psAesClearCBC)
../../crypto/libcrypt_s.a(sha1.o)
                              ../libssl_s.a(hsHash.o) (psSha1Init)
../../crypto/libcrypt_s.a(sha256.o)
                              ../libssl_s.a(hsHash.o) (psSha256Init)
../../crypto/libcrypt_s.a(sha512.o)
                              ../libssl_s.a(hsHash.o) (psSha512Init)
../../crypto/libcrypt_s.a(md5sha1.o)
                              ../libssl_s.a(hsHash.o) (psMd5Sha1Init)
../../crypto/libcrypt_s.a(md5.o)
                              ../../crypto/libcrypt_s.a(md5sha1.o) (psMd5Init)
../../crypto/libcrypt_s.a(hmac.o)
                              ../libssl_s.a(tls.o) (psHmacInit)
../../crypto/libcrypt_s.a(hkdf.o)
                              ../libssl_s.a(tls13KeySchedule.o) (psHkdfExtract)
../../crypto/libcrypt_s.a(pem_decode_mem.o)
                              ../libssl_s.a(matrixsslKeys.o) (psPemTryDecode)
../../crypto/libcrypt_s.a(pkcs.o)
                              ../libssl_s.a(matrixsslKeys.o) (psPkcs12ParseMem)
../../crypto/libcrypt_s.a(x509.o)
                              ../libssl_s.a(matrixssl.o) (psX509ValidateGeneralName)
../../crypto/libcrypt_s.a(matrix.o)
                              ../libssl_s.a(matrixssl.o) (psCryptoOpen)
../../crypto/libcrypt_s.a(pstm.o)
                              ../../crypto/libcrypt_s.a(pkcs.o) (pstm_clear)
../../crypto/libcrypt_s.a(pstmnt.o)
                              ../../crypto/libcrypt_s.a(pstm.o) (pstmnt_neg_small_inv)
../../crypto/libcrypt_s.a(pstm_mul_comba.o)
                              ../../crypto/libcrypt_s.a(pstm.o) (pstm_mul_comba)
../../crypto/libcrypt_s.a(pstm_sqr_comba.o)
                              ../../crypto/libcrypt_s.a(pstmnt.o) (pstm_sqr_comba)
../../crypto/libcrypt_s.a(prng.o)
                              ../../crypto/libcrypt_s.a(matrix.o) (psOpenPrng)
../../crypto/libcrypt_s.a(dh.o)
                              ../libssl_s.a(matrixssl.o) (psDhClearKey)
[...]
Memory Configuration

Name             Origin             Length             Attributes
*default*        0x0000000000000000 0xffffffffffffffff

Linker script and memory map

LOAD /usr/lib/gcc/x86_64-linux-gnu/11/../../../x86_64-linux-gnu/Scrt1.o
LOAD /usr/lib/gcc/x86_64-linux-gnu/11/../../../x86_64-linux-gnu/crti.o
LOAD /usr/lib/gcc/x86_64-linux-gnu/11/crtbeginS.o
LOAD sslTest.o
LOAD ../libssl_s.a
LOAD ../../crypto/libcrypt_s.a
LOAD ../../core/libcore_s.a
LOAD /usr/lib/gcc/x86_64-linux-gnu/11/../../../x86_64-linux-gnu/libpthread.so
LOAD /usr/lib/gcc/x86_64-linux-gnu/11/libgcc.a
LOAD /usr/lib/gcc/x86_64-linux-gnu/11/libgcc_s.so
START GROUP
LOAD /usr/lib/gcc/x86_64-linux-gnu/11/../../../x86_64-linux-gnu/libgcc_s.so.1
LOAD /usr/lib/gcc/x86_64-linux-gnu/11/libgcc.a
END GROUP
LOAD /usr/lib/gcc/x86_64-linux-gnu/11/../../../x86_64-linux-gnu/libc.so
START GROUP
LOAD /lib/x86_64-linux-gnu/libc.so.6
LOAD /usr/lib/x86_64-linux-gnu/libc_nonshared.a
LOAD /lib/x86_64-linux-gnu/ld-linux-x86-64.so.2
END GROUP
LOAD /usr/lib/gcc/x86_64-linux-gnu/11/libgcc.a
LOAD /usr/lib/gcc/x86_64-linux-gnu/11/libgcc_s.so
START GROUP
LOAD /usr/lib/gcc/x86_64-linux-gnu/11/../../../x86_64-linux-gnu/libgcc_s.so.1
LOAD /usr/lib/gcc/x86_64-linux-gnu/11/libgcc.a
END GROUP
LOAD /usr/lib/gcc/x86_64-linux-gnu/11/crtendS.o
LOAD /usr/lib/gcc/x86_64-linux-gnu/11/../../../x86_64-linux-gnu/crtn.o
                [!provide]                        PROVIDE (__executable_start = SEGMENT_START ("text-segment", 0x0))
                0x0000000000000350                . = (SEGMENT_START ("text-segment", 0x0) + SIZEOF_HEADERS)

.interp         0x0000000000000350       0x1c
 *(.interp)
 .interp        0x0000000000000350       0x1c /usr/lib/gcc/x86_64-linux-gnu/11/../../../x86_64-linux-gnu/Scrt1.o

.note.gnu.property
                0x0000000000000370       0x20
 .note.gnu.property
                0x0000000000000370       0x20 /usr/lib/gcc/x86_64-linux-gnu/11/../../../x86_64-linux-gnu/Scrt1.o

.note.gnu.build-id
                0x0000000000000390       0x24
 *(.note.gnu.build-id)
 .note.gnu.build-id
                0x0000000000000390       0x24 /usr/lib/gcc/x86_64-linux-gnu/11/../../../x86_64-linux-gnu/Scrt1.o

.note.ABI-tag   0x00000000000003b4       0x20
 .note.ABI-tag  0x00000000000003b4       0x20 /usr/lib/gcc/x86_64-linux-gnu/11/../../../x86_64-linux-gnu/Scrt1.o

.hash
 *(.hash)

.gnu.hash       0x00000000000003d8       0x28
 *(.gnu.hash)
 .gnu.hash      0x00000000000003d8       0x28 /usr/lib/gcc/x86_64-linux-gnu/11/../../../x86_64-linux-gnu/Scrt1.o

.dynsym         0x0000000000000400      0x588
 *(.dynsym)
 .dynsym        0x0000000000000400      0x588 /usr/lib/gcc/x86_64-linux-gnu/11/../../../x86_64-linux-gnu/Scrt1.o

.dynstr         0x0000000000000988      0x2f0
 *(.dynstr)
 .dynstr        0x0000000000000988      0x2f0 /usr/lib/gcc/x86_64-linux-gnu/11/../../../x86_64-linux-gnu/Scrt1.o

.gnu.version    0x0000000000000c78       0x76
 *(.gnu.version)
 .gnu.version   0x0000000000000c78       0x76 /usr/lib/gcc/x86_64-linux-gnu/11/../../../x86_64-linux-gnu/Scrt1.o

.gnu.version_d  0x0000000000000cf0        0x0
 *(.gnu.version_d)
 .gnu.version_d
                0x0000000000000cf0        0x0 /usr/lib/gcc/x86_64-linux-gnu/11/../../../x86_64-linux-gnu/Scrt1.o

.gnu.version_r  0x0000000000000cf0       0x90
 *(.gnu.version_r)
 .gnu.version_r
                0x0000000000000cf0       0x90 /usr/lib/gcc/x86_64-linux-gnu/11/../../../x86_64-linux-gnu/Scrt1.o

.rela.dyn       0x0000000000000d80     0x1608
 *(.rela.init)
 *(.rela.text .rela.text.* .rela.gnu.linkonce.t.*)
 .rela.text.parse_args
                0x0000000000000d80        0x0 /usr/lib/gcc/x86_64-linux-gnu/11/../../../x86_64-linux-gnu/Scrt1.o
 .rela.text.startup.main
                0x0000000000000d80        0x0 /usr/lib/gcc/x86_64-linux-gnu/11/../../../x86_64-linux-gnu/Scrt1.o
 .rela.text     0x0000000000000d80        0x0 /usr/lib/gcc/x86_64-linux-gnu/11/../../../x86_64-linux-gnu/Scrt1.o
 *(.rela.fini)
 *(.rela.rodata .rela.rodata.* .rela.gnu.linkonce.r.*)
 *(.rela.data .rela.data.* .rela.gnu.linkonce.d.*)
 .rela.data.rel.ro
                0x0000000000000d80        0x0 /usr/lib/gcc/x86_64-linux-gnu/11/../../../x86_64-linux-gnu/Scrt1.o
 .rela.data.rel.local
                0x0000000000000d80       0x18 /usr/lib/gcc/x86_64-linux-gnu/11/../../../x86_64-linux-gnu/Scrt1.o
 .rela.data.rel.ro.supportedCiphers
                0x0000000000000d98      0xf60 /usr/lib/gcc/x86_64-linux-gnu/11/../../../x86_64-linux-gnu/Scrt1.o
 .rela.data.rel.ro.local.eccCurves
                0x0000000000001cf8      0x348 /usr/lib/gcc/x86_64-linux-gnu/11/../../../x86_64-linux-gnu/Scrt1.o
 .rela.data.rel.implementation
                0x0000000000002040       0x48 /usr/lib/gcc/x86_64-linux-gnu/11/../../../x86_64-linux-gnu/Scrt1.o
 .rela.data.rel.local.psCrypto_onetimeauth_poly1305_sse2_implementation
                0x0000000000002088       0x78 /usr/lib/gcc/x86_64-linux-gnu/11/../../../x86_64-linux-gnu/Scrt1.o
 .rela.data.rel.local.psCrypto_onetimeauth_poly1305_donna_implementation
                0x0000000000002100       0x78 /usr/lib/gcc/x86_64-linux-gnu/11/../../../x86_64-linux-gnu/Scrt1.o
 .rela.data.rel.local.psCrypto_stream_chacha20_dolbeau_ssse3_implementation
                0x0000000000002178       0x60 /usr/lib/gcc/x86_64-linux-gnu/11/../../../x86_64-linux-gnu/Scrt1.o
 .rela.data.rel.local.psCrypto_stream_chacha20_ref_implementation
                0x00000000000021d8       0x60 /usr/lib/gcc/x86_64-linux-gnu/11/../../../x86_64-linux-gnu/Scrt1.o
 .rela.data.rel.local.psSodium_crypto_scalarmult_curve25519_ref10_implementation
                0x0000000000002238       0x30 /usr/lib/gcc/x86_64-linux-gnu/11/../../../x86_64-linux-gnu/Scrt1.o
 .rela.data.rel.ro.psStaticAllocationsPool
                0x0000000000002268       0x18 /usr/lib/gcc/x86_64-linux-gnu/11/../../../x86_64-linux-gnu/Scrt1.o
 *(.rela.tdata .rela.tdata.* .rela.gnu.linkonce.td.*)
 *(.rela.tbss .rela.tbss.* .rela.gnu.linkonce.tb.*)
 *(.rela.ctors)
 *(.rela.dtors)
 *(.rela.got)
 .rela.got      0x0000000000002280       0xc0 /usr/lib/gcc/x86_64-linux-gnu/11/../../../x86_64-linux-gnu/Scrt1.o
 *(.rela.bss .rela.bss.* .rela.gnu.linkonce.b.*)
 .rela.bss      0x0000000000002340       0x18 /usr/lib/gcc/x86_64-linux-gnu/11/../../../x86_64-linux-gnu/Scrt1.o
 *(.rela.ldata .rela.ldata.* .rela.gnu.linkonce.l.*)
 *(.rela.lbss .rela.lbss.* .rela.gnu.linkonce.lb.*)
 *(.rela.lrodata .rela.lrodata.* .rela.gnu.linkonce.lr.*)
 *(.rela.ifunc)
 .rela.ifunc    0x0000000000002358        0x0 /usr/lib/gcc/x86_64-linux-gnu/11/../../../x86_64-linux-gnu/Scrt1.o
 .rela.fini_array
                0x0000000000002358       0x18 /usr/lib/gcc/x86_64-linux-gnu/11/../../../x86_64-linux-gnu/Scrt1.o
 .rela.init_array
                0x0000000000002370       0x18 /usr/lib/gcc/x86_64-linux-gnu/11/../../../x86_64-linux-gnu/Scrt1.o

.rela.plt       0x0000000000002388      0x4c8
 *(.rela.plt)
 .rela.plt      0x0000000000002388      0x4c8 /usr/lib/gcc/x86_64-linux-gnu/11/../../../x86_64-linux-gnu/Scrt1.o
 *(.rela.iplt)
                0x0000000000003000                . = ALIGN (CONSTANT (MAXPAGESIZE))

.init           0x0000000000003000       0x1b
 *(SORT_NONE(.init))
 .init          0x0000000000003000       0x16 /usr/lib/gcc/x86_64-linux-gnu/11/../../../x86_64-linux-gnu/crti.o
                0x0000000000003000                _init
 .init          0x0000000000003016        0x5 /usr/lib/gcc/x86_64-linux-gnu/11/../../../x86_64-linux-gnu/crtn.o

.plt            0x0000000000003020      0x340
 *(.plt)
 .plt           0x0000000000003020      0x340 /usr/lib/gcc/x86_64-linux-gnu/11/../../../x86_64-linux-gnu/Scrt1.o
 *(.iplt)

.plt.got        0x0000000000003360       0x10
 *(.plt.got)
 .plt.got       0x0000000000003360       0x10 /usr/lib/gcc/x86_64-linux-gnu/11/../../../x86_64-linux-gnu/Scrt1.o
                0x0000000000003360                __cxa_finalize@@GLIBC_2.2.5

.plt.sec        0x0000000000003370      0x330
 *(.plt.sec)
 .plt.sec       0x0000000000003370      0x330 /usr/lib/gcc/x86_64-linux-gnu/11/../../../x86_64-linux-gnu/Scrt1.o
                0x0000000000003370                __ctype_toupper_loc@@GLIBC_2.3
                0x0000000000003380                getenv@@GLIBC_2.2.5
                0x0000000000003390                __snprintf_chk@@GLIBC_2.3.4
                0x00000000000033a0                free@@GLIBC_2.2.5
                0x00000000000033b0                putchar@@GLIBC_2.2.5
                0x00000000000033c0                pthread_create@@GLIBC_2.2.5
                0x00000000000033d0                strcasecmp@@GLIBC_2.2.5
                0x00000000000033e0                abort@@GLIBC_2.2.5
                0x00000000000033f0                __errno_location@@GLIBC_2.2.5
                0x0000000000003400                strncmp@@GLIBC_2.2.5
                0x0000000000003410                strcpy@@GLIBC_2.2.5
                0x0000000000003420                puts@@GLIBC_2.2.5
                0x0000000000003430                clock_gettime@@GLIBC_2.17
                0x0000000000003440                strlen@@GLIBC_2.2.5
                0x0000000000003450                pthread_mutexattr_destroy@@GLIBC_2.2.5
                0x0000000000003460                __stack_chk_fail@@GLIBC_2.4
                0x0000000000003470                strchr@@GLIBC_2.2.5
                0x0000000000003480                pthread_mutex_destroy@@GLIBC_2.2.5
                0x0000000000003490                pthread_mutexattr_init@@GLIBC_2.2.5
                0x00000000000034a0                gmtime_r@@GLIBC_2.2.5
                0x00000000000034b0                __assert_fail@@GLIBC_2.2.5
                0x00000000000034c0                fputs@@GLIBC_2.2.5
                0x00000000000034d0                memset@@GLIBC_2.2.5
                0x00000000000034e0                close@@GLIBC_2.2.5
                0x00000000000034f0                memchr@@GLIBC_2.2.5
                0x0000000000003500                read@@GLIBC_2.2.5
                0x0000000000003510                memcmp@@GLIBC_2.2.5
                0x0000000000003520                calloc@@GLIBC_2.2.5
                0x0000000000003530                strcmp@@GLIBC_2.2.5
                0x0000000000003540                __memcpy_chk@@GLIBC_2.3.4
                0x0000000000003550                strtol@@GLIBC_2.2.5
                0x0000000000003560                memcpy@@GLIBC_2.14
                0x0000000000003570                time@@GLIBC_2.2.5
                0x0000000000003580                pthread_mutex_unlock@@GLIBC_2.2.5
                0x0000000000003590                malloc@@GLIBC_2.2.5
                0x00000000000035a0                realloc@@GLIBC_2.2.5
                0x00000000000035b0                __printf_chk@@GLIBC_2.3.4
                0x00000000000035c0                setvbuf@@GLIBC_2.2.5
                0x00000000000035d0                strftime@@GLIBC_2.2.5
                0x00000000000035e0                memmove@@GLIBC_2.2.5
                0x00000000000035f0                open@@GLIBC_2.2.5
                0x0000000000003600                fopen@@GLIBC_2.2.5
                0x0000000000003610                pthread_join@@GLIBC_2.2.5
                0x0000000000003620                __memset_chk@@GLIBC_2.3.4
                0x0000000000003630                exit@@GLIBC_2.2.5
                0x0000000000003640                fwrite@@GLIBC_2.2.5
                0x0000000000003650                __fprintf_chk@@GLIBC_2.3.4
                0x0000000000003660                pthread_mutexattr_setpshared@@GLIBC_2.2.5
                0x0000000000003670                pthread_mutex_init@@GLIBC_2.2.5
                0x0000000000003680                strstr@@GLIBC_2.2.5
                0x0000000000003690                pthread_mutex_lock@@GLIBC_2.2.5

.text           0x00000000000036a0    0x73815
 *(.text.unlikely .text.*_unlikely .text.unlikely.*)
 .text.unlikely.psVerFromEncoding
                0x00000000000036a0        0x6 ../libssl_s.a(hsNegotiateVersion.o)
 .text.unlikely.psVerFromEncodingMajMin
                0x00000000000036a6        0x6 ../libssl_s.a(hsNegotiateVersion.o)
 .text.unlikely.tls13GenSharedSecret
                0x00000000000036ac       0x3a ../libssl_s.a(tls13KeyAgree.o)
 .text.unlikely.getExplicitExtensions
                0x00000000000036e6        0x8 ../../crypto/libcrypt_s.a(x509.o)
 .text.unlikely.getAsnLength32
                0x00000000000036ee        0x6 ../../crypto/libcrypt_s.a(asn1.o)
 .text.unlikely.getAsnSequence32
                0x00000000000036f4        0xb ../../crypto/libcrypt_s.a(asn1.o)
 .text.unlikely.chacha20_encrypt_bytes.part.0
                0x00000000000036ff        0x5 ../../crypto/libcrypt_s.a(chacha20_dolbeau-ssse3.o)
 .text.unlikely.chacha20_encrypt_bytes.part.0
                0x0000000000003704        0x5 ../../crypto/libcrypt_s.a(chacha20_ref.o)
 .text.unlikely.psLockMutex
                0x0000000000003709        0x5 ../../core/libcore_s.a(osdep.o)
 .text.unlikely.psUnlockMutex
                0x000000000000370e        0x5 ../../core/libcore_s.a(osdep.o)
 *(.text.exit .text.exit.*)
 *(.text.startup .text.startup.*)
 *fill*         0x0000000000003713        0xd 
 .text.startup.main
                0x0000000000003720      0x215 sslTest.o
                0x0000000000003720                main
 *(.text.hot .text.hot.*)
 *(SORT_BY_NAME(.text.sorted.*))
 *(.text .stub .text.* .gnu.linkonce.t.*)
 *fill*         0x0000000000003935        0xb 
 .text          0x0000000000003940       0x2f /usr/lib/gcc/x86_64-linux-gnu/11/../../../x86_64-linux-gnu/Scrt1.o
                0x0000000000003940                _start
 *fill*         0x000000000000396f        0x1 
 .text          0x0000000000003970       0xb9 /usr/lib/gcc/x86_64-linux-gnu/11/crtbeginS.o
 *fill*         0x0000000000003a29        0x7 
 .text.clnCertChecker
                0x0000000000003a30        0xf sslTest.o
 *fill*         0x0000000000003a3f        0x1 
 .text.performHandshake
                0x0000000000003a40      0x174 sslTest.o
 *fill*         0x0000000000003bb4        0xc 
 .text.tls13PerformHandshake
                0x0000000000003bc0      0x293 sslTest.o
 *fill*         0x0000000000003e53        0xd 
 .text.initializeServer
                0x0000000000003e60      0x299 sslTest.o
 *fill*         0x00000000000040f9        0x7 
 .text.initializeClient
                0x0000000000004100      0x357 sslTest.o
 *fill*         0x0000000000004457        0x9 
 .text.initializeResumedHandshake
                0x0000000000004460       0xf4 sslTest.o
 *fill*         0x0000000000004554        0xc 
 .text.initializeClientAuthHandshake
                0x0000000000004560      0x1d4 sslTest.o
 *fill*         0x0000000000004734        0xc 
 .text.tls13InitializeServer
                0x0000000000004740      0x376 sslTest.o
 *fill*         0x0000000000004ab6        0xa 
 .text.identityCb
                0x0000000000004ac0       0x4c sslTest.o
 *fill*         0x0000000000004b0c        0x4 
 .text.tls13SendEarlyData
                0x0000000000004b10      0x129 sslTest.o
 *fill*         0x0000000000004c39        0x7 
 .text.tls13InitializeClient
                0x0000000000004c40      0x524 sslTest.o
 *fill*         0x0000000000005164        0xc 
 .text.svrCertChecker
                0x0000000000005170        0xf sslTest.o
 *fill*         0x000000000000517f        0x1 
 .text.exchangeAppData.part.0.constprop.0
                0x0000000000005180      0x489 sslTest.o
 *fill*         0x0000000000005609        0x7 
 .text.exchangeAppData.part.0.constprop.1
                0x0000000000005610      0x489 sslTest.o
 *fill*         0x0000000000005a99        0x7 
 .text.exchangeAppData.part.0.constprop.2
                0x0000000000005aa0      0x489 sslTest.o
 *fill*         0x0000000000005f29        0x7 
 .text.parse_args
                0x0000000000005f30       0xea sslTest.o
                0x0000000000005f30                parse_args
 *fill*         0x000000000000601a        0x6 
 .text.testProtocolVersion
                0x0000000000006020      0x114 sslTest.o
                0x0000000000006020                testProtocolVersion
 *fill*         0x0000000000006134        0xc 
 .text.sslTest  0x0000000000006140      0xc91 sslTest.o
                0x0000000000006140                sslTest
 *fill*         0x0000000000006dd1        0xf 
 .text.tls13sslTest
                0x0000000000006de0      0x713 sslTest.o
                0x0000000000006de0                tls13sslTest
 *fill*         0x00000000000074f3        0xd 
 .text.invokeSslTest
                0x0000000000007500       0x52 sslTest.o
                0x0000000000007500                invokeSslTest
 *fill*         0x0000000000007552        0xe 
 .text.sslTestPt
                0x0000000000007560       0x59 sslTest.o
                0x0000000000007560                sslTestPt
 *fill*         0x00000000000075b9        0x7 
 .text.csNullInit
                0x00000000000075c0        0x7 ../libssl_s.a(cipherSuite.o)
 *fill*         0x00000000000075c7        0x9 
 .text.csNullGenerateMac
                0x00000000000075d0        0x7 ../libssl_s.a(cipherSuite.o)
 *fill*         0x00000000000075d7        0x9 
 .text.csNullEncrypt
                0x00000000000075e0       0x1e ../libssl_s.a(cipherSuite.o)
 *fill*         0x00000000000075fe        0x2 
 .text.csAesEncrypt
                0x0000000000007600       0x26 ../libssl_s.a(cipherSuite.o)
                0x0000000000007600                csAesEncrypt
 *fill*         0x0000000000007626        0xa 
 .text.csAesDecrypt
                0x0000000000007630       0x26 ../libssl_s.a(cipherSuite.o)
                0x0000000000007630                csAesDecrypt
 *fill*         0x0000000000007656        0xa 
 .text.csNullDecrypt
                0x0000000000007660       0x1e ../libssl_s.a(cipherSuite.o)
 *fill*         0x000000000000767e        0x2 
 .text.csShaGenerateMac
                0x0000000000007680      0x159 ../libssl_s.a(cipherSuite.o)
 *fill*         0x00000000000077d9        0x7 
 .text.csShaVerifyMac
                0x00000000000077e0      0x10a ../libssl_s.a(cipherSuite.o)
 *fill*         0x00000000000078ea        0x6 
 .text.csAesGcmInit
                0x00000000000078f0       0xb2 ../libssl_s.a(cipherSuite.o)
                0x00000000000078f0                csAesGcmInit
 *fill*         0x00000000000079a2        0xe 
 .text.csAesGcmDecrypt
                0x00000000000079b0      0x16a ../libssl_s.a(cipherSuite.o)
                0x00000000000079b0                csAesGcmDecrypt
 *fill*         0x0000000000007b1a        0x6 
 .text.csAesGcmEncrypt
                0x0000000000007b20      0x1c9 ../libssl_s.a(cipherSuite.o)
                0x0000000000007b20                csAesGcmEncrypt
 *fill*         0x0000000000007ce9        0x7 
 .text.csAesInit
                0x0000000000007cf0       0xcf ../libssl_s.a(cipherSuite.o)
                0x0000000000007cf0                csAesInit
 *fill*         0x0000000000007dbf        0x1 
 .text.csChacha20Poly1305IetfInit
                0x0000000000007dc0       0x81 ../libssl_s.a(cipherSuite.o)
                0x0000000000007dc0                csChacha20Poly1305IetfInit
 *fill*         0x0000000000007e41        0xf 
 .text.csNullVerifyMac
                0x0000000000007e50        0x7 ../libssl_s.a(cipherSuite.o)
 *fill*         0x0000000000007e57        0x9 
 .text.haveKeyMaterial
                0x0000000000007e60      0x532 ../libssl_s.a(cipherSuite.o)
                0x0000000000007e60                haveKeyMaterial
 *fill*         0x0000000000008392        0xe 
 .text.sslGetCipherSpecListExt.constprop.0
                0x00000000000083a0      0x28c ../libssl_s.a(cipherSuite.o)
 *fill*         0x000000000000862c        0x4 
 .text.csCheckCertAgainstCipherSuite
                0x0000000000008630       0x4d ../libssl_s.a(cipherSuite.o)
                0x0000000000008630                csCheckCertAgainstCipherSuite
 *fill*         0x000000000000867d        0x3 
 .text.sslGetDefinedCipherSpec
                0x0000000000008680       0x5b ../libssl_s.a(cipherSuite.o)
                0x0000000000008680                sslGetDefinedCipherSpec
 *fill*         0x00000000000086db        0x5 
 .text.sslGetCipherSpec
                0x00000000000086e0      0x255 ../libssl_s.a(cipherSuite.o)
                0x00000000000086e0                sslGetCipherSpec
 *fill*         0x0000000000008935        0xb 
 .text.chooseCipherSuite
                0x0000000000008940      0x66e ../libssl_s.a(cipherSuite.o)
                0x0000000000008940                chooseCipherSuite
 *fill*         0x0000000000008fae        0x2 
 .text.eccSuitesSupported
                0x0000000000008fb0      0x2c6 ../libssl_s.a(cipherSuite.o)
                0x0000000000008fb0                eccSuitesSupported
 *fill*         0x0000000000009276        0xa 
 .text.sslGetCipherSpecList
                0x0000000000009280        0xe ../libssl_s.a(cipherSuite.o)
                0x0000000000009280                sslGetCipherSpecList
 *fill*         0x000000000000928e        0x2 
 .text.sslGetCipherSpecListLen
                0x0000000000009290        0xf ../libssl_s.a(cipherSuite.o)
                0x0000000000009290                sslGetCipherSpecListLen
 *fill*         0x000000000000929f        0x1 
 .text.matrixSslSetKexFlags
                0x00000000000092a0       0xd1 ../libssl_s.a(cipherSuite.o)
                0x00000000000092a0                matrixSslSetKexFlags
 *fill*         0x0000000000009371        0xf 
 .text.fragmentHSMessage
                0x0000000000009380      0x2e8 ../libssl_s.a(dtls.o)
 *fill*         0x0000000000009668        0x8 
 .text.dtlsGenCookieSecret
                0x0000000000009670       0x4e ../libssl_s.a(dtls.o)
                0x0000000000009670                dtlsGenCookieSecret
 *fill*         0x00000000000096be        0x2 
 .text.dtlsComputeCookie
                0x00000000000096c0       0xbd ../libssl_s.a(dtls.o)
                0x00000000000096c0                dtlsComputeCookie
 *fill*         0x000000000000977d        0x3 
 .text.matrixDtlsSetPmtu
                0x0000000000009780       0x39 ../libssl_s.a(dtls.o)
                0x0000000000009780                matrixDtlsSetPmtu
 *fill*         0x00000000000097b9        0x7 
 .text.matrixDtlsGetPmtu
                0x00000000000097c0        0xb ../libssl_s.a(dtls.o)
                0x00000000000097c0                matrixDtlsGetPmtu
 *fill*         0x00000000000097cb        0x5 
 .text.dtlsWriteCertificate
                0x00000000000097d0      0x106 ../libssl_s.a(dtls.o)
                0x00000000000097d0                dtlsWriteCertificate
 *fill*         0x00000000000098d6        0xa 
 .text.dtlsWriteCertificateRequest
                0x00000000000098e0      0x167 ../libssl_s.a(dtls.o)
                0x00000000000098e0                dtlsWriteCertificateRequest
 *fill*         0x0000000000009a47        0x9 
 .text.dtlsEncryptFragRecord
                0x0000000000009a50      0x2ad ../libssl_s.a(dtls.o)
                0x0000000000009a50                dtlsEncryptFragRecord
 *fill*         0x0000000000009cfd        0x3 
 .text.dtlsHsHashFragMsg
                0x0000000000009d00      0x146 ../libssl_s.a(dtls.o)
                0x0000000000009d00                dtlsHsHashFragMsg
 *fill*         0x0000000000009e46        0xa 
 .text.dtlsChkReplayWindow
                0x0000000000009e50      0x139 ../libssl_s.a(dtls.o)
                0x0000000000009e50                dtlsChkReplayWindow
 *fill*         0x0000000000009f89        0x7 
 .text.dtlsInitFrag
                0x0000000000009f90       0x53 ../libssl_s.a(dtls.o)
                0x0000000000009f90                dtlsInitFrag
 *fill*         0x0000000000009fe3        0xd 
 .text.dtlsSeenFrag
                0x0000000000009ff0      0x1de ../libssl_s.a(dtls.o)
                0x0000000000009ff0                dtlsSeenFrag
 *fill*         0x000000000000a1ce        0x2 
 .text.dtlsIncrRsn
                0x000000000000a1d0       0xb7 ../libssl_s.a(dtls.o)
                0x000000000000a1d0                dtlsIncrRsn
 *fill*         0x000000000000a287        0x9 
 .text.incrTwoByte
                0x000000000000a290       0x87 ../libssl_s.a(dtls.o)
                0x000000000000a290                incrTwoByte
 *fill*         0x000000000000a317        0x9 
 .text.zeroSixByte
                0x000000000000a320       0x11 ../libssl_s.a(dtls.o)
                0x000000000000a320                zeroSixByte
 *fill*         0x000000000000a331        0xf 
 .text.dtlsCompareEpoch
                0x000000000000a340       0x36 ../libssl_s.a(dtls.o)
                0x000000000000a340                dtlsCompareEpoch
 *fill*         0x000000000000a376        0xa 
 .text.matrixDtlsGetOutdata
                0x000000000000a380      0x5be ../libssl_s.a(dtls.o)
                0x000000000000a380                matrixDtlsGetOutdata
 *fill*         0x000000000000a93e        0x2 
 .text.matrixDtlsSentData
                0x000000000000a940       0x2f ../libssl_s.a(dtls.o)
                0x000000000000a940                matrixDtlsSentData
 *fill*         0x000000000000a96f        0x1 
 .text.tlsGenerateFinishedHash
                0x000000000000a970      0x678 ../libssl_s.a(hsHash.o)
 *fill*         0x000000000000afe8        0x8 
 .text.sslInitHSHash
                0x000000000000aff0       0x78 ../libssl_s.a(hsHash.o)
                0x000000000000aff0                sslInitHSHash
 *fill*         0x000000000000b068        0x8 
 .text.sslUpdateHSHash
                0x000000000000b070       0xcf ../libssl_s.a(hsHash.o)
                0x000000000000b070                sslUpdateHSHash
 *fill*         0x000000000000b13f        0x1 
 .text.sslSha1RetrieveHSHash
                0x000000000000b140       0x1e ../libssl_s.a(hsHash.o)
                0x000000000000b140                sslSha1RetrieveHSHash
 *fill*         0x000000000000b15e        0x2 
 .text.sslSha384RetrieveHSHash
                0x000000000000b160       0x2d ../libssl_s.a(hsHash.o)
                0x000000000000b160                sslSha384RetrieveHSHash
 *fill*         0x000000000000b18d        0x3 
 .text.sslSha512RetrieveHSHash
                0x000000000000b190       0x39 ../libssl_s.a(hsHash.o)
                0x000000000000b190                sslSha512RetrieveHSHash
 *fill*         0x000000000000b1c9        0x7 
 .text.sslSha1SnapshotHSHash
                0x000000000000b1d0       0x10 ../libssl_s.a(hsHash.o)
                0x000000000000b1d0                sslSha1SnapshotHSHash
 .text.sslSha384SnapshotHSHash
                0x000000000000b1e0       0xfd ../libssl_s.a(hsHash.o)
                0x000000000000b1e0                sslSha384SnapshotHSHash
 *fill*         0x000000000000b2dd        0x3 
 .text.sslSha512SnapshotHSHash
                0x000000000000b2e0       0xfd ../libssl_s.a(hsHash.o)
                0x000000000000b2e0                sslSha512SnapshotHSHash
 *fill*         0x000000000000b3dd        0x3 
 .text.extMasterSecretSnapshotHSHash
                0x000000000000b3e0      0x277 ../libssl_s.a(hsHash.o)
                0x000000000000b3e0                extMasterSecretSnapshotHSHash
 *fill*         0x000000000000b657        0x9 
 .text.sslSnapshotHSHash
                0x000000000000b660       0xd5 ../libssl_s.a(hsHash.o)
                0x000000000000b660                sslSnapshotHSHash
 *fill*         0x000000000000b735        0xb 
 .text.psEncodeVersionMin
                0x000000000000b740       0xf6 ../libssl_s.a(hsNegotiateVersion.o)
                0x000000000000b740                psEncodeVersionMin
 *fill*         0x000000000000b836        0xa 
 .text.psEncodeVersionMaj
                0x000000000000b840       0x96 ../libssl_s.a(hsNegotiateVersion.o)
                0x000000000000b840                psEncodeVersionMaj
 *fill*         0x000000000000b8d6        0xa 
 .text.psVerFromEncoding
                0x000000000000b8e0      0x116 ../libssl_s.a(hsNegotiateVersion.o)
                0x000000000000b8e0                psVerFromEncoding
 *fill*         0x000000000000b9f6        0xa 
 .text.psVerFromEncodingMajMin
                0x000000000000ba00      0x116 ../libssl_s.a(hsNegotiateVersion.o)
                0x000000000000ba00                psVerFromEncodingMajMin
 *fill*         0x000000000000bb16        0xa 
 .text.psVerGetHighestTls
                0x000000000000bb20       0x2e ../libssl_s.a(hsNegotiateVersion.o)
                0x000000000000bb20                psVerGetHighestTls
 *fill*         0x000000000000bb4e        0x2 
 .text.checkClientHelloVersion
                0x000000000000bb50       0x94 ../libssl_s.a(hsNegotiateVersion.o)
                0x000000000000bb50                checkClientHelloVersion
 *fill*         0x000000000000bbe4        0xc 
 .text.checkServerHelloVersion
                0x000000000000bbf0       0x38 ../libssl_s.a(hsNegotiateVersion.o)
                0x000000000000bbf0                checkServerHelloVersion
 *fill*         0x000000000000bc28        0x8 
 .text.checkSupportedVersions
                0x000000000000bc30       0xda ../libssl_s.a(hsNegotiateVersion.o)
                0x000000000000bc30                checkSupportedVersions
 *fill*         0x000000000000bd0a        0x6 
 .text.performTls13DowngradeCheck
                0x000000000000bd10       0x69 ../libssl_s.a(hsNegotiateVersion.o)
                0x000000000000bd10                performTls13DowngradeCheck
 *fill*         0x000000000000bd79        0x7 
 .text.matrixSslOpenWithConfig
                0x000000000000bd80      0x1dd ../libssl_s.a(matrixssl.o)
                0x000000000000bd80                matrixSslOpenWithConfig
 *fill*         0x000000000000bf5d        0x3 
 .text.matrixSslClose
                0x000000000000bf60       0x46 ../libssl_s.a(matrixssl.o)
                0x000000000000bf60                matrixSslClose
 *fill*         0x000000000000bfa6        0xa 
 .text.matrixSslGetEarlyDataStatus
                0x000000000000bfb0       0x16 ../libssl_s.a(matrixssl.o)
                0x000000000000bfb0                matrixSslGetEarlyDataStatus
 *fill*         0x000000000000bfc6        0xa 
 .text.matrixSslGetMaxEarlyData
                0x000000000000bfd0       0x46 ../libssl_s.a(matrixssl.o)
                0x000000000000bfd0                matrixSslGetMaxEarlyData
 *fill*         0x000000000000c016        0xa 
 .text.matrixSslHandshakeIsComplete
                0x000000000000c020       0x11 ../libssl_s.a(matrixssl.o)
                0x000000000000c020                matrixSslHandshakeIsComplete
 *fill*         0x000000000000c031        0xf 
 .text.matrixSslSetCertValidator
                0x000000000000c040       0x16 ../libssl_s.a(matrixssl.o)
                0x000000000000c040                matrixSslSetCertValidator
 *fill*         0x000000000000c056        0xa 
 .text.matrixRegisterSession
                0x000000000000c060      0x1a0 ../libssl_s.a(matrixssl.o)
                0x000000000000c060                matrixRegisterSession
 .text.matrixClearSession
                0x000000000000c200      0x156 ../libssl_s.a(matrixssl.o)
                0x000000000000c200                matrixClearSession
 *fill*         0x000000000000c356        0xa 
 .text.matrixResumeSession
                0x000000000000c360      0x255 ../libssl_s.a(matrixssl.o)
                0x000000000000c360                matrixResumeSession
 *fill*         0x000000000000c5b5        0xb 
 .text.matrixUpdateSession
                0x000000000000c5c0      0x16a ../libssl_s.a(matrixssl.o)
                0x000000000000c5c0                matrixUpdateSession
 *fill*         0x000000000000c72a        0x6 
 .text.matrixSslDeleteSession
                0x000000000000c730      0x2e9 ../libssl_s.a(matrixssl.o)
                0x000000000000c730                matrixSslDeleteSession
 *fill*         0x000000000000ca19        0x7 
 .text.matrixSslNewSession
                0x000000000000ca20      0x567 ../libssl_s.a(matrixssl.o)
                0x000000000000ca20                matrixSslNewSession
 *fill*         0x000000000000cf87        0x9 
 .text.matrixSslLoadSessionTicketKeys
                0x000000000000cf90      0x145 ../libssl_s.a(matrixssl.o)
                0x000000000000cf90                matrixSslLoadSessionTicketKeys
 *fill*         0x000000000000d0d5        0xb 
 .text.matrixSessionTicketLen
                0x000000000000d0e0        0xa ../libssl_s.a(matrixssl.o)
                0x000000000000d0e0                matrixSessionTicketLen
 *fill*         0x000000000000d0ea        0x6 
 .text.matrixCreateSessionTicket
                0x000000000000d0f0      0x23d ../libssl_s.a(matrixssl.o)
                0x000000000000d0f0                matrixCreateSessionTicket
 *fill*         0x000000000000d32d        0x3 
 .text.matrixUnlockSessionTicket
                0x000000000000d330      0x38f ../libssl_s.a(matrixssl.o)
                0x000000000000d330                matrixUnlockSessionTicket
 *fill*         0x000000000000d6bf        0x1 
 .text.matrixSslGetSessionId
                0x000000000000d6c0       0xe6 ../libssl_s.a(matrixssl.o)
                0x000000000000d6c0                matrixSslGetSessionId
 *fill*         0x000000000000d7a6        0xa 
 .text.matrixServerGetKeysSNI
                0x000000000000d7b0       0x5c ../libssl_s.a(matrixssl.o)
                0x000000000000d7b0                matrixServerGetKeysSNI
 *fill*         0x000000000000d80c        0x4 
 .text.sslResetContext
                0x000000000000d810      0x13a ../libssl_s.a(matrixssl.o)
                0x000000000000d810                sslResetContext
 *fill*         0x000000000000d94a        0x6 
 .text.matrixValidateCertsExt
                0x000000000000d950      0x836 ../libssl_s.a(matrixssl.o)
                0x000000000000d950                matrixValidateCertsExt
 *fill*         0x000000000000e186        0xa 
 .text.matrixUserCertValidator
                0x000000000000e190       0x2b ../libssl_s.a(matrixssl.o)
                0x000000000000e190                matrixUserCertValidator
 *fill*         0x000000000000e1bb        0x5 
 .text.matrixSslReorderCertChain
                0x000000000000e1c0       0xc1 ../libssl_s.a(matrixsslKeys.o)
                0x000000000000e1c0                matrixSslReorderCertChain
 *fill*         0x000000000000e281        0xf 
 .text.matrixSslCreateIdentity
                0x000000000000e290      0x5b6 ../libssl_s.a(matrixsslKeys.o)
                0x000000000000e290                matrixSslCreateIdentity
 *fill*         0x000000000000e846        0xa 
 .text.matrixSslLoadRsaKeysMem
                0x000000000000e850      0x3ce ../libssl_s.a(matrixsslKeys.o)
                0x000000000000e850                matrixSslLoadRsaKeysMem
 *fill*         0x000000000000ec1e        0x2 
 .text.matrixSslLoadEcKeysMem
                0x000000000000ec20      0x3ce ../libssl_s.a(matrixsslKeys.o)
                0x000000000000ec20                matrixSslLoadEcKeysMem
 *fill*         0x000000000000efee        0x2 
 .text.matrixSslLoadDhParamsMem
                0x000000000000eff0       0x1e ../libssl_s.a(matrixsslKeys.o)
                0x000000000000eff0                matrixSslLoadDhParamsMem
 *fill*         0x000000000000f00e        0x2 
 .text.curveIdToFlag
                0x000000000000f010       0x88 ../libssl_s.a(matrixsslKeys.o)
                0x000000000000f010                curveIdToFlag
 *fill*         0x000000000000f098        0x8 
 .text.psTestUserEcID
                0x000000000000f0a0       0x90 ../libssl_s.a(matrixsslKeys.o)
                0x000000000000f0a0                psTestUserEcID
 .text.psTestUserEc
                0x000000000000f130      0x364 ../libssl_s.a(matrixsslKeys.o)
                0x000000000000f130                psTestUserEc
 *fill*         0x000000000000f494        0xc 
 .text.matrixSslGenEphemeralEcKey
                0x000000000000f4a0      0x190 ../libssl_s.a(matrixsslKeys.o)
                0x000000000000f4a0                matrixSslGenEphemeralEcKey
 .text.matrixSslNewKeys
                0x000000000000f630       0x70 ../libssl_s.a(matrixsslKeys.o)
                0x000000000000f630                matrixSslNewKeys
 .text.matrixSslDeleteKeys
                0x000000000000f6a0      0x139 ../libssl_s.a(matrixsslKeys.o)
                0x000000000000f6a0                matrixSslDeleteKeys
 *fill*         0x000000000000f7d9        0x7 
 .text.revertToDefaultBufsize
                0x000000000000f7e0       0xda ../libssl_s.a(matrixsslApi.o)
 *fill*         0x000000000000f8ba        0x6 
 .text.matrixSslNewClientSession
                0x000000000000f8c0      0x490 ../libssl_s.a(matrixsslApi.o)
                0x000000000000f8c0                matrixSslNewClientSession
 .text.matrixSslRegisterClientIdentityCallback
                0x000000000000fd50        0xc ../libssl_s.a(matrixsslApi.o)
                0x000000000000fd50                matrixSslRegisterClientIdentityCallback
 *fill*         0x000000000000fd5c        0x4 
 .text.matrixSslNewSessionId
                0x000000000000fd60       0x2a ../libssl_s.a(matrixsslApi.o)
                0x000000000000fd60                matrixSslNewSessionId
 *fill*         0x000000000000fd8a        0x6 
 .text.matrixSslClearSessionId
                0x000000000000fd90       0x4e ../libssl_s.a(matrixsslApi.o)
                0x000000000000fd90                matrixSslClearSessionId
 *fill*         0x000000000000fdde        0x2 
 .text.matrixSslDeleteSessionId
                0x000000000000fde0       0x41 ../libssl_s.a(matrixsslApi.o)
                0x000000000000fde0                matrixSslDeleteSessionId
 *fill*         0x000000000000fe21        0xf 
 .text.matrixSslNewServerSession
                0x000000000000fe30      0x138 ../libssl_s.a(matrixsslApi.o)
                0x000000000000fe30                matrixSslNewServerSession
 *fill*         0x000000000000ff68        0x8 
 .text.matrixSslGetReadbuf
                0x000000000000ff70       0x9c ../libssl_s.a(matrixsslApi.o)
                0x000000000000ff70                matrixSslGetReadbuf
 *fill*         0x000000000001000c        0x4 
 .text.matrixSslGetOutdata
                0x0000000000010010       0x88 ../libssl_s.a(matrixsslApi.o)
                0x0000000000010010                matrixSslGetOutdata
 *fill*         0x0000000000010098        0x8 
 .text.matrixSslGetWritebuf
                0x00000000000100a0      0x337 ../libssl_s.a(matrixsslApi.o)
                0x00000000000100a0                matrixSslGetWritebuf
 *fill*         0x00000000000103d7        0x9 
 .text.matrixSslEncodeWritebuf
                0x00000000000103e0      0x1da ../libssl_s.a(matrixsslApi.o)
                0x00000000000103e0                matrixSslEncodeWritebuf
 *fill*         0x00000000000105ba        0x6 
 .text.matrixSslReceivedData
                0x00000000000105c0      0xa4c ../libssl_s.a(matrixsslApi.o)
                0x00000000000105c0                matrixSslReceivedData
 *fill*         0x000000000001100c        0x4 
 .text.matrixSslProcessedData
                0x0000000000011010      0x1da ../libssl_s.a(matrixsslApi.o)
                0x0000000000011010                matrixSslProcessedData
 *fill*         0x00000000000111ea        0x6 
 .text.matrixSslSentData
                0x00000000000111f0      0x130 ../libssl_s.a(matrixsslApi.o)
                0x00000000000111f0                matrixSslSentData
 .text.addVersion
                0x0000000000011320       0xa8 ../libssl_s.a(matrixsslInitVer.o)
                0x0000000000011320                addVersion
 *fill*         0x00000000000113c8        0x8 
 .text.initSupportedVersions
                0x00000000000113d0      0x6e8 ../libssl_s.a(matrixsslInitVer.o)
                0x00000000000113d0                initSupportedVersions
 *fill*         0x0000000000011ab8        0x8 
 .text.prf      0x0000000000011ac0      0xbc5 ../libssl_s.a(prf.o)
                0x0000000000011ac0                prf
 *fill*         0x0000000000012685        0xb 
 .text.prf2     0x0000000000012690      0x50b ../libssl_s.a(prf.o)
                0x0000000000012690                prf2
 *fill*         0x0000000000012b9b        0x5 
 .text.matrixSslLoadPsk
                0x0000000000012ba0      0x230 ../libssl_s.a(psk.o)
                0x0000000000012ba0                matrixSslLoadPsk
 .text.matrixPskGetHint
                0x0000000000012dd0       0x11 ../libssl_s.a(psk.o)
                0x0000000000012dd0                matrixPskGetHint
 *fill*         0x0000000000012de1        0xf 
 .text.matrixSslPskGetKeyId
                0x0000000000012df0       0x2a ../libssl_s.a(psk.o)
                0x0000000000012df0                matrixSslPskGetKeyId
 *fill*         0x0000000000012e1a        0x6 
 .text.matrixSslPskGetKey
                0x0000000000012e20       0xd7 ../libssl_s.a(psk.o)
                0x0000000000012e20                matrixSslPskGetKey
 *fill*         0x0000000000012ef7        0x9 
 .text.matrixSslDecode
                0x0000000000012f00     0x2b07 ../libssl_s.a(sslDecode.o)
                0x0000000000012f00                matrixSslDecode
 *fill*         0x0000000000015a07        0x9 
 .text.addCertFragOverhead
                0x0000000000015a10      0x19b ../libssl_s.a(sslEncode.o)
 *fill*         0x0000000000015bab        0x5 
 .text.nowDoCkePka
                0x0000000000015bb0      0xa31 ../libssl_s.a(sslEncode.o)
 *fill*         0x00000000000165e1        0xf 
 .text.matrixSslGetEncodedSize
                0x00000000000165f0      0x166 ../libssl_s.a(sslEncode.o)
                0x00000000000165f0                matrixSslGetEncodedSize
 *fill*         0x0000000000016756        0xa 
 .text.accountForEcdsaSizeChange
                0x0000000000016760      0x3ec ../libssl_s.a(sslEncode.o)
                0x0000000000016760                accountForEcdsaSizeChange
 *fill*         0x0000000000016b4c        0x4 
 .text.calcCkeSize
                0x0000000000016b50       0xeb ../libssl_s.a(sslEncode.o)
                0x0000000000016b50                calcCkeSize
 *fill*         0x0000000000016c3b        0x5 
 .text.clearFlightList
                0x0000000000016c40       0x43 ../libssl_s.a(sslEncode.o)
                0x0000000000016c40                clearFlightList
 *fill*         0x0000000000016c83        0xd 
 .text.getPkaAfter
                0x0000000000016c90       0x30 ../libssl_s.a(sslEncode.o)
                0x0000000000016c90                getPkaAfter
 .text.freePkaAfter
                0x0000000000016cc0       0x68 ../libssl_s.a(sslEncode.o)
                0x0000000000016cc0                freePkaAfter
 *fill*         0x0000000000016d28        0x8 
 .text.clearPkaAfter
                0x0000000000016d30       0x99 ../libssl_s.a(sslEncode.o)
                0x0000000000016d30                clearPkaAfter
 *fill*         0x0000000000016dc9        0x7 
 .text.writeRecordHeader
                0x0000000000016dd0      0x544 ../libssl_s.a(sslEncode.o)
                0x0000000000016dd0                writeRecordHeader
 *fill*         0x0000000000017314        0xc 
 .text.writeCertificateStatus.part.0
                0x0000000000017320      0x229 ../libssl_s.a(sslEncode.o)
 *fill*         0x0000000000017549        0x7 
 .text.writeChangeCipherSpec
                0x0000000000017550      0x1e9 ../libssl_s.a(sslEncode.o)
 *fill*         0x0000000000017739        0x7 
 .text.writeFinished
                0x0000000000017740      0x279 ../libssl_s.a(sslEncode.o)
 *fill*         0x00000000000179b9        0x7 
 .text.postponeEncryptRecord
                0x00000000000179c0      0x270 ../libssl_s.a(sslEncode.o)
                0x00000000000179c0                postponeEncryptRecord
 .text.writeServerKeyExchange
                0x0000000000017c30      0x400 ../libssl_s.a(sslEncode.o)
 .text.writeServerHello
                0x0000000000018030      0x608 ../libssl_s.a(sslEncode.o)
 *fill*         0x0000000000018638        0x8 
 .text.writeCertificate.part.0
                0x0000000000018640      0x770 ../libssl_s.a(sslEncode.o)
 .text.writeClientKeyExchange
                0x0000000000018db0      0xace ../libssl_s.a(sslEncode.o)
 *fill*         0x000000000001987e        0x2 
 .text.encryptRecord
                0x0000000000019880      0x55f ../libssl_s.a(sslEncode.o)
                0x0000000000019880                encryptRecord
 *fill*         0x0000000000019ddf        0x1 
 .text.matrixSslEncode
                0x0000000000019de0      0x2ff ../libssl_s.a(sslEncode.o)
                0x0000000000019de0                matrixSslEncode
 *fill*         0x000000000001a0df        0x1 
 .text.writeAlert
                0x000000000001a0e0      0x15b ../libssl_s.a(sslEncode.o)
 *fill*         0x000000000001a23b        0x5 
 .text.encryptFlight
                0x000000000001a240      0xb40 ../libssl_s.a(sslEncode.o)
 .text.psGenerateServerRandom
                0x000000000001ad80       0x8a ../libssl_s.a(sslEncode.o)
                0x000000000001ad80                psGenerateServerRandom
 *fill*         0x000000000001ae0a        0x6 
 .text.matrixSslEncodeClientHello
                0x000000000001ae10      0xef2 ../libssl_s.a(sslEncode.o)
                0x000000000001ae10                matrixSslEncodeClientHello
 *fill*         0x000000000001bd02        0xe 
 .text.sslEncodeResponse
                0x000000000001bd10     0x297e ../libssl_s.a(sslEncode.o)
                0x000000000001bd10                sslEncodeResponse
 *fill*         0x000000000001e68e        0x2 
 .text.psWriteRecordInfo
                0x000000000001e690      0x1bf ../libssl_s.a(sslEncode.o)
                0x000000000001e690                psWriteRecordInfo
 *fill*         0x000000000001e84f        0x1 
 .text.psWriteHandshakeHeader
                0x000000000001e850       0xb7 ../libssl_s.a(sslEncode.o)
                0x000000000001e850                psWriteHandshakeHeader
 *fill*         0x000000000001e907        0x9 
 .text.sslWritePad
                0x000000000001e910       0x73 ../libssl_s.a(sslEncode.o)
                0x000000000001e910                sslWritePad
 *fill*         0x000000000001e983        0xd 
 .text.getDefaultSigAlgs
                0x000000000001e990      0x16a ../libssl_s.a(tlsDefaults.o)
                0x000000000001e990                getDefaultSigAlgs
 *fill*         0x000000000001eafa        0x6 
 .text.tls13GetDefaultSigAlgsCert
                0x000000000001eb00       0x7e ../libssl_s.a(tlsDefaults.o)
                0x000000000001eb00                tls13GetDefaultSigAlgsCert
 *fill*         0x000000000001eb7e        0x2 
 .text.tls13GetDefaultGroups
                0x000000000001eb80       0x2d ../libssl_s.a(tlsDefaults.o)
                0x000000000001eb80                tls13GetDefaultGroups
 *fill*         0x000000000001ebad        0x3 
 .text.getDefaultCipherSuites
                0x000000000001ebb0       0x8e ../libssl_s.a(tlsDefaults.o)
                0x000000000001ebb0                getDefaultCipherSuites
 *fill*         0x000000000001ec3e        0x2 
 .text.getDefaultVersions
                0x000000000001ec40       0x38 ../libssl_s.a(tlsDefaults.o)
                0x000000000001ec40                getDefaultVersions
 *fill*         0x000000000001ec78        0x8 
 .text.matrixSslSetClientIdentity
                0x000000000001ec80       0x33 ../libssl_s.a(tlsSelectKeys.o)
                0x000000000001ec80                matrixSslSetClientIdentity
 *fill*         0x000000000001ecb3        0xd 
 .text.matrixSslChooseClientKeys
                0x000000000001ecc0      0x167 ../libssl_s.a(tlsSelectKeys.o)
                0x000000000001ecc0                matrixSslChooseClientKeys
 *fill*         0x000000000001ee27        0x9 
 .text.computeSkeHash
                0x000000000001ee30      0x203 ../libssl_s.a(tlsSigVer.o)
                0x000000000001ee30                computeSkeHash
 *fill*         0x000000000001f033        0xd 
 .text.tlsPrepareSkeSignature
                0x000000000001f040      0x3f2 ../libssl_s.a(tlsSigVer.o)
                0x000000000001f040                tlsPrepareSkeSignature
 *fill*         0x000000000001f432        0xe 
 .text.tlsMakeSkeSignature
                0x000000000001f440      0x26b ../libssl_s.a(tlsSigVer.o)
                0x000000000001f440                tlsMakeSkeSignature
 *fill*         0x000000000001f6ab        0x5 
 .text.tlsVerify
                0x000000000001f6b0      0x551 ../libssl_s.a(tlsSigVer.o)
                0x000000000001f6b0                tlsVerify
 *fill*         0x000000000001fc01        0xf 
 .text.peerSupportsSigAlg
                0x000000000001fc10       0xe3 ../libssl_s.a(tlsSigVer.o)
                0x000000000001fc10                peerSupportsSigAlg
 *fill*         0x000000000001fcf3        0xd 
 .text.canUseSigAlg
                0x000000000001fd00      0x14c ../libssl_s.a(tlsSigVer.o)
                0x000000000001fd00                canUseSigAlg
 *fill*         0x000000000001fe4c        0x4 
 .text.chooseSigAlgInt
                0x000000000001fe50      0x31b ../libssl_s.a(tlsSigVer.o)
                0x000000000001fe50                chooseSigAlgInt
 *fill*         0x000000000002016b        0x5 
 .text.chooseSkeSigAlg
                0x0000000000020170       0x53 ../libssl_s.a(tlsSigVer.o)
                0x0000000000020170                chooseSkeSigAlg
 *fill*         0x00000000000201c3        0xd 
 .text.chooseSigAlg
                0x00000000000201d0      0x316 ../libssl_s.a(tlsSigVer.o)
                0x00000000000201d0                chooseSigAlg
 *fill*         0x00000000000204e6        0xa 
 .text.getSignatureAndHashAlgorithmEncoding
                0x00000000000204f0      0x13e ../libssl_s.a(tlsSigVer.o)
                0x00000000000204f0                getSignatureAndHashAlgorithmEncoding
 *fill*         0x000000000002062e        0x2 
 .text.csAesGcmInitTls13
                0x0000000000020630       0xb2 ../libssl_s.a(tls13CipherSuite.o)
                0x0000000000020630                csAesGcmInitTls13
 *fill*         0x00000000000206e2        0xe 
 .text.csAesGcmEncryptTls13
                0x00000000000206f0      0x19b ../libssl_s.a(tls13CipherSuite.o)
                0x00000000000206f0                csAesGcmEncryptTls13
 *fill*         0x000000000002088b        0x5 
 .text.csAesGcmDecryptTls13
                0x0000000000020890      0x1a4 ../libssl_s.a(tls13CipherSuite.o)
                0x0000000000020890                csAesGcmDecryptTls13
 *fill*         0x0000000000020a34        0xc 
 .text.csChacha20Poly1305IetfEncryptTls13
                0x0000000000020a40      0x1ab ../libssl_s.a(tls13CipherSuite.o)
                0x0000000000020a40                csChacha20Poly1305IetfEncryptTls13
 *fill*         0x0000000000020beb        0x5 
 .text.csChacha20Poly1305IetfDecryptTls13
                0x0000000000020bf0      0x173 ../libssl_s.a(tls13CipherSuite.o)
                0x0000000000020bf0                csChacha20Poly1305IetfDecryptTls13
 *fill*         0x0000000000020d63        0xd 
 .text.tls13GetCipherHmacAlg
                0x0000000000020d70       0x20 ../libssl_s.a(tls13CipherSuite.o)
                0x0000000000020d70                tls13GetCipherHmacAlg
 .text.tls13GetCipherHashSize
                0x0000000000020d90       0x25 ../libssl_s.a(tls13CipherSuite.o)
                0x0000000000020d90                tls13GetCipherHashSize
 *fill*         0x0000000000020db5        0xb 
 .text.tls13CipherIdToHmacAlg
                0x0000000000020dc0       0x39 ../libssl_s.a(tls13CipherSuite.o)
                0x0000000000020dc0                tls13CipherIdToHmacAlg
 *fill*         0x0000000000020df9        0x7 
 .text.isTls13Ciphersuite
                0x0000000000020e00       0x14 ../libssl_s.a(tls13CipherSuite.o)
                0x0000000000020e00                isTls13Ciphersuite
 *fill*         0x0000000000020e14        0xc 
 .text.tls13GetPadLen
                0x0000000000020e20      0x125 ../libssl_s.a(tls13Encode.o)
                0x0000000000020e20                tls13GetPadLen
 *fill*         0x0000000000020f45        0xb 
 .text.tls13WriteRecordHeader
                0x0000000000020f50      0x60d ../libssl_s.a(tls13Encode.o)
 *fill*         0x000000000002155d        0x3 
 .text.makeHsRecord
                0x0000000000021560      0x37e ../libssl_s.a(tls13Encode.o)
 *fill*         0x00000000000218de        0x2 
 .text.tls13WriteServerHello
                0x00000000000218e0      0x2aa ../libssl_s.a(tls13Encode.o)
 *fill*         0x0000000000021b8a        0x6 
 .text.tls13WriteCertificate
                0x0000000000021b90      0x396 ../libssl_s.a(tls13Encode.o)
 *fill*         0x0000000000021f26        0xa 
 .text.tls13WriteCertificateVerify
                0x0000000000021f30      0x2f2 ../libssl_s.a(tls13Encode.o)
 *fill*         0x0000000000022222        0xe 
 .text.tls13WriteFinished
                0x0000000000022230      0x12b ../libssl_s.a(tls13Encode.o)
 *fill*         0x000000000002235b        0x5 
 .text.tls13EstimateNextFlightSize
                0x0000000000022360       0x3e ../libssl_s.a(tls13Encode.o)
                0x0000000000022360                tls13EstimateNextFlightSize
 *fill*         0x000000000002239e        0x2 
 .text.tls13EncryptMessage
                0x00000000000223a0      0x186 ../libssl_s.a(tls13Encode.o)
                0x00000000000223a0                tls13EncryptMessage
 *fill*         0x0000000000022526        0xa 
 .text.tls13EncodeAppData
                0x0000000000022530      0x184 ../libssl_s.a(tls13Encode.o)
                0x0000000000022530                tls13EncodeAppData
 *fill*         0x00000000000226b4        0xc 
 .text.tls13EncodeAlert
                0x00000000000226c0      0x137 ../libssl_s.a(tls13Encode.o)
                0x00000000000226c0                tls13EncodeAlert
 *fill*         0x00000000000227f7        0x9 
 .text.tls13WriteClientHello
                0x0000000000022800      0x4c2 ../libssl_s.a(tls13Encode.o)
                0x0000000000022800                tls13WriteClientHello
 *fill*         0x0000000000022cc2        0xe 
 .text.tls13EncodeResponse
                0x0000000000022cd0      0x9f0 ../libssl_s.a(tls13Encode.o)
                0x0000000000022cd0                tls13EncodeResponse
 .text.tls13WriteCookie
                0x00000000000236c0      0x1a4 ../libssl_s.a(tls13EncodeExt.o)
 *fill*         0x0000000000023864        0xc 
 .text.tls13WritePreSharedKey.constprop.0
                0x0000000000023870      0x46c ../libssl_s.a(tls13EncodeExt.o)
 *fill*         0x0000000000023cdc        0x4 
 .text.tls13WriteSigAlgs
                0x0000000000023ce0      0x152 ../libssl_s.a(tls13EncodeExt.o)
                0x0000000000023ce0                tls13WriteSigAlgs
 *fill*         0x0000000000023e32        0xe 
 .text.tls13WriteCertificateAuthorities
                0x0000000000023e40      0x199 ../libssl_s.a(tls13EncodeExt.o)
                0x0000000000023e40                tls13WriteCertificateAuthorities
 *fill*         0x0000000000023fd9        0x7 
 .text.tls13WriteEarlyData
                0x0000000000023fe0       0x9f ../libssl_s.a(tls13EncodeExt.o)
                0x0000000000023fe0                tls13WriteEarlyData
 *fill*         0x000000000002407f        0x1 
 .text.tls13FillInPskBinders
                0x0000000000024080      0x1b9 ../libssl_s.a(tls13EncodeExt.o)
                0x0000000000024080                tls13FillInPskBinders
 *fill*         0x0000000000024239        0x7 
 .text.tls13WriteServerHelloExtensions
                0x0000000000024240      0x284 ../libssl_s.a(tls13EncodeExt.o)
                0x0000000000024240                tls13WriteServerHelloExtensions
 *fill*         0x00000000000244c4        0xc 
 .text.tls13WriteOCSPStatusRequest
                0x00000000000244d0      0x1cb ../libssl_s.a(tls13EncodeExt.o)
                0x00000000000244d0                tls13WriteOCSPStatusRequest
 *fill*         0x000000000002469b        0x5 
 .text.tls13WriteClientHelloExtensions
                0x00000000000246a0      0x900 ../libssl_s.a(tls13EncodeExt.o)
                0x00000000000246a0                tls13WriteClientHelloExtensions
 .text.tls13ParseAndHandleAlert
                0x0000000000024fa0       0xa5 ../libssl_s.a(tls13Decode.o)
 *fill*         0x0000000000025045        0xb 
 .text.matrixSslDecodeTls13
                0x0000000000025050     0x23c2 ../libssl_s.a(tls13Decode.o)
                0x0000000000025050                matrixSslDecodeTls13
 *fill*         0x0000000000027412        0xe 
 .text.tls13ParseStatusRequest.part.0
                0x0000000000027420      0x17c ../libssl_s.a(tls13DecodeExt.o)
 *fill*         0x000000000002759c        0x4 
 .text.tls13ExtensionAllowedInMessage
                0x00000000000275a0      0x104 ../libssl_s.a(tls13DecodeExt.o)
                0x00000000000275a0                tls13ExtensionAllowedInMessage
 *fill*         0x00000000000276a4        0xc 
 .text.tls13ParseSupportedVersions
                0x00000000000276b0       0xd2 ../libssl_s.a(tls13DecodeExt.o)
                0x00000000000276b0                tls13ParseSupportedVersions
 *fill*         0x0000000000027782        0xe 
 .text.tls13ParsePreSharedKey
                0x0000000000027790      0x7c4 ../libssl_s.a(tls13DecodeExt.o)
                0x0000000000027790                tls13ParsePreSharedKey
 *fill*         0x0000000000027f54        0xc 
 .text.tls13ParsePskKeyExchangeModes
                0x0000000000027f60      0x22a ../libssl_s.a(tls13DecodeExt.o)
                0x0000000000027f60                tls13ParsePskKeyExchangeModes
 *fill*         0x000000000002818a        0x6 
 .text.tls13ParseCookie
                0x0000000000028190      0x1f6 ../libssl_s.a(tls13DecodeExt.o)
                0x0000000000028190                tls13ParseCookie
 *fill*         0x0000000000028386        0xa 
 .text.tls13ParseEarlyData
                0x0000000000028390       0xb5 ../libssl_s.a(tls13DecodeExt.o)
                0x0000000000028390                tls13ParseEarlyData
 *fill*         0x0000000000028445        0xb 
 .text.tls13ParseExtensions
                0x0000000000028450      0x1fe ../libssl_s.a(tls13DecodeExt.o)
                0x0000000000028450                tls13ParseExtensions
 *fill*         0x000000000002864e        0x2 
 .text.tls13ParseSignatureAlgorithms
                0x0000000000028650      0x222 ../libssl_s.a(tls13DecodeExt.o)
                0x0000000000028650                tls13ParseSignatureAlgorithms
 *fill*         0x0000000000028872        0xe 
 .text.tls13ParseCertificateAuthorities
                0x0000000000028880      0x2eb ../libssl_s.a(tls13DecodeExt.o)
                0x0000000000028880                tls13ParseCertificateAuthorities
 *fill*         0x0000000000028b6b        0x5 
 .text.tls13ParseEncryptedExtensions
                0x0000000000028b70      0x2b7 ../libssl_s.a(tls13DecodeExt.o)
                0x0000000000028b70                tls13ParseEncryptedExtensions
 *fill*         0x0000000000028e27        0x9 
 .text.tls13ParseServerHelloExtensions
                0x0000000000028e30      0x4af ../libssl_s.a(tls13DecodeExt.o)
                0x0000000000028e30                tls13ParseServerHelloExtensions
 *fill*         0x00000000000292df        0x1 
 .text.tls13GenerateKeyForGroup
                0x00000000000292e0      0x290 ../libssl_s.a(tls13KeyAgree.o)
 .text.tls13ImportPublicValue
                0x0000000000029570      0x19f ../libssl_s.a(tls13KeyAgree.o)
                0x0000000000029570                tls13ImportPublicValue
 *fill*         0x000000000002970f        0x1 
 .text.tls13ExportPublicValue
                0x0000000000029710      0x149 ../libssl_s.a(tls13KeyAgree.o)
                0x0000000000029710                tls13ExportPublicValue
 *fill*         0x0000000000029859        0x7 
 .text.tls13IntersectionPrioritySelect
                0x0000000000029860       0xf1 ../libssl_s.a(tls13KeyAgree.o)
                0x0000000000029860                tls13IntersectionPrioritySelect
 *fill*         0x0000000000029951        0xf 
 .text.tls13IntersectionPrioritySelectU16
                0x0000000000029960      0x425 ../libssl_s.a(tls13KeyAgree.o)
                0x0000000000029960                tls13IntersectionPrioritySelectU16
 *fill*         0x0000000000029d85        0xb 
 .text.tls13NegotiateGroup
                0x0000000000029d90      0x36f ../libssl_s.a(tls13KeyAgree.o)
                0x0000000000029d90                tls13NegotiateGroup
 *fill*         0x000000000002a0ff        0x1 
 .text.tls13ServerChooseHelloRetryRequestGroup
                0x000000000002a100       0x22 ../libssl_s.a(tls13KeyAgree.o)
                0x000000000002a100                tls13ServerChooseHelloRetryRequestGroup
 *fill*         0x000000000002a122        0xe 
 .text.tls13GenerateEphemeralKeys
                0x000000000002a130       0x8e ../libssl_s.a(tls13KeyAgree.o)
                0x000000000002a130                tls13GenerateEphemeralKeys
 *fill*         0x000000000002a1be        0x2 
 .text.tls13GenSharedSecret
                0x000000000002a1c0      0x388 ../libssl_s.a(tls13KeyAgree.o)
                0x000000000002a1c0                tls13GenSharedSecret
 *fill*         0x000000000002a548        0x8 
 .text.tls13GetGroupKey
                0x000000000002a550       0x3f ../libssl_s.a(tls13KeyAgree.o)
                0x000000000002a550                tls13GetGroupKey
 *fill*         0x000000000002a58f        0x1 
 .text.tls13AddPeerSupportedGroup
                0x000000000002a590       0x46 ../libssl_s.a(tls13KeyAgree.o)
                0x000000000002a590                tls13AddPeerSupportedGroup
 *fill*         0x000000000002a5d6        0xa 
 .text.tls13AddPeerKeyShareGroup
                0x000000000002a5e0       0x46 ../libssl_s.a(tls13KeyAgree.o)
                0x000000000002a5e0                tls13AddPeerKeyShareGroup
 *fill*         0x000000000002a626        0xa 
 .text.tls13WeSupportGroup
                0x000000000002a630       0x33 ../libssl_s.a(tls13KeyAgree.o)
                0x000000000002a630                tls13WeSupportGroup
 *fill*         0x000000000002a663        0xd 
 .text.tls13GenerateEarlySecret
                0x000000000002a670      0x15b ../libssl_s.a(tls13KeySchedule.o)
                0x000000000002a670                tls13GenerateEarlySecret
 *fill*         0x000000000002a7cb        0x5 
 .text.tls13DeriveEarlySecrets
                0x000000000002a7d0      0x211 ../libssl_s.a(tls13KeySchedule.o)
                0x000000000002a7d0                tls13DeriveEarlySecrets
 *fill*         0x000000000002a9e1        0xf 
 .text.tls13DeriveHandshakeTrafficSecrets
                0x000000000002a9f0      0x318 ../libssl_s.a(tls13KeySchedule.o)
                0x000000000002a9f0                tls13DeriveHandshakeTrafficSecrets
 *fill*         0x000000000002ad08        0x8 
 .text.tls13DeriveAppTrafficSecrets
                0x000000000002ad10      0x2e4 ../libssl_s.a(tls13KeySchedule.o)
                0x000000000002ad10                tls13DeriveAppTrafficSecrets
 *fill*         0x000000000002aff4        0xc 
 .text.tls13DeriveResumptionMasterSecret
                0x000000000002b000       0xc3 ../libssl_s.a(tls13KeySchedule.o)
                0x000000000002b000                tls13DeriveResumptionMasterSecret
 *fill*         0x000000000002b0c3        0xd 
 .text.tls13DeriveHandshakeKeys
                0x000000000002b0d0      0x183 ../libssl_s.a(tls13KeySchedule.o)
                0x000000000002b0d0                tls13DeriveHandshakeKeys
 *fill*         0x000000000002b253        0xd 
 .text.tls13DeriveEarlyDataSecret
                0x000000000002b260      0x1ba ../libssl_s.a(tls13KeySchedule.o)
                0x000000000002b260                tls13DeriveEarlyDataSecret
 *fill*         0x000000000002b41a        0x6 
 .text.tls13DeriveEarlyDataKeys
                0x000000000002b420       0xd8 ../libssl_s.a(tls13KeySchedule.o)
                0x000000000002b420                tls13DeriveEarlyDataKeys
 *fill*         0x000000000002b4f8        0x8 
 .text.tls13DeriveAppKeys
                0x000000000002b500      0x183 ../libssl_s.a(tls13KeySchedule.o)
                0x000000000002b500                tls13DeriveAppKeys
 *fill*         0x000000000002b683        0xd 
 .text.tls13DeriveBinderKey
                0x000000000002b690       0x8d ../libssl_s.a(tls13KeySchedule.o)
                0x000000000002b690                tls13DeriveBinderKey
 *fill*         0x000000000002b71d        0x3 
 .text.tls13DeriveFinishedKey
                0x000000000002b720       0xff ../libssl_s.a(tls13KeySchedule.o)
                0x000000000002b720                tls13DeriveFinishedKey
 *fill*         0x000000000002b81f        0x1 
 .text.tls13ActivateEarlyDataWriteKeys
                0x000000000002b820       0xce ../libssl_s.a(tls13KeySchedule.o)
                0x000000000002b820                tls13ActivateEarlyDataWriteKeys
 *fill*         0x000000000002b8ee        0x2 
 .text.tls13ActivateEarlyDataReadKeys
                0x000000000002b8f0       0xce ../libssl_s.a(tls13KeySchedule.o)
                0x000000000002b8f0                tls13ActivateEarlyDataReadKeys
 *fill*         0x000000000002b9be        0x2 
 .text.tls13ActivateHsWriteKeys
                0x000000000002b9c0       0xc6 ../libssl_s.a(tls13KeySchedule.o)
                0x000000000002b9c0                tls13ActivateHsWriteKeys
 *fill*         0x000000000002ba86        0xa 
 .text.tls13ActivateHsReadKeys
                0x000000000002ba90       0xc6 ../libssl_s.a(tls13KeySchedule.o)
                0x000000000002ba90                tls13ActivateHsReadKeys
 *fill*         0x000000000002bb56        0xa 
 .text.tls13ActivateAppWriteKeys
                0x000000000002bb60       0xce ../libssl_s.a(tls13KeySchedule.o)
                0x000000000002bb60                tls13ActivateAppWriteKeys
 *fill*         0x000000000002bc2e        0x2 
 .text.tls13ActivateAppReadKeys
                0x000000000002bc30       0xce ../libssl_s.a(tls13KeySchedule.o)
                0x000000000002bc30                tls13ActivateAppReadKeys
 *fill*         0x000000000002bcfe        0x2 
 .text.tls13TryNegotiateParams
                0x000000000002bd00      0x224 ../libssl_s.a(tls13Negotiate.o)
                0x000000000002bd00                tls13TryNegotiateParams
 *fill*         0x000000000002bf24        0xc 
 .text.tls13NewPsk
                0x000000000002bf30      0x19d ../libssl_s.a(tls13Psk.o)
                0x000000000002bf30                tls13NewPsk
 *fill*         0x000000000002c0cd        0x3 
 .text.matrixSslLoadTls13Psk
                0x000000000002c0d0       0x5d ../libssl_s.a(tls13Psk.o)
                0x000000000002c0d0                matrixSslLoadTls13Psk
 *fill*         0x000000000002c12d        0x3 
 .text.tls13LoadSessionPsks
                0x000000000002c130      0x14a ../libssl_s.a(tls13Psk.o)
                0x000000000002c130                tls13LoadSessionPsks
 *fill*         0x000000000002c27a        0x6 
 .text.tls13AddSessionPsk
                0x000000000002c280       0x90 ../libssl_s.a(tls13Psk.o)
                0x000000000002c280                tls13AddSessionPsk
 .text.tls13FindSessionPsk
                0x000000000002c310       0xe4 ../libssl_s.a(tls13Psk.o)
                0x000000000002c310                tls13FindSessionPsk
 *fill*         0x000000000002c3f4        0xc 
 .text.tls13GetPskHmacAlg
                0x000000000002c400       0x46 ../libssl_s.a(tls13Psk.o)
                0x000000000002c400                tls13GetPskHmacAlg
 *fill*         0x000000000002c446        0xa 
 .text.tls13GetPskHashLen
                0x000000000002c450       0x70 ../libssl_s.a(tls13Psk.o)
                0x000000000002c450                tls13GetPskHashLen
 .text.tls13FreePsk
                0x000000000002c4c0       0x79 ../libssl_s.a(tls13Psk.o)
                0x000000000002c4c0                tls13FreePsk
 *fill*         0x000000000002c539        0x7 
 .text.tls13DeriveResumptionPsk
                0x000000000002c540       0x87 ../libssl_s.a(tls13Resume.o)
                0x000000000002c540                tls13DeriveResumptionPsk
 *fill*         0x000000000002c5c7        0x9 
 .text.tls13StorePsk
                0x000000000002c5d0      0x113 ../libssl_s.a(tls13Resume.o)
                0x000000000002c5d0                tls13StorePsk
 *fill*         0x000000000002c6e3        0xd 
 .text.tls13ExportState
                0x000000000002c6f0      0x1f4 ../libssl_s.a(tls13Resume.o)
                0x000000000002c6f0                tls13ExportState
 *fill*         0x000000000002c8e4        0xc 
 .text.tls13NewTicket
                0x000000000002c8f0      0x3d6 ../libssl_s.a(tls13Resume.o)
                0x000000000002c8f0                tls13NewTicket
 *fill*         0x000000000002ccc6        0xa 
 .text.tls13ValidateSessionParams
                0x000000000002ccd0       0x61 ../libssl_s.a(tls13Resume.o)
                0x000000000002ccd0                tls13ValidateSessionParams
 *fill*         0x000000000002cd31        0xf 
 .text.tls13ImportState
                0x000000000002cd40      0x566 ../libssl_s.a(tls13Resume.o)
                0x000000000002cd40                tls13ImportState
 *fill*         0x000000000002d2a6        0xa 
 .text.tls13DecryptTicket
                0x000000000002d2b0      0x20d ../libssl_s.a(tls13Resume.o)
                0x000000000002d2b0                tls13DecryptTicket
 *fill*         0x000000000002d4bd        0x3 
 .text.tls13ClearHsState
                0x000000000002d4c0        0xf ../libssl_s.a(tls13Resume.o)
                0x000000000002d4c0                tls13ClearHsState
 *fill*         0x000000000002d4cf        0x1 
 .text.tls13ChooseSigAlg
                0x000000000002d4d0      0x23c ../libssl_s.a(tls13SigVer.o)
                0x000000000002d4d0                tls13ChooseSigAlg
 *fill*         0x000000000002d70c        0x4 
 .text.tls13Sign
                0x000000000002d710      0x26e ../libssl_s.a(tls13SigVer.o)
                0x000000000002d710                tls13Sign
 *fill*         0x000000000002d97e        0x2 
 .text.tls13Verify
                0x000000000002d980      0x34b ../libssl_s.a(tls13SigVer.o)
                0x000000000002d980                tls13Verify
 *fill*         0x000000000002dccb        0x5 
 .text.tls13IsRsaSigAlg
                0x000000000002dcd0       0x4f ../libssl_s.a(tls13SigVer.o)
                0x000000000002dcd0                tls13IsRsaSigAlg
 *fill*         0x000000000002dd1f        0x1 
 .text.tls13IsEcdsaSigAlg
                0x000000000002dd20       0x36 ../libssl_s.a(tls13SigVer.o)
                0x000000000002dd20                tls13IsEcdsaSigAlg
 *fill*         0x000000000002dd56        0xa 
 .text.tls13IsInsecureSigAlg
                0x000000000002dd60       0x10 ../libssl_s.a(tls13SigVer.o)
                0x000000000002dd60                tls13IsInsecureSigAlg
 .text.tls13TranscriptHashInit
                0x000000000002dd70       0x5c ../libssl_s.a(tls13TrHash.o)
                0x000000000002dd70                tls13TranscriptHashInit
 *fill*         0x000000000002ddcc        0x4 
 .text.tls13TranscriptHashUpdate
                0x000000000002ddd0       0xcb ../libssl_s.a(tls13TrHash.o)
                0x000000000002ddd0                tls13TranscriptHashUpdate
 *fill*         0x000000000002de9b        0x5 
 .text.tls13TranscriptHashReinit
                0x000000000002dea0      0x2ac ../libssl_s.a(tls13TrHash.o)
                0x000000000002dea0                tls13TranscriptHashReinit
 *fill*         0x000000000002e14c        0x4 
 .text.tls13TranscriptHashSnapshotAlg
                0x000000000002e150      0x18e ../libssl_s.a(tls13TrHash.o)
                0x000000000002e150                tls13TranscriptHashSnapshotAlg
 *fill*         0x000000000002e2de        0x2 
 .text.tls13TranscriptHashSnapshot
                0x000000000002e2e0       0x3a ../libssl_s.a(tls13TrHash.o)
                0x000000000002e2e0                tls13TranscriptHashSnapshot
 *fill*         0x000000000002e31a        0x6 
 .text.genKeyBlock
                0x000000000002e320      0x241 ../libssl_s.a(tls.o)
 *fill*         0x000000000002e561        0xf 
 .text.tlsExtendedDeriveKeys
                0x000000000002e570      0x17c ../libssl_s.a(tls.o)
                0x000000000002e570                tlsExtendedDeriveKeys
 *fill*         0x000000000002e6ec        0x4 
 .text.tlsHMACSha1
                0x000000000002e6f0      0x1f2 ../libssl_s.a(tls.o)
                0x000000000002e6f0                tlsHMACSha1
 *fill*         0x000000000002e8e2        0xe 
 .text.tlsHMACSha2
                0x000000000002e8f0      0x270 ../libssl_s.a(tls.o)
                0x000000000002e8f0                tlsHMACSha2
 .text.sslCreateKeys
                0x000000000002eb60      0x187 ../libssl_s.a(tls.o)
                0x000000000002eb60                sslCreateKeys
 *fill*         0x000000000002ece7        0x9 
 .text.sslActivateReadCipher
                0x000000000002ecf0      0x32d ../libssl_s.a(tls.o)
                0x000000000002ecf0                sslActivateReadCipher
 *fill*         0x000000000002f01d        0x3 
 .text.sslActivateWriteCipher
                0x000000000002f020      0x557 ../libssl_s.a(tls.o)
                0x000000000002f020                sslActivateWriteCipher
 *fill*         0x000000000002f577        0x9 
 .text.psCopyHelloExtension
                0x000000000002f580       0xf2 ../libssl_s.a(tls.o)
                0x000000000002f580                psCopyHelloExtension
 *fill*         0x000000000002f672        0xe 
 .text.psAddUserExtToSession
                0x000000000002f680       0x52 ../libssl_s.a(tls.o)
                0x000000000002f680                psAddUserExtToSession
 *fill*         0x000000000002f6d2        0xe 
 .text.matrixSslDeleteHelloExtension
                0x000000000002f6e0       0x71 ../libssl_s.a(tls.o)
                0x000000000002f6e0                matrixSslDeleteHelloExtension
 *fill*         0x000000000002f751        0xf 
 .text.findFromUint16Array
                0x000000000002f760       0x2e ../libssl_s.a(tls.o)
                0x000000000002f760                findFromUint16Array
 *fill*         0x000000000002f78e        0x2 
 .text.anyTls13VersionSupported
                0x000000000002f790       0x12 ../libssl_s.a(tls.o)
                0x000000000002f790                anyTls13VersionSupported
 *fill*         0x000000000002f7a2        0xe 
 .text.weOnlySupportTls13
                0x000000000002f7b0       0x1b ../libssl_s.a(tls.o)
                0x000000000002f7b0                weOnlySupportTls13
 *fill*         0x000000000002f7cb        0x5 
 .text.parseClientHello
                0x000000000002f7d0      0x8ae ../libssl_s.a(hsDecode.o)
                0x000000000002f7d0                parseClientHello
 *fill*         0x000000000003007e        0x2 
 .text.parseClientKeyExchange
                0x0000000000030080      0xa1b ../libssl_s.a(hsDecode.o)
                0x0000000000030080                parseClientKeyExchange
 *fill*         0x0000000000030a9b        0x5 
 .text.parseCertificateVerify
                0x0000000000030aa0      0x2e5 ../libssl_s.a(hsDecode.o)
                0x0000000000030aa0                parseCertificateVerify
 *fill*         0x0000000000030d85        0xb 
 .text.parseServerHello
                0x0000000000030d90      0x610 ../libssl_s.a(hsDecode.o)
                0x0000000000030d90                parseServerHello
 .text.parseServerKeyExchange
                0x00000000000313a0      0x518 ../libssl_s.a(hsDecode.o)
                0x00000000000313a0                parseServerKeyExchange
 *fill*         0x00000000000318b8        0x8 
 .text.parseCertificateStatus
                0x00000000000318c0      0x1b5 ../libssl_s.a(hsDecode.o)
                0x00000000000318c0                parseCertificateStatus
 *fill*         0x0000000000031a75        0xb 
 .text.parseServerHelloDone
                0x0000000000031a80      0x19b ../libssl_s.a(hsDecode.o)
                0x0000000000031a80                parseServerHelloDone
 *fill*         0x0000000000031c1b        0x5 
 .text.parseCertificateRequest
                0x0000000000031c20      0x2f3 ../libssl_s.a(hsDecode.o)
                0x0000000000031c20                parseCertificateRequest
 *fill*         0x0000000000031f13        0xd 
 .text.parseFinished
                0x0000000000031f20      0x272 ../libssl_s.a(hsDecode.o)
                0x0000000000031f20                parseFinished
 *fill*         0x0000000000032192        0xe 
 .text.parseCertificate
                0x00000000000321a0      0x6f6 ../libssl_s.a(hsDecode.o)
                0x00000000000321a0                parseCertificate
 *fill*         0x0000000000032896        0xa 
 .text.tls13ValidateCertChain
                0x00000000000328a0      0x361 ../libssl_s.a(tls13Authenticate.o)
                0x00000000000328a0                tls13ValidateCertChain
 *fill*         0x0000000000032c01        0xf 
 .text.tlsParseSignatureAlgorithms
                0x0000000000032c10      0x189 ../libssl_s.a(extDecode.o)
                0x0000000000032c10                tlsParseSignatureAlgorithms
 *fill*         0x0000000000032d99        0x7 
 .text.parseClientHelloExtensions
                0x0000000000032da0      0xb3c ../libssl_s.a(extDecode.o)
                0x0000000000032da0                parseClientHelloExtensions
 *fill*         0x00000000000338dc        0x4 
 .text.parseServerHelloExtensions
                0x00000000000338e0      0x54c ../libssl_s.a(extDecode.o)
                0x00000000000338e0                parseServerHelloExtensions
 *fill*         0x0000000000033e2c        0x4 
 .text.psGetOutputBlockLength
                0x0000000000033e30       0x1c ../../crypto/libcrypt_s.a(alg_info.o)
                0x0000000000033e30                psGetOutputBlockLength
 *fill*         0x0000000000033e4c        0x4 
 .text.psSigAlgToHashLen
                0x0000000000033e50       0xf6 ../../crypto/libcrypt_s.a(alg_info.o)
                0x0000000000033e50                psSigAlgToHashLen
 *fill*         0x0000000000033f46        0xa 
 .text.psPssHashAlgToHashLen
                0x0000000000033f50       0x1b ../../crypto/libcrypt_s.a(alg_info.o)
                0x0000000000033f50                psPssHashAlgToHashLen
 *fill*         0x0000000000033f6b        0x5 
 .text.psHashLenToSigAlg
                0x0000000000033f70      0x126 ../../crypto/libcrypt_s.a(alg_info.o)
                0x0000000000033f70                psHashLenToSigAlg
 *fill*         0x0000000000034096        0xa 
 .text.psIsInsecureSigAlg
                0x00000000000340a0       0x51 ../../crypto/libcrypt_s.a(alg_info.o)
                0x00000000000340a0                psIsInsecureSigAlg
 *fill*         0x00000000000340f1        0xf 
 .text.psIsValidHashLenSigAlgCombination
                0x0000000000034100       0x7b ../../crypto/libcrypt_s.a(alg_info.o)
                0x0000000000034100                psIsValidHashLenSigAlgCombination
 *fill*         0x000000000003417b        0x5 
 .text.psIsEcdheGroup
                0x0000000000034180       0x18 ../../crypto/libcrypt_s.a(alg_info.o)
                0x0000000000034180                psIsEcdheGroup
 *fill*         0x0000000000034198        0x8 
 .text.psIsSigAlgSupported
                0x00000000000341a0       0xc8 ../../crypto/libcrypt_s.a(alg_info.o)
                0x00000000000341a0                psIsSigAlgSupported
 *fill*         0x0000000000034268        0x8 
 .text.psIsGroupSupported
                0x0000000000034270       0x2d ../../crypto/libcrypt_s.a(alg_info.o)
                0x0000000000034270                psIsGroupSupported
 *fill*         0x000000000003429d        0x3 
 .text.galois_mul
                0x00000000000342a0       0xe9 ../../crypto/libcrypt_s.a(aes_aesni.o)
 *fill*         0x0000000000034389        0x7 
 .text.galois_counter.part.0
                0x0000000000034390      0x46d ../../crypto/libcrypt_s.a(aes_aesni.o)
 *fill*         0x00000000000347fd        0x3 
 .text.galois_hash.constprop.0
                0x0000000000034800      0x24b ../../crypto/libcrypt_s.a(aes_aesni.o)
 *fill*         0x0000000000034a4b        0x5 
 .text.gcm_final
                0x0000000000034a50      0x297 ../../crypto/libcrypt_s.a(aes_aesni.o)
 *fill*         0x0000000000034ce7        0x9 
 .text.gcm_update.part.0
                0x0000000000034cf0      0x346 ../../crypto/libcrypt_s.a(aes_aesni.o)
 *fill*         0x0000000000035036        0xa 
 .text.psAesInitBlockKey
                0x0000000000035040      0xc77 ../../crypto/libcrypt_s.a(aes_aesni.o)
                0x0000000000035040                psAesInitBlockKey
 *fill*         0x0000000000035cb7        0x9 
 .text.psAesClearCBC
                0x0000000000035cc0       0x15 ../../crypto/libcrypt_s.a(aes_aesni.o)
                0x0000000000035cc0                psAesClearCBC
 *fill*         0x0000000000035cd5        0xb 
 .text.psAesInitCBC
                0x0000000000035ce0      0x12e ../../crypto/libcrypt_s.a(aes_aesni.o)
                0x0000000000035ce0                psAesInitCBC
 *fill*         0x0000000000035e0e        0x2 
 .text.psAesEncryptCBC
                0x0000000000035e10      0x1c4 ../../crypto/libcrypt_s.a(aes_aesni.o)
                0x0000000000035e10                psAesEncryptCBC
 *fill*         0x0000000000035fd4        0xc 
 .text.psAesDecryptCBC
                0x0000000000035fe0      0x219 ../../crypto/libcrypt_s.a(aes_aesni.o)
                0x0000000000035fe0                psAesDecryptCBC
 *fill*         0x00000000000361f9        0x7 
 .text.psAesClearGCM
                0x0000000000036200       0x15 ../../crypto/libcrypt_s.a(aes_aesni.o)
                0x0000000000036200                psAesClearGCM
 *fill*         0x0000000000036215        0xb 
 .text.psAesInitGCM
                0x0000000000036220      0x2bd ../../crypto/libcrypt_s.a(aes_aesni.o)
                0x0000000000036220                psAesInitGCM
 *fill*         0x00000000000364dd        0x3 
 .text.psAesReadyGCM
                0x00000000000364e0       0x67 ../../crypto/libcrypt_s.a(aes_aesni.o)
                0x00000000000364e0                psAesReadyGCM
 *fill*         0x0000000000036547        0x9 
 .text.psAesReadyGCMRandomIV
                0x0000000000036550       0xa0 ../../crypto/libcrypt_s.a(aes_aesni.o)
                0x0000000000036550                psAesReadyGCMRandomIV
 .text.psAesEncryptGCM
                0x00000000000365f0       0xcb ../../crypto/libcrypt_s.a(aes_aesni.o)
                0x00000000000365f0                psAesEncryptGCM
 *fill*         0x00000000000366bb        0x5 
 .text.psAesGetGCMTag
                0x00000000000366c0       0xbe ../../crypto/libcrypt_s.a(aes_aesni.o)
                0x00000000000366c0                psAesGetGCMTag
 *fill*         0x000000000003677e        0x2 
 .text.psAesDecryptGCM
                0x0000000000036780      0x10f ../../crypto/libcrypt_s.a(aes_aesni.o)
                0x0000000000036780                psAesDecryptGCM
 *fill*         0x000000000003688f        0x1 
 .text._sha1_compress
                0x0000000000036890     0x113b ../../crypto/libcrypt_s.a(sha1.o)
 *fill*         0x00000000000379cb        0x5 
 .text.psSha1Init
                0x00000000000379d0       0x25 ../../crypto/libcrypt_s.a(sha1.o)
                0x00000000000379d0                psSha1Init
 *fill*         0x00000000000379f5        0xb 
 .text.psSha1Update
                0x0000000000037a00       0xb1 ../../crypto/libcrypt_s.a(sha1.o)
                0x0000000000037a00                psSha1Update
 *fill*         0x0000000000037ab1        0xf 
 .text.psSha1Final
                0x0000000000037ac0      0x17b ../../crypto/libcrypt_s.a(sha1.o)
                0x0000000000037ac0                psSha1Final
 *fill*         0x0000000000037c3b        0x5 
 .text._sha256_compress
                0x0000000000037c40      0x4f1 ../../crypto/libcrypt_s.a(sha256.o)
 *fill*         0x0000000000038131        0xf 
 .text.psSha256Init
                0x0000000000038140       0x2d ../../crypto/libcrypt_s.a(sha256.o)
                0x0000000000038140                psSha256Init
 *fill*         0x000000000003816d        0x3 
 .text.psSha256Update
                0x0000000000038170       0xd1 ../../crypto/libcrypt_s.a(sha256.o)
                0x0000000000038170                psSha256Update
 *fill*         0x0000000000038241        0xf 
 .text.psSha256Final
                0x0000000000038250      0x1cb ../../crypto/libcrypt_s.a(sha256.o)
                0x0000000000038250                psSha256Final
 *fill*         0x000000000003841b        0x5 
 .text._sha512_compress
                0x0000000000038420      0xb90 ../../crypto/libcrypt_s.a(sha512.o)
 .text.psSha512Init
                0x0000000000038fb0       0x42 ../../crypto/libcrypt_s.a(sha512.o)
                0x0000000000038fb0                psSha512Init
 *fill*         0x0000000000038ff2        0xe 
 .text.psSha512Update
                0x0000000000039000      0x17d ../../crypto/libcrypt_s.a(sha512.o)
                0x0000000000039000                psSha512Update
 *fill*         0x000000000003917d        0x3 
 .text.psSha512Final
                0x0000000000039180      0x3f4 ../../crypto/libcrypt_s.a(sha512.o)
                0x0000000000039180                psSha512Final
 *fill*         0x0000000000039574        0xc 
 .text.psSha512Single
                0x0000000000039580       0xa2 ../../crypto/libcrypt_s.a(sha512.o)
                0x0000000000039580                psSha512Single
 *fill*         0x0000000000039622        0xe 
 .text.psSha384Init
                0x0000000000039630       0x42 ../../crypto/libcrypt_s.a(sha512.o)
                0x0000000000039630                psSha384Init
 *fill*         0x0000000000039672        0xe 
 .text.psSha384Update
                0x0000000000039680        0x9 ../../crypto/libcrypt_s.a(sha512.o)
                0x0000000000039680                psSha384Update
 *fill*         0x0000000000039689        0x7 
 .text.psSha384Final
                0x0000000000039690       0x64 ../../crypto/libcrypt_s.a(sha512.o)
                0x0000000000039690                psSha384Final
 *fill*         0x00000000000396f4        0xc 
 .text.psMd5Sha1Init
                0x0000000000039700       0x44 ../../crypto/libcrypt_s.a(md5sha1.o)
                0x0000000000039700                psMd5Sha1Init
 *fill*         0x0000000000039744        0xc 
 .text.psMd5Sha1Update
                0x0000000000039750       0x29 ../../crypto/libcrypt_s.a(md5sha1.o)
                0x0000000000039750                psMd5Sha1Update
 *fill*         0x0000000000039779        0x7 
 .text.psMd5Sha1Final
                0x0000000000039780       0x28 ../../crypto/libcrypt_s.a(md5sha1.o)
                0x0000000000039780                psMd5Sha1Final
 *fill*         0x00000000000397a8        0x8 
 .text._md5_compress
                0x00000000000397b0      0x7d1 ../../crypto/libcrypt_s.a(md5.o)
 *fill*         0x0000000000039f81        0xf 
 .text.psMd5Init
                0x0000000000039f90       0x21 ../../crypto/libcrypt_s.a(md5.o)
                0x0000000000039f90                psMd5Init
 *fill*         0x0000000000039fb1        0xf 
 .text.psMd5Update
                0x0000000000039fc0       0xb1 ../../crypto/libcrypt_s.a(md5.o)
                0x0000000000039fc0                psMd5Update
 *fill*         0x000000000003a071        0xf 
 .text.psMd5Final
                0x000000000003a080      0x13a ../../crypto/libcrypt_s.a(md5.o)
                0x000000000003a080                psMd5Final
 *fill*         0x000000000003a1ba        0x6 
 .text.psHmacInit
                0x000000000003a1c0      0xfbd ../../crypto/libcrypt_s.a(hmac.o)
                0x000000000003a1c0                psHmacInit
 *fill*         0x000000000003b17d        0x3 
 .text.psHmacUpdate
                0x000000000003b180       0x5a ../../crypto/libcrypt_s.a(hmac.o)
                0x000000000003b180                psHmacUpdate
 *fill*         0x000000000003b1da        0x6 
 .text.psHmacSingle
                0x000000000003b1e0     0x12ad ../../crypto/libcrypt_s.a(hmac.o)
                0x000000000003b1e0                psHmacSingle
 *fill*         0x000000000003c48d        0x3 
 .text.psHmacFinal
                0x000000000003c490      0x29d ../../crypto/libcrypt_s.a(hmac.o)
                0x000000000003c490                psHmacFinal
 *fill*         0x000000000003c72d        0x3 
 .text.psHmacMd5
                0x000000000003c730      0x4fb ../../crypto/libcrypt_s.a(hmac.o)
                0x000000000003c730                psHmacMd5
 *fill*         0x000000000003cc2b        0x5 
 .text.psHmacMd5Init
                0x000000000003cc30      0x422 ../../crypto/libcrypt_s.a(hmac.o)
                0x000000000003cc30                psHmacMd5Init
 *fill*         0x000000000003d052        0xe 
 .text.psHmacMd5Update
                0x000000000003d060        0xd ../../crypto/libcrypt_s.a(hmac.o)
                0x000000000003d060                psHmacMd5Update
 *fill*         0x000000000003d06d        0x3 
 .text.psHmacMd5Final
                0x000000000003d070       0xa4 ../../crypto/libcrypt_s.a(hmac.o)
                0x000000000003d070                psHmacMd5Final
 *fill*         0x000000000003d114        0xc 
 .text.psHmacSha1
                0x000000000003d120      0x4fb ../../crypto/libcrypt_s.a(hmac.o)
                0x000000000003d120                psHmacSha1
 *fill*         0x000000000003d61b        0x5 
 .text.psHmacSha1Init
                0x000000000003d620      0x422 ../../crypto/libcrypt_s.a(hmac.o)
                0x000000000003d620                psHmacSha1Init
 *fill*         0x000000000003da42        0xe 
 .text.psHmacSha1Update
                0x000000000003da50        0xd ../../crypto/libcrypt_s.a(hmac.o)
                0x000000000003da50                psHmacSha1Update
 *fill*         0x000000000003da5d        0x3 
 .text.psHmacSha1Final
                0x000000000003da60       0xa4 ../../crypto/libcrypt_s.a(hmac.o)
                0x000000000003da60                psHmacSha1Final
 *fill*         0x000000000003db04        0xc 
 .text.psHmacSha256
                0x000000000003db10      0x58f ../../crypto/libcrypt_s.a(hmac.o)
                0x000000000003db10                psHmacSha256
 *fill*         0x000000000003e09f        0x1 
 .text.psHmacSha256Init
                0x000000000003e0a0      0x422 ../../crypto/libcrypt_s.a(hmac.o)
                0x000000000003e0a0                psHmacSha256Init
 *fill*         0x000000000003e4c2        0xe 
 .text.psHmacSha256Update
                0x000000000003e4d0        0xd ../../crypto/libcrypt_s.a(hmac.o)
                0x000000000003e4d0                psHmacSha256Update
 *fill*         0x000000000003e4dd        0x3 
 .text.psHmacSha256Final
                0x000000000003e4e0       0xa4 ../../crypto/libcrypt_s.a(hmac.o)
                0x000000000003e4e0                psHmacSha256Final
 *fill*         0x000000000003e584        0xc 
 .text.psHmacSha384
                0x000000000003e590      0x627 ../../crypto/libcrypt_s.a(hmac.o)
                0x000000000003e590                psHmacSha384
 *fill*         0x000000000003ebb7        0x9 
 .text.psHmac   0x000000000003ebc0      0x106 ../../crypto/libcrypt_s.a(hmac.o)
                0x000000000003ebc0                psHmac
 *fill*         0x000000000003ecc6        0xa 
 .text.psHmacSha384Init
                0x000000000003ecd0      0x4c5 ../../crypto/libcrypt_s.a(hmac.o)
                0x000000000003ecd0                psHmacSha384Init
 *fill*         0x000000000003f195        0xb 
 .text.psHmacSha384Update
                0x000000000003f1a0        0xd ../../crypto/libcrypt_s.a(hmac.o)
                0x000000000003f1a0                psHmacSha384Update
 *fill*         0x000000000003f1ad        0x3 
 .text.psHmacSha384Final
                0x000000000003f1b0       0xbc ../../crypto/libcrypt_s.a(hmac.o)
                0x000000000003f1b0                psHmacSha384Final
 *fill*         0x000000000003f26c        0x4 
 .text.psHkdfExpand
                0x000000000003f270      0x2b0 ../../crypto/libcrypt_s.a(hkdf.o)
                0x000000000003f270                psHkdfExpand
 .text.psHkdfExtract
                0x000000000003f520       0x46 ../../crypto/libcrypt_s.a(hkdf.o)
                0x000000000003f520                psHkdfExtract
 *fill*         0x000000000003f566        0xa 
 .text.psHkdfExpandLabel
                0x000000000003f570      0x27c ../../crypto/libcrypt_s.a(hkdf.o)
                0x000000000003f570                psHkdfExpandLabel
 *fill*         0x000000000003f7ec        0x4 
 .text.psPemCheckOk
                0x000000000003f7f0      0x220 ../../crypto/libcrypt_s.a(pem_decode_mem.o)
                0x000000000003f7f0                psPemCheckOk
 .text.psPemDecode
                0x000000000003fa10      0x35b ../../crypto/libcrypt_s.a(pem_decode_mem.o)
                0x000000000003fa10                psPemDecode
 *fill*         0x000000000003fd6b        0x5 
 .text.psPemTryDecode
                0x000000000003fd70       0x7c ../../crypto/libcrypt_s.a(pem_decode_mem.o)
                0x000000000003fd70                psPemTryDecode
 *fill*         0x000000000003fdec        0x4 
 .text.psPemCertBufToList
                0x000000000003fdf0      0x2b6 ../../crypto/libcrypt_s.a(pem_decode_mem.o)
                0x000000000003fdf0                psPemCertBufToList
 *fill*         0x00000000000400a6        0xa 
 .text.pkcs_1_mgf1.constprop.0
                0x00000000000400b0      0x3e4 ../../crypto/libcrypt_s.a(pkcs.o)
 *fill*         0x0000000000040494        0xc 
 .text.pkcs1Pad
                0x00000000000404a0       0xb4 ../../crypto/libcrypt_s.a(pkcs.o)
                0x00000000000404a0                pkcs1Pad
 *fill*         0x0000000000040554        0xc 
 .text.pkcs1UnpadExt
                0x0000000000040560      0x20e ../../crypto/libcrypt_s.a(pkcs.o)
                0x0000000000040560                pkcs1UnpadExt
 *fill*         0x000000000004076e        0x2 
 .text.pkcs1Unpad
                0x0000000000040770      0x1dc ../../crypto/libcrypt_s.a(pkcs.o)
                0x0000000000040770                pkcs1Unpad
 *fill*         0x000000000004094c        0x4 
 .text.psPkcs5Pbkdf1
                0x0000000000040950      0x182 ../../crypto/libcrypt_s.a(pkcs.o)
                0x0000000000040950                psPkcs5Pbkdf1
 *fill*         0x0000000000040ad2        0xe 